--------- beginning of main
06-06 10:32:37.100 24551 24551 W MototwinNet: phase=networkState transports=wifi validated=true internet=true t=1780731157100
06-06 10:32:37.760 24551 24586 W ReactNativeJS: '[AUDIT][H8][auth_gate_start]', '{"sessionId":"577880","runId":"audit-v4","hypothesisId":"H8","location":"apps/app/app/_layout.tsx:49","message":"auth_gate_start","data":{"segments":[]},"timestamp":1780731157760}'
06-06 10:32:37.767 24551 24586 W ReactNativeJS: '[AUDIT][H3][route_segments_changed]', '{"sessionId":"577880","runId":"audit-v2","hypothesisId":"H3","location":"apps/app/app/_layout.tsx:90","message":"route_segments_changed","data":{"segments":[]},"timestamp":1780731157767}'
06-06 10:32:37.936 24551 24586 W ReactNativeJS: '[AUDIT][H8][auth_gate_done]', '{"sessionId":"577880","runId":"audit-v7","hypothesisId":"H8","location":"apps/app/app/_layout.tsx:108","message":"auth_gate_done","data":{"hasTokens":true,"ok":true,"onLogin":false,"isPublic":false,"durationMs":176,"mode":"tokens_unblocked","segments":[]},"timestamp":1780731157936}'
06-06 10:32:37.936 24551 24586 W ReactNativeJS: '[AUDIT][H9][refresh_if_needed_enter]', '{"sessionId":"577880","runId":"audit-v4","hypothesisId":"H9","location":"apps/app/src/create-mobile-api-client.ts:81","message":"refresh_if_needed_enter","data":{"hasRefreshInFlight":false},"timestamp":1780731157936}'
06-06 10:32:37.936 24551 24586 W ReactNativeJS: '[AUDIT][H9][refresh_enter]', '{"sessionId":"577880","runId":"audit-v5","hypothesisId":"H9","location":"apps/app/src/create-mobile-api-client.ts:106","message":"refresh_enter","data":{},"timestamp":1780731157936}'
06-06 10:32:37.936 24551 24586 W ReactNativeJS: '[AUDIT][H9][refresh_tokens_read]', '{"sessionId":"577880","runId":"audit-v5","hypothesisId":"H9","location":"apps/app/src/create-mobile-api-client.ts:120","message":"refresh_tokens_read","data":{"hasTokens":true,"durationMs":0},"timestamp":1780731157936}'
06-06 10:32:37.937 24551 24586 W ReactNativeJS: '[AUDIT][H9][refresh_skipped_not_expiring]', '{"sessionId":"577880","runId":"audit-v4","hypothesisId":"H9","location":"apps/app/src/create-mobile-api-client.ts:123","message":"refresh_skipped_not_expiring","data":{"expiresInMs":461132},"timestamp":1780731157936}'
06-06 10:32:37.937 24551 24586 W ReactNativeJS: '[AUDIT][H8][auth_gate_refresh_result]', '{"sessionId":"577880","runId":"audit-v7","hypothesisId":"H8","location":"apps/app/app/_layout.tsx:134","message":"auth_gate_refresh_result","data":{"ok":true,"isPublic":false,"segments":[]},"timestamp":1780731157937}'
06-06 10:32:37.937 24551 24586 W ReactNativeJS: '[AUDIT][H18][auth_gate_warmup_start]', '{"sessionId":"577880","runId":"audit-v11","hypothesisId":"H18","location":"apps/app/app/_layout.tsx:143","message":"auth_gate_warmup_start","data":{"isPublic":false,"segments":[]},"timestamp":1780731157937}'
06-06 10:32:37.938 24551 24586 W ReactNativeJS: '[AUDIT][H12][api_request_target]', '{"sessionId":"577880","runId":"audit-v2","hypothesisId":"H12","location":"packages/api-client/src/fetcher.ts:221","message":"api_request_target","data":{"path":"/api/auth/me","fullUrl":"https://mototwin.online/api/auth/me","baseUrl":"https://mototwin.online","credentials":"omit","hasAuthHeader":true,"isMobileClient":true,"maxAttempts":1},"timestamp":1780731157937}'
06-06 10:32:37.938 24551 24586 W ReactNativeJS: '[AUDIT][H2][api_request_start]', '{"sessionId":"577880","runId":"audit-v2","hypothesisId":"H2","location":"packages/api-client/src/fetcher.ts:221","message":"api_request_start","data":{"path":"/api/auth/me","method":"GET","timeoutMs":7000,"hasSchedulerSignal":false},"timestamp":1780731157938}'
06-06 10:32:37.944 24551 24587 W MototwinNet: phase=callStart url=https://mototwin.online/api/auth/me t=1780731157944
06-06 10:32:37.947 24551 24602 W MototwinNet: phase=dnsStart url=https://mototwin.online/api/auth/me domain=mototwin.online t=1780731157947
06-06 10:32:37.949 24551 24602 W MototwinNet: phase=dnsEnd url=https://mototwin.online/api/auth/me domain=mototwin.online addresses=mototwin.online/195.24.71.143 t=1780731157949
06-06 10:32:37.950 24551 24602 W MototwinNet: phase=connectStart url=https://mototwin.online/api/auth/me address=mototwin.online/195.24.71.143:443 proxy=DIRECT t=1780731157950
06-06 10:32:37.958 24551 24602 W MototwinNet: phase=secureConnectStart url=https://mototwin.online/api/auth/me t=1780731157958
06-06 10:32:37.995 24551 24602 W MototwinNet: phase=secureConnectEnd url=https://mototwin.online/api/auth/me tls=TLS_1_3 cipher=TLS_AES_128_GCM_SHA256 t=1780731157995
06-06 10:32:37.995 24551 24602 W MototwinNet: phase=connectEnd url=https://mototwin.online/api/auth/me address=mototwin.online/195.24.71.143:443 proxy=DIRECT protocol=http/1.1 t=1780731157995
06-06 10:32:37.995 24551 24602 W MototwinNet: phase=connectionAcquired url=https://mototwin.online/api/auth/me route=Route{mototwin.online/195.24.71.143:443} protocol=http/1.1 t=1780731157995
06-06 10:32:37.996 24551 24602 W MototwinNet: phase=requestHeadersStart url=https://mototwin.online/api/auth/me t=1780731157996
06-06 10:32:37.996 24551 24602 W MototwinNet: phase=requestHeadersEnd url=https://mototwin.online/api/auth/me t=1780731157996
06-06 10:32:38.028 24551 24602 W MototwinNet: phase=responseHeadersStart url=https://mototwin.online/api/auth/me t=1780731158028
06-06 10:32:38.028 24551 24602 W MototwinNet: phase=responseHeadersEnd url=https://mototwin.online/api/auth/me t=1780731158028
06-06 10:32:38.031 24551 24602 W MototwinNet: phase=callEnd url=https://mototwin.online/api/auth/me t=1780731158031
06-06 10:32:38.045 24551 24586 W ReactNativeJS: '[AUDIT][H2][api_request_ok]', '{"sessionId":"577880","runId":"audit-v2","hypothesisId":"H2","location":"packages/api-client/src/fetcher.ts:257","message":"api_request_ok","data":{"path":"/api/auth/me","method":"GET","status":200,"durationMs":107},"timestamp":1780731158044}'
06-06 10:32:38.047 24551 24586 W ReactNativeJS: '[AUDIT][H18][auth_gate_warmup_ok]', '{"sessionId":"577880","runId":"audit-v11","hypothesisId":"H18","location":"apps/app/app/_layout.tsx:159","message":"auth_gate_warmup_ok","data":{"durationMs":110,"isPublic":false,"segments":[]},"timestamp":1780731158047}'
06-06 10:32:38.184 24551 24586 W ReactNativeJS: '[AUDIT][H3][route_segments_changed]', '{"sessionId":"577880","runId":"audit-v2","hypothesisId":"H3","location":"apps/app/app/_layout.tsx:90","message":"route_segments_changed","data":{"segments":[]},"timestamp":1780731158184}'
06-06 10:32:39.337 24551 24586 W ReactNativeJS: '[AUDIT][H8][garage_focus_enter]', '{"sessionId":"577880","runId":"audit-v4","hypothesisId":"H8","location":"apps/app/app/garage.tsx:174","message":"garage_focus_enter","data":{"seq":0,"hasLoadedOnce":false},"timestamp":1780731159337}'
06-06 10:32:39.337 24551 24586 W ReactNativeJS: '[AUDIT][H7][garage_load_start]', '{"sessionId":"577880","runId":"audit-v3","hypothesisId":"H7","location":"apps/app/app/garage.tsx:68","message":"garage_load_start","data":{"seq":1,"showBlockingSpinner":true,"hasLoadedOnce":false},"timestamp":1780731159337}'
06-06 10:32:39.338 24551 24586 W ReactNativeJS: '[AUDIT][H1][scheduler_cancel_low_priority]', '{"sessionId":"577880","runId":"audit-v2","hypothesisId":"H1","location":"apps/app/src/mobile-api-scheduler.ts:118","message":"scheduler_cancel_low_priority","data":{"runningLowPriority":0,"lowQueuedCount":0,"queueLength":0,"running":0},"timestamp":1780731159337}'
06-06 10:32:39.338 24551 24586 W ReactNativeJS: '[AUDIT][H12][mobile_api_client_created]', '{"sessionId":"577880","runId":"audit-v9","hypothesisId":"H12","location":"apps/app/src/create-mobile-api-client.ts:39","message":"mobile_api_client_created","data":{"baseUrl":"https://mototwin.online"},"timestamp":1780731159338}'
06-06 10:32:39.338 24551 24586 W ReactNativeJS: '[AUDIT][H1][scheduler_enqueue]', '{"sessionId":"577880","runId":"audit-v2","hypothesisId":"H1","location":"apps/app/src/mobile-api-scheduler.ts:78","message":"scheduler_enqueue","data":{"priority":"high","pathHint":"/api/garage","queueLength":1,"running":0},"timestamp":1780731159338}'
06-06 10:32:39.338 24551 24586 W ReactNativeJS: '[AUDIT][H1][scheduler_start_task]', '{"sessionId":"577880","runId":"audit-v2","hypothesisId":"H1","location":"apps/app/src/mobile-api-scheduler.ts:40","message":"scheduler_start_task","data":{"priority":"high","pathHint":"/api/garage","queueLength":0,"running":1},"timestamp":1780731159338}'
06-06 10:32:39.339 24551 24586 W ReactNativeJS: '[AUDIT][H3][route_segments_changed]', '{"sessionId":"577880","runId":"audit-v2","hypothesisId":"H3","location":"apps/app/app/_layout.tsx:90","message":"route_segments_changed","data":{"segments":["garage"]},"timestamp":1780731159338}'
06-06 10:32:39.339 24551 24586 W ReactNativeJS: '[AUDIT][H12][api_request_target]', '{"sessionId":"577880","runId":"audit-v2","hypothesisId":"H12","location":"packages/api-client/src/fetcher.ts:221","message":"api_request_target","data":{"path":"/api/garage","fullUrl":"https://mototwin.online/api/garage","baseUrl":"https://mototwin.online","credentials":"omit","hasAuthHeader":true,"isMobileClient":true,"maxAttempts":5},"timestamp":1780731159339}'
06-06 10:32:39.339 24551 24586 W ReactNativeJS: '[AUDIT][H2][api_request_start]', '{"sessionId":"577880","runId":"audit-v2","hypothesisId":"H2","location":"packages/api-client/src/fetcher.ts:221","message":"api_request_start","data":{"path":"/api/garage","method":"GET","timeoutMs":7000,"hasSchedulerSignal":true},"timestamp":1780731159339}'
06-06 10:32:39.341 24551 24586 W ReactNativeJS: '[AUDIT][H8][garage_app_state]', '{"sessionId":"577880","runId":"audit-v4","hypothesisId":"H8","location":"apps/app/app/garage.tsx:205","message":"garage_app_state","data":{"nextState":"active"},"timestamp":1780731159341}'
06-06 10:32:39.341 24551 24587 W MototwinNet: phase=callStart url=https://mototwin.online/api/garage t=1780731159341
06-06 10:32:39.342 24551 24602 W MototwinNet: phase=connectionAcquired url=https://mototwin.online/api/garage route=Route{mototwin.online/195.24.71.143:443} protocol=http/1.1 t=1780731159342
06-06 10:32:39.342 24551 24602 W MototwinNet: phase=requestHeadersStart url=https://mototwin.online/api/garage t=1780731159342
06-06 10:32:39.342 24551 24602 W MototwinNet: phase=requestHeadersEnd url=https://mototwin.online/api/garage t=1780731159342
06-06 10:32:39.377 24551 24602 W MototwinNet: phase=responseHeadersStart url=https://mototwin.online/api/garage t=1780731159377
06-06 10:32:39.377 24551 24602 W MototwinNet: phase=responseHeadersEnd url=https://mototwin.online/api/garage t=1780731159377
06-06 10:32:39.378 24551 24602 W MototwinNet: phase=callEnd url=https://mototwin.online/api/garage t=1780731159378
06-06 10:32:39.390 24551 24586 W ReactNativeJS: '[AUDIT][H2][api_request_ok]', '{"sessionId":"577880","runId":"audit-v2","hypothesisId":"H2","location":"packages/api-client/src/fetcher.ts:257","message":"api_request_ok","data":{"path":"/api/garage","method":"GET","status":200,"durationMs":52},"timestamp":1780731159390}'
06-06 10:32:39.394 24551 24586 W ReactNativeJS: '[AUDIT][H1][scheduler_enqueue]', '{"sessionId":"577880","runId":"audit-v2","hypothesisId":"H1","location":"apps/app/src/mobile-api-scheduler.ts:78","message":"scheduler_enqueue","data":{"priority":"high","pathHint":"/api/vehicles/trash","queueLength":1,"running":1},"timestamp":1780731159393}'
06-06 10:32:39.394 24551 24586 W ReactNativeJS: '[AUDIT][H1][scheduler_start_task]', '{"sessionId":"577880","runId":"audit-v2","hypothesisId":"H1","location":"apps/app/src/mobile-api-scheduler.ts:40","message":"scheduler_start_task","data":{"priority":"high","pathHint":"/api/vehicles/trash","queueLength":0,"running":2},"timestamp":1780731159394}'
06-06 10:32:39.394 24551 24586 W ReactNativeJS: '[AUDIT][H1][scheduler_enqueue]', '{"sessionId":"577880","runId":"audit-v2","hypothesisId":"H1","location":"apps/app/src/mobile-api-scheduler.ts:78","message":"scheduler_enqueue","data":{"priority":"normal","pathHint":"/api/notifications?limit=1","queueLength":1,"running":2},"timestamp":1780731159394}'
06-06 10:32:39.394 24551 24586 W ReactNativeJS: '[AUDIT][H1][scheduler_enqueue]', '{"sessionId":"577880","runId":"audit-v2","hypothesisId":"H1","location":"apps/app/src/mobile-api-scheduler.ts:78","message":"scheduler_enqueue","data":{"priority":"normal","pathHint":"/api/subscription/current","queueLength":2,"running":2},"timestamp":1780731159394}'
06-06 10:32:39.395 24551 24586 W ReactNativeJS: '[AUDIT][H1][scheduler_start_task]', '{"sessionId":"577880","runId":"audit-v2","hypothesisId":"H1","location":"apps/app/src/mobile-api-scheduler.ts:40","message":"scheduler_start_task","data":{"priority":"normal","pathHint":"/api/notifications?limit=1","queueLength":1,"running":2},"timestamp":1780731159395}'
06-06 10:32:39.395 24551 24586 W ReactNativeJS: '[AUDIT][H12][api_request_target]', '{"sessionId":"577880","runId":"audit-v2","hypothesisId":"H12","location":"packages/api-client/src/fetcher.ts:221","message":"api_request_target","data":{"path":"/api/vehicles/trash","fullUrl":"https://mototwin.online/api/vehicles/trash","baseUrl":"https://mototwin.online","credentials":"omit","hasAuthHeader":true,"isMobileClient":true,"maxAttempts":5},"timestamp":1780731159395}'
06-06 10:32:39.395 24551 24586 W ReactNativeJS: '[AUDIT][H2][api_request_start]', '{"sessionId":"577880","runId":"audit-v2","hypothesisId":"H2","location":"packages/api-client/src/fetcher.ts:221","message":"api_request_start","data":{"path":"/api/vehicles/trash","method":"GET","timeoutMs":7000,"hasSchedulerSignal":true},"timestamp":1780731159395}'
06-06 10:32:39.398 24551 24587 W MototwinNet: phase=callStart url=https://mototwin.online/api/vehicles/trash t=1780731159398
06-06 10:32:39.398 24551 24586 W ReactNativeJS: '[AUDIT][H12][api_request_target]', '{"sessionId":"577880","runId":"audit-v2","hypothesisId":"H12","location":"packages/api-client/src/fetcher.ts:221","message":"api_request_target","data":{"path":"/api/notifications?limit=1","fullUrl":"https://mototwin.online/api/notifications?limit=1","baseUrl":"https://mototwin.online","credentials":"omit","hasAuthHeader":true,"isMobileClient":true,"maxAttempts":5},"timestamp":1780731159398}'
06-06 10:32:39.398 24551 24586 W ReactNativeJS: '[AUDIT][H2][api_request_start]', '{"sessionId":"577880","runId":"audit-v2","hypothesisId":"H2","location":"packages/api-client/src/fetcher.ts:221","message":"api_request_start","data":{"path":"/api/notifications?limit=1","method":"GET","timeoutMs":7000,"hasSchedulerSignal":true},"timestamp":1780731159398}'
06-06 10:32:39.399 24551 24602 W MototwinNet: phase=connectionAcquired url=https://mototwin.online/api/vehicles/trash route=Route{mototwin.online/195.24.71.143:443} protocol=http/1.1 t=1780731159398
06-06 10:32:39.399 24551 24602 W MototwinNet: phase=requestHeadersStart url=https://mototwin.online/api/vehicles/trash t=1780731159399
06-06 10:32:39.399 24551 24602 W MototwinNet: phase=requestHeadersEnd url=https://mototwin.online/api/vehicles/trash t=1780731159399
06-06 10:32:39.400 24551 24587 W MototwinNet: phase=callStart url=https://mototwin.online/api/notifications?limit=1 t=1780731159400
06-06 10:32:39.403 24551 24617 W MototwinNet: phase=dnsStart url=https://mototwin.online/api/notifications?limit=1 domain=mototwin.online t=1780731159403
06-06 10:32:39.403 24551 24617 W MototwinNet: phase=dnsEnd url=https://mototwin.online/api/notifications?limit=1 domain=mototwin.online addresses=mototwin.online/195.24.71.143 t=1780731159403
06-06 10:32:39.404 24551 24617 W MototwinNet: phase=connectStart url=https://mototwin.online/api/notifications?limit=1 address=mototwin.online/195.24.71.143:443 proxy=DIRECT t=1780731159404
06-06 10:32:39.417 24551 24617 W MototwinNet: phase=secureConnectStart url=https://mototwin.online/api/notifications?limit=1 t=1780731159416
06-06 10:32:39.418 24551 24602 W MototwinNet: phase=responseHeadersStart url=https://mototwin.online/api/vehicles/trash t=1780731159418
06-06 10:32:39.419 24551 24602 W MototwinNet: phase=responseHeadersEnd url=https://mototwin.online/api/vehicles/trash t=1780731159419
06-06 10:32:39.420 24551 24602 W MototwinNet: phase=callEnd url=https://mototwin.online/api/vehicles/trash t=1780731159420
06-06 10:32:39.685 24551 24586 W ReactNativeJS: '[AUDIT][H2][api_request_ok]', '{"sessionId":"577880","runId":"audit-v2","hypothesisId":"H2","location":"packages/api-client/src/fetcher.ts:257","message":"api_request_ok","data":{"path":"/api/vehicles/trash","method":"GET","status":200,"durationMs":291},"timestamp":1780731159685}'
06-06 10:32:39.688 24551 24586 W ReactNativeJS: '[AUDIT][H1][scheduler_start_task]', '{"sessionId":"577880","runId":"audit-v2","hypothesisId":"H1","location":"apps/app/src/mobile-api-scheduler.ts:40","message":"scheduler_start_task","data":{"priority":"normal","pathHint":"/api/subscription/current","queueLength":0,"running":2},"timestamp":1780731159688}'
06-06 10:32:39.689 24551 24586 W ReactNativeJS: '[AUDIT][H12][api_request_target]', '{"sessionId":"577880","runId":"audit-v2","hypothesisId":"H12","location":"packages/api-client/src/fetcher.ts:221","message":"api_request_target","data":{"path":"/api/subscription/current","fullUrl":"https://mototwin.online/api/subscription/current","baseUrl":"https://mototwin.online","credentials":"omit","hasAuthHeader":true,"isMobileClient":true,"maxAttempts":5},"timestamp":1780731159688}'
06-06 10:32:39.689 24551 24586 W ReactNativeJS: '[AUDIT][H2][api_request_start]', '{"sessionId":"577880","runId":"audit-v2","hypothesisId":"H2","location":"packages/api-client/src/fetcher.ts:221","message":"api_request_start","data":{"path":"/api/subscription/current","method":"GET","timeoutMs":7000,"hasSchedulerSignal":true},"timestamp":1780731159689}'
06-06 10:32:39.692 24551 24587 W MototwinNet: phase=callStart url=https://mototwin.online/api/subscription/current t=1780731159692
06-06 10:32:39.693 24551 24602 W MototwinNet: phase=connectionAcquired url=https://mototwin.online/api/subscription/current route=Route{mototwin.online/195.24.71.143:443} protocol=http/1.1 t=1780731159693
06-06 10:32:39.694 24551 24602 W MototwinNet: phase=requestHeadersStart url=https://mototwin.online/api/subscription/current t=1780731159694
06-06 10:32:39.694 24551 24602 W MototwinNet: phase=requestHeadersEnd url=https://mototwin.online/api/subscription/current t=1780731159694
06-06 10:32:39.711 24551 24602 W MototwinNet: phase=responseHeadersStart url=https://mototwin.online/api/subscription/current t=1780731159711
06-06 10:32:39.711 24551 24602 W MototwinNet: phase=responseHeadersEnd url=https://mototwin.online/api/subscription/current t=1780731159711
06-06 10:32:39.712 24551 24602 W MototwinNet: phase=callEnd url=https://mototwin.online/api/subscription/current t=1780731159712
06-06 10:32:39.720 24551 24586 W ReactNativeJS: '[AUDIT][H2][api_request_ok]', '{"sessionId":"577880","runId":"audit-v2","hypothesisId":"H2","location":"packages/api-client/src/fetcher.ts:257","message":"api_request_ok","data":{"path":"/api/subscription/current","method":"GET","status":200,"durationMs":32},"timestamp":1780731159720}'
06-06 10:32:41.120 24551 24586 W ReactNativeJS: '[AUDIT][H1][scheduler_cancel_low_priority]', '{"sessionId":"577880","runId":"audit-v2","hypothesisId":"H1","location":"apps/app/src/mobile-api-scheduler.ts:118","message":"scheduler_cancel_low_priority","data":{"runningLowPriority":0,"lowQueuedCount":0,"queueLength":0,"running":1},"timestamp":1780731161119}'
06-06 10:32:41.228 24551 24586 W ReactNativeJS: '[AUDIT][H12][mobile_api_client_created]', '{"sessionId":"577880","runId":"audit-v9","hypothesisId":"H12","location":"apps/app/src/create-mobile-api-client.ts:39","message":"mobile_api_client_created","data":{"baseUrl":"https://mototwin.online"},"timestamp":1780731161228}'
06-06 10:32:41.229 24551 24586 W ReactNativeJS: '[AUDIT][H1][scheduler_enqueue]', '{"sessionId":"577880","runId":"audit-v2","hypothesisId":"H1","location":"apps/app/src/mobile-api-scheduler.ts:78","message":"scheduler_enqueue","data":{"priority":"normal","pathHint":"/api/subscription/current","queueLength":1,"running":1},"timestamp":1780731161228}'
06-06 10:32:41.229 24551 24586 W ReactNativeJS: '[AUDIT][H1][scheduler_start_task]', '{"sessionId":"577880","runId":"audit-v2","hypothesisId":"H1","location":"apps/app/src/mobile-api-scheduler.ts:40","message":"scheduler_start_task","data":{"priority":"normal","pathHint":"/api/subscription/current","queueLength":0,"running":2},"timestamp":1780731161229}'
06-06 10:32:41.229 24551 24586 W ReactNativeJS: '[AUDIT][H8][garage_focus_leave]', '{"sessionId":"577880","runId":"audit-v4","hypothesisId":"H8","location":"apps/app/app/garage.tsx:189","message":"garage_focus_leave","data":{"seq":1},"timestamp":1780731161229}'
06-06 10:32:41.252 24551 24586 W ReactNativeJS: '[AUDIT][H10][vehicle_load_start]', '{"sessionId":"577880","runId":"audit-v6","hypothesisId":"H10","location":"apps/app/app/vehicles/[id]/index.tsx:884","message":"vehicle_load_start","data":{"vehicleId":"cmpmggmg900001g9k874bic25","seq":1,"isInitialLoad":true},"timestamp":1780731161252}'
06-06 10:32:41.253 24551 24586 W ReactNativeJS: '[AUDIT][H1][scheduler_cancel_low_priority]', '{"sessionId":"577880","runId":"audit-v2","hypothesisId":"H1","location":"apps/app/src/mobile-api-scheduler.ts:118","message":"scheduler_cancel_low_priority","data":{"runningLowPriority":0,"lowQueuedCount":0,"queueLength":0,"running":2},"timestamp":1780731161253}'
06-06 10:32:41.253 24551 24586 W ReactNativeJS: '[AUDIT][H12][mobile_api_client_created]', '{"sessionId":"577880","runId":"audit-v9","hypothesisId":"H12","location":"apps/app/src/create-mobile-api-client.ts:39","message":"mobile_api_client_created","data":{"baseUrl":"https://mototwin.online"},"timestamp":1780731161253}'
06-06 10:32:41.253 24551 24586 W ReactNativeJS: '[AUDIT][H1][scheduler_enqueue]', '{"sessionId":"577880","runId":"audit-v2","hypothesisId":"H1","location":"apps/app/src/mobile-api-scheduler.ts:78","message":"scheduler_enqueue","data":{"priority":"high","pathHint":"/api/vehicles/cmpmggmg900001g9k874bic25","queueLength":1,"running":2},"timestamp":1780731161253}'
06-06 10:32:41.254 24551 24586 W ReactNativeJS: '[AUDIT][H3][route_segments_changed]', '{"sessionId":"577880","runId":"audit-v2","hypothesisId":"H3","location":"apps/app/app/_layout.tsx:90","message":"route_segments_changed","data":{"segments":["vehicles","[id]"]},"timestamp":1780731161253}'
06-06 10:32:41.254 24551 24586 W ReactNativeJS: '[AUDIT][H12][api_request_target]', '{"sessionId":"577880","runId":"audit-v2","hypothesisId":"H12","location":"packages/api-client/src/fetcher.ts:221","message":"api_request_target","data":{"path":"/api/subscription/current","fullUrl":"https://mototwin.online/api/subscription/current","baseUrl":"https://mototwin.online","credentials":"omit","hasAuthHeader":true,"isMobileClient":true,"maxAttempts":5},"timestamp":1780731161254}'
06-06 10:32:41.254 24551 24586 W ReactNativeJS: '[AUDIT][H2][api_request_start]', '{"sessionId":"577880","runId":"audit-v2","hypothesisId":"H2","location":"packages/api-client/src/fetcher.ts:221","message":"api_request_start","data":{"path":"/api/subscription/current","method":"GET","timeoutMs":7000,"hasSchedulerSignal":true},"timestamp":1780731161254}'
06-06 10:32:41.256 24551 24587 W MototwinNet: phase=callStart url=https://mototwin.online/api/subscription/current t=1780731161256
06-06 10:32:41.257 24551 24602 W MototwinNet: phase=connectionAcquired url=https://mototwin.online/api/subscription/current route=Route{mototwin.online/195.24.71.143:443} protocol=http/1.1 t=1780731161257
06-06 10:32:41.257 24551 24602 W MototwinNet: phase=requestHeadersStart url=https://mototwin.online/api/subscription/current t=1780731161257
06-06 10:32:41.257 24551 24602 W MototwinNet: phase=requestHeadersEnd url=https://mototwin.online/api/subscription/current t=1780731161257
06-06 10:32:41.272 24551 24602 W MototwinNet: phase=responseHeadersStart url=https://mototwin.online/api/subscription/current t=1780731161272
06-06 10:32:41.272 24551 24602 W MototwinNet: phase=responseHeadersEnd url=https://mototwin.online/api/subscription/current t=1780731161272
06-06 10:32:41.276 24551 24602 W MototwinNet: phase=callEnd url=https://mototwin.online/api/subscription/current t=1780731161276
06-06 10:32:41.288 24551 24586 W ReactNativeJS: '[AUDIT][H2][api_request_ok]', '{"sessionId":"577880","runId":"audit-v2","hypothesisId":"H2","location":"packages/api-client/src/fetcher.ts:257","message":"api_request_ok","data":{"path":"/api/subscription/current","method":"GET","status":200,"durationMs":59},"timestamp":1780731161288}'
06-06 10:32:41.290 24551 24586 W ReactNativeJS: '[AUDIT][H1][scheduler_start_task]', '{"sessionId":"577880","runId":"audit-v2","hypothesisId":"H1","location":"apps/app/src/mobile-api-scheduler.ts:40","message":"scheduler_start_task","data":{"priority":"high","pathHint":"/api/vehicles/cmpmggmg900001g9k874bic25","queueLength":0,"running":2},"timestamp":1780731161290}'
06-06 10:32:41.291 24551 24586 W ReactNativeJS: '[AUDIT][H12][api_request_target]', '{"sessionId":"577880","runId":"audit-v2","hypothesisId":"H12","location":"packages/api-client/src/fetcher.ts:221","message":"api_request_target","data":{"path":"/api/vehicles/cmpmggmg900001g9k874bic25","fullUrl":"https://mototwin.online/api/vehicles/cmpmggmg900001g9k874bic25","baseUrl":"https://mototwin.online","credentials":"omit","hasAuthHeader":true,"isMobileClient":true,"maxAttempts":5},"timestamp":1780731161290}'
06-06 10:32:41.291 24551 24586 W ReactNativeJS: '[AUDIT][H2][api_request_start]', '{"sessionId":"577880","runId":"audit-v2","hypothesisId":"H2","location":"packages/api-client/src/fetcher.ts:221","message":"api_request_start","data":{"path":"/api/vehicles/cmpmggmg900001g9k874bic25","method":"GET","timeoutMs":7000,"hasSchedulerSignal":true},"timestamp":1780731161291}'
06-06 10:32:41.294 24551 24587 W MototwinNet: phase=callStart url=https://mototwin.online/api/vehicles/cmpmggmg900001g9k874bic25 t=1780731161294
06-06 10:32:41.296 24551 24602 W MototwinNet: phase=connectionAcquired url=https://mototwin.online/api/vehicles/cmpmggmg900001g9k874bic25 route=Route{mototwin.online/195.24.71.143:443} protocol=http/1.1 t=1780731161295
06-06 10:32:41.296 24551 24602 W MototwinNet: phase=requestHeadersStart url=https://mototwin.online/api/vehicles/cmpmggmg900001g9k874bic25 t=1780731161296
06-06 10:32:41.296 24551 24602 W MototwinNet: phase=requestHeadersEnd url=https://mototwin.online/api/vehicles/cmpmggmg900001g9k874bic25 t=1780731161296
06-06 10:32:41.315 24551 24602 W MototwinNet: phase=responseHeadersStart url=https://mototwin.online/api/vehicles/cmpmggmg900001g9k874bic25 t=1780731161315
06-06 10:32:41.315 24551 24602 W MototwinNet: phase=responseHeadersEnd url=https://mototwin.online/api/vehicles/cmpmggmg900001g9k874bic25 t=1780731161315
06-06 10:32:41.316 24551 24602 W MototwinNet: phase=callEnd url=https://mototwin.online/api/vehicles/cmpmggmg900001g9k874bic25 t=1780731161316
06-06 10:32:41.335 24551 24586 W ReactNativeJS: '[AUDIT][H2][api_request_ok]', '{"sessionId":"577880","runId":"audit-v2","hypothesisId":"H2","location":"packages/api-client/src/fetcher.ts:257","message":"api_request_ok","data":{"path":"/api/vehicles/cmpmggmg900001g9k874bic25","method":"GET","status":200,"durationMs":45},"timestamp":1780731161335}'
06-06 10:32:41.340 24551 24586 W ReactNativeJS: '[AUDIT][H10][vehicle_load_ok]', '{"sessionId":"577880","runId":"audit-v6","hypothesisId":"H10","location":"apps/app/app/vehicles/[id]/index.tsx:980","message":"vehicle_load_ok","data":{"vehicleId":"cmpmggmg900001g9k874bic25","seq":1,"isInitialLoad":true,"hasVehicle":true},"timestamp":1780731161340}'
06-06 10:32:41.340 24551 24586 W ReactNativeJS: '[AUDIT][H1][scheduler_enqueue]', '{"sessionId":"577880","runId":"audit-v2","hypothesisId":"H1","location":"apps/app/src/mobile-api-scheduler.ts:78","message":"scheduler_enqueue","data":{"priority":"low","pathHint":"/api/vehicles/cmpmggmg900001g9k874bic25/node-tree","queueLength":1,"running":1},"timestamp":1780731161340}'
06-06 10:32:41.340 24551 24586 W ReactNativeJS: '[AUDIT][H1][scheduler_start_task]', '{"sessionId":"577880","runId":"audit-v2","hypothesisId":"H1","location":"apps/app/src/mobile-api-scheduler.ts:40","message":"scheduler_start_task","data":{"priority":"low","pathHint":"/api/vehicles/cmpmggmg900001g9k874bic25/node-tree","queueLength":0,"running":2},"timestamp":1780731161340}'
06-06 10:32:41.341 24551 24586 W ReactNativeJS: '[AUDIT][H1][scheduler_enqueue]', '{"sessionId":"577880","runId":"audit-v2","hypothesisId":"H1","location":"apps/app/src/mobile-api-scheduler.ts:78","message":"scheduler_enqueue","data":{"priority":"normal","pathHint":"/api/vehicles/cmpmggmg900001g9k874bic25/service-events","queueLength":1,"running":2},"timestamp":1780731161341}'
06-06 10:32:41.341 24551 24586 W ReactNativeJS: '[AUDIT][H12][api_request_target]', '{"sessionId":"577880","runId":"audit-v2","hypothesisId":"H12","location":"packages/api-client/src/fetcher.ts:221","message":"api_request_target","data":{"path":"/api/vehicles/cmpmggmg900001g9k874bic25/node-tree","fullUrl":"https://mototwin.online/api/vehicles/cmpmggmg900001g9k874bic25/node-tree","baseUrl":"https://mototwin.online","credentials":"omit","hasAuthHeader":true,"isMobileClient":true,"maxAttempts":5},"timestamp":1780731161341}'
06-06 10:32:41.341 24551 24586 W ReactNativeJS: '[AUDIT][H2][api_request_start]', '{"sessionId":"577880","runId":"audit-v2","hypothesisId":"H2","location":"packages/api-client/src/fetcher.ts:221","message":"api_request_start","data":{"path":"/api/vehicles/cmpmggmg900001g9k874bic25/node-tree","method":"GET","timeoutMs":7000,"hasSchedulerSignal":true},"timestamp":1780731161341}'
06-06 10:32:41.344 24551 24587 W MototwinNet: phase=callStart url=https://mototwin.online/api/vehicles/cmpmggmg900001g9k874bic25/node-tree t=1780731161344
06-06 10:32:41.345 24551 24602 W MototwinNet: phase=connectionAcquired url=https://mototwin.online/api/vehicles/cmpmggmg900001g9k874bic25/node-tree route=Route{mototwin.online/195.24.71.143:443} protocol=http/1.1 t=1780731161345
06-06 10:32:41.345 24551 24602 W MototwinNet: phase=requestHeadersStart url=https://mototwin.online/api/vehicles/cmpmggmg900001g9k874bic25/node-tree t=1780731161345
06-06 10:32:41.345 24551 24602 W MototwinNet: phase=requestHeadersEnd url=https://mototwin.online/api/vehicles/cmpmggmg900001g9k874bic25/node-tree t=1780731161345
06-06 10:32:41.380 24551 24602 W MototwinNet: phase=responseHeadersStart url=https://mototwin.online/api/vehicles/cmpmggmg900001g9k874bic25/node-tree t=1780731161380
06-06 10:32:41.380 24551 24602 W MototwinNet: phase=responseHeadersEnd url=https://mototwin.online/api/vehicles/cmpmggmg900001g9k874bic25/node-tree t=1780731161380
06-06 10:32:41.388 24551 24602 W MototwinNet: phase=callEnd url=https://mototwin.online/api/vehicles/cmpmggmg900001g9k874bic25/node-tree t=1780731161388
06-06 10:32:41.564 24551 24586 W ReactNativeJS: '[AUDIT][H2][api_request_ok]', '{"sessionId":"577880","runId":"audit-v2","hypothesisId":"H2","location":"packages/api-client/src/fetcher.ts:257","message":"api_request_ok","data":{"path":"/api/vehicles/cmpmggmg900001g9k874bic25/node-tree","method":"GET","status":200,"durationMs":222},"timestamp":1780731161563}'
06-06 10:32:41.570 24551 24586 W ReactNativeJS: '[AUDIT][H1][scheduler_start_task]', '{"sessionId":"577880","runId":"audit-v2","hypothesisId":"H1","location":"apps/app/src/mobile-api-scheduler.ts:40","message":"scheduler_start_task","data":{"priority":"normal","pathHint":"/api/vehicles/cmpmggmg900001g9k874bic25/service-events","queueLength":0,"running":2},"timestamp":1780731161570}'
06-06 10:32:41.570 24551 24586 W ReactNativeJS: '[AUDIT][H12][api_request_target]', '{"sessionId":"577880","runId":"audit-v2","hypothesisId":"H12","location":"packages/api-client/src/fetcher.ts:221","message":"api_request_target","data":{"path":"/api/vehicles/cmpmggmg900001g9k874bic25/service-events","fullUrl":"https://mototwin.online/api/vehicles/cmpmggmg900001g9k874bic25/service-events","baseUrl":"https://mototwin.online","credentials":"omit","hasAuthHeader":true,"isMobileClient":true,"maxAttempts":5},"timestamp":1780731161570}'
06-06 10:32:41.570 24551 24586 W ReactNativeJS: '[AUDIT][H2][api_request_start]', '{"sessionId":"577880","runId":"audit-v2","hypothesisId":"H2","location":"packages/api-client/src/fetcher.ts:221","message":"api_request_start","data":{"path":"/api/vehicles/cmpmggmg900001g9k874bic25/service-events","method":"GET","timeoutMs":7000,"hasSchedulerSignal":true},"timestamp":1780731161570}'
06-06 10:32:41.572 24551 24587 W MototwinNet: phase=callStart url=https://mototwin.online/api/vehicles/cmpmggmg900001g9k874bic25/service-events t=1780731161572
06-06 10:32:41.573 24551 24602 W MototwinNet: phase=connectionAcquired url=https://mototwin.online/api/vehicles/cmpmggmg900001g9k874bic25/service-events route=Route{mototwin.online/195.24.71.143:443} protocol=http/1.1 t=1780731161573
06-06 10:32:41.573 24551 24602 W MototwinNet: phase=requestHeadersStart url=https://mototwin.online/api/vehicles/cmpmggmg900001g9k874bic25/service-events t=1780731161573
06-06 10:32:41.574 24551 24602 W MototwinNet: phase=requestHeadersEnd url=https://mototwin.online/api/vehicles/cmpmggmg900001g9k874bic25/service-events t=1780731161574
06-06 10:32:41.596 24551 24602 W MototwinNet: phase=responseHeadersStart url=https://mototwin.online/api/vehicles/cmpmggmg900001g9k874bic25/service-events t=1780731161596
06-06 10:32:41.596 24551 24602 W MototwinNet: phase=responseHeadersEnd url=https://mototwin.online/api/vehicles/cmpmggmg900001g9k874bic25/service-events t=1780731161596
06-06 10:32:41.597 24551 24602 W MototwinNet: phase=callEnd url=https://mototwin.online/api/vehicles/cmpmggmg900001g9k874bic25/service-events t=1780731161597
06-06 10:32:41.618 24551 24586 W ReactNativeJS: '[AUDIT][H2][api_request_ok]', '{"sessionId":"577880","runId":"audit-v2","hypothesisId":"H2","location":"packages/api-client/src/fetcher.ts:257","message":"api_request_ok","data":{"path":"/api/vehicles/cmpmggmg900001g9k874bic25/service-events","method":"GET","status":200,"durationMs":48},"timestamp":1780731161618}'
06-06 10:32:41.620 24551 24586 W ReactNativeJS: '[AUDIT][H1][scheduler_enqueue]', '{"sessionId":"577880","runId":"audit-v2","hypothesisId":"H1","location":"apps/app/src/mobile-api-scheduler.ts:78","message":"scheduler_enqueue","data":{"priority":"normal","pathHint":"/api/nodes/top","queueLength":1,"running":1},"timestamp":1780731161619}'
06-06 10:32:41.620 24551 24586 W ReactNativeJS: '[AUDIT][H1][scheduler_start_task]', '{"sessionId":"577880","runId":"audit-v2","hypothesisId":"H1","location":"apps/app/src/mobile-api-scheduler.ts:40","message":"scheduler_start_task","data":{"priority":"normal","pathHint":"/api/nodes/top","queueLength":0,"running":2},"timestamp":1780731161620}'
06-06 10:32:41.621 24551 24586 W ReactNativeJS: '[AUDIT][H1][scheduler_enqueue]', '{"sessionId":"577880","runId":"audit-v2","hypothesisId":"H1","location":"apps/app/src/mobile-api-scheduler.ts:78","message":"scheduler_enqueue","data":{"priority":"normal","pathHint":"/api/expenses?year=2026&vehicleId=cmpmggmg900001g9k874bic25","queueLength":1,"running":2},"timestamp":1780731161620}'
06-06 10:32:41.621 24551 24586 W ReactNativeJS: '[AUDIT][H1][scheduler_enqueue]', '{"sessionId":"577880","runId":"audit-v2","hypothesisId":"H1","location":"apps/app/src/mobile-api-scheduler.ts:78","message":"scheduler_enqueue","data":{"priority":"high","pathHint":"/api/vehicles/cmpmggmg900001g9k874bic25/wishlist","queueLength":2,"running":2},"timestamp":1780731161621}'
06-06 10:32:41.621 24551 24586 W ReactNativeJS: '[AUDIT][H12][api_request_target]', '{"sessionId":"577880","runId":"audit-v2","hypothesisId":"H12","location":"packages/api-client/src/fetcher.ts:221","message":"api_request_target","data":{"path":"/api/nodes/top","fullUrl":"https://mototwin.online/api/nodes/top","baseUrl":"https://mototwin.online","credentials":"omit","hasAuthHeader":true,"isMobileClient":true,"maxAttempts":5},"timestamp":1780731161621}'
06-06 10:32:41.621 24551 24586 W ReactNativeJS: '[AUDIT][H2][api_request_start]', '{"sessionId":"577880","runId":"audit-v2","hypothesisId":"H2","location":"packages/api-client/src/fetcher.ts:221","message":"api_request_start","data":{"path":"/api/nodes/top","method":"GET","timeoutMs":7000,"hasSchedulerSignal":true},"timestamp":1780731161621}'
06-06 10:32:41.624 24551 24587 W MototwinNet: phase=callStart url=https://mototwin.online/api/nodes/top t=1780731161624
06-06 10:32:41.624 24551 24602 W MototwinNet: phase=connectionAcquired url=https://mototwin.online/api/nodes/top route=Route{mototwin.online/195.24.71.143:443} protocol=http/1.1 t=1780731161624
06-06 10:32:41.625 24551 24602 W MototwinNet: phase=requestHeadersStart url=https://mototwin.online/api/nodes/top t=1780731161625
06-06 10:32:41.625 24551 24602 W MototwinNet: phase=requestHeadersEnd url=https://mototwin.online/api/nodes/top t=1780731161625
06-06 10:32:41.638 24551 24602 W MototwinNet: phase=responseHeadersStart url=https://mototwin.online/api/nodes/top t=1780731161638
06-06 10:32:41.638 24551 24602 W MototwinNet: phase=responseHeadersEnd url=https://mototwin.online/api/nodes/top t=1780731161638
06-06 10:32:41.639 24551 24602 W MototwinNet: phase=callEnd url=https://mototwin.online/api/nodes/top t=1780731161639
06-06 10:32:41.651 24551 24586 W ReactNativeJS: '[AUDIT][H2][api_request_ok]', '{"sessionId":"577880","runId":"audit-v2","hypothesisId":"H2","location":"packages/api-client/src/fetcher.ts:257","message":"api_request_ok","data":{"path":"/api/nodes/top","method":"GET","status":200,"durationMs":31},"timestamp":1780731161651}'
06-06 10:32:41.653 24551 24586 W ReactNativeJS: '[AUDIT][H1][scheduler_start_task]', '{"sessionId":"577880","runId":"audit-v2","hypothesisId":"H1","location":"apps/app/src/mobile-api-scheduler.ts:40","message":"scheduler_start_task","data":{"priority":"high","pathHint":"/api/vehicles/cmpmggmg900001g9k874bic25/wishlist","queueLength":1,"running":2},"timestamp":1780731161653}'
06-06 10:32:41.655 24551 24586 W ReactNativeJS: '[AUDIT][H12][api_request_target]', '{"sessionId":"577880","runId":"audit-v2","hypothesisId":"H12","location":"packages/api-client/src/fetcher.ts:221","message":"api_request_target","data":{"path":"/api/vehicles/cmpmggmg900001g9k874bic25/wishlist","fullUrl":"https://mototwin.online/api/vehicles/cmpmggmg900001g9k874bic25/wishlist","baseUrl":"https://mototwin.online","credentials":"omit","hasAuthHeader":true,"isMobileClient":true,"maxAttempts":5},"timestamp":1780731161653}'
06-06 10:32:41.660 24551 24586 W ReactNativeJS: '[AUDIT][H2][api_request_start]', '{"sessionId":"577880","runId":"audit-v2","hypothesisId":"H2","location":"packages/api-client/src/fetcher.ts:221","message":"api_request_start","data":{"path":"/api/vehicles/cmpmggmg900001g9k874bic25/wishlist","method":"GET","timeoutMs":7000,"hasSchedulerSignal":true},"timestamp":1780731161655}'
06-06 10:32:41.666 24551 24587 W MototwinNet: phase=callStart url=https://mototwin.online/api/vehicles/cmpmggmg900001g9k874bic25/wishlist t=1780731161666
06-06 10:32:41.668 24551 24602 W MototwinNet: phase=connectionAcquired url=https://mototwin.online/api/vehicles/cmpmggmg900001g9k874bic25/wishlist route=Route{mototwin.online/195.24.71.143:443} protocol=http/1.1 t=1780731161668
06-06 10:32:41.668 24551 24602 W MototwinNet: phase=requestHeadersStart url=https://mototwin.online/api/vehicles/cmpmggmg900001g9k874bic25/wishlist t=1780731161668
06-06 10:32:41.668 24551 24602 W MototwinNet: phase=requestHeadersEnd url=https://mototwin.online/api/vehicles/cmpmggmg900001g9k874bic25/wishlist t=1780731161668
06-06 10:32:41.684 24551 24602 W MototwinNet: phase=responseHeadersStart url=https://mototwin.online/api/vehicles/cmpmggmg900001g9k874bic25/wishlist t=1780731161684
06-06 10:32:41.684 24551 24602 W MototwinNet: phase=responseHeadersEnd url=https://mototwin.online/api/vehicles/cmpmggmg900001g9k874bic25/wishlist t=1780731161684
06-06 10:32:41.685 24551 24602 W MototwinNet: phase=callEnd url=https://mototwin.online/api/vehicles/cmpmggmg900001g9k874bic25/wishlist t=1780731161685
06-06 10:32:41.701 24551 24586 W ReactNativeJS: '[AUDIT][H2][api_request_ok]', '{"sessionId":"577880","runId":"audit-v2","hypothesisId":"H2","location":"packages/api-client/src/fetcher.ts:257","message":"api_request_ok","data":{"path":"/api/vehicles/cmpmggmg900001g9k874bic25/wishlist","method":"GET","status":200,"durationMs":48},"timestamp":1780731161701}'
06-06 10:32:41.704 24551 24586 W ReactNativeJS: '[AUDIT][H1][scheduler_start_task]', '{"sessionId":"577880","runId":"audit-v2","hypothesisId":"H1","location":"apps/app/src/mobile-api-scheduler.ts:40","message":"scheduler_start_task","data":{"priority":"normal","pathHint":"/api/expenses?year=2026&vehicleId=cmpmggmg900001g9k874bic25","queueLength":0,"running":2},"timestamp":1780731161703}'
06-06 10:32:41.704 24551 24586 W ReactNativeJS: '[AUDIT][H12][api_request_target]', '{"sessionId":"577880","runId":"audit-v2","hypothesisId":"H12","location":"packages/api-client/src/fetcher.ts:221","message":"api_request_target","data":{"path":"/api/expenses?year=2026&vehicleId=cmpmggmg900001g9k874bic25","fullUrl":"https://mototwin.online/api/expenses?year=2026&vehicleId=cmpmggmg900001g9k874bic25","baseUrl":"https://mototwin.online","credentials":"omit","hasAuthHeader":true,"isMobileClient":true,"maxAttempts":5},"timestamp":1780731161704}'
06-06 10:32:41.705 24551 24586 W ReactNativeJS: '[AUDIT][H2][api_request_start]', '{"sessionId":"577880","runId":"audit-v2","hypothesisId":"H2","location":"packages/api-client/src/fetcher.ts:221","message":"api_request_start","data":{"path":"/api/expenses?year=2026&vehicleId=cmpmggmg900001g9k874bic25","method":"GET","timeoutMs":7000,"hasSchedulerSignal":true},"timestamp":1780731161704}'
06-06 10:32:41.707 24551 24587 W MototwinNet: phase=callStart url=https://mototwin.online/api/expenses?year=2026&vehicleId=cmpmggmg900001g9k874bic25 t=1780731161707
06-06 10:32:41.708 24551 24602 W MototwinNet: phase=connectionAcquired url=https://mototwin.online/api/expenses?year=2026&vehicleId=cmpmggmg900001g9k874bic25 route=Route{mototwin.online/195.24.71.143:443} protocol=http/1.1 t=1780731161708
06-06 10:32:41.708 24551 24602 W MototwinNet: phase=requestHeadersStart url=https://mototwin.online/api/expenses?year=2026&vehicleId=cmpmggmg900001g9k874bic25 t=1780731161708
06-06 10:32:41.708 24551 24602 W MototwinNet: phase=requestHeadersEnd url=https://mototwin.online/api/expenses?year=2026&vehicleId=cmpmggmg900001g9k874bic25 t=1780731161708
06-06 10:32:41.727 24551 24602 W MototwinNet: phase=responseHeadersStart url=https://mototwin.online/api/expenses?year=2026&vehicleId=cmpmggmg900001g9k874bic25 t=1780731161727
06-06 10:32:41.728 24551 24602 W MototwinNet: phase=responseHeadersEnd url=https://mototwin.online/api/expenses?year=2026&vehicleId=cmpmggmg900001g9k874bic25 t=1780731161728
06-06 10:32:41.729 24551 24602 W MototwinNet: phase=callEnd url=https://mototwin.online/api/expenses?year=2026&vehicleId=cmpmggmg900001g9k874bic25 t=1780731161729
06-06 10:32:41.736 24551 24586 W ReactNativeJS: '[AUDIT][H2][api_request_ok]', '{"sessionId":"577880","runId":"audit-v2","hypothesisId":"H2","location":"packages/api-client/src/fetcher.ts:257","message":"api_request_ok","data":{"path":"/api/expenses?year=2026&vehicleId=cmpmggmg900001g9k874bic25","method":"GET","status":200,"durationMs":32},"timestamp":1780731161736}'
06-06 10:32:43.125 24551 24586 W ReactNativeJS: '[AUDIT][H8][garage_app_state]', '{"sessionId":"577880","runId":"audit-v4","hypothesisId":"H8","location":"apps/app/app/garage.tsx:205","message":"garage_app_state","data":{"nextState":"background"},"timestamp":1780731163124}'
06-06 10:32:43.125 24551 24586 W ReactNativeJS: '[AUDIT][H13][api_scheduler_signal_aborted]', '{"sessionId":"577880","runId":"audit-v2","hypothesisId":"H13","location":"packages/api-client/src/fetcher.ts:226","message":"api_scheduler_signal_aborted","data":{"path":"/api/notifications?limit=1","durationMs":3730},"timestamp":1780731163125}'
06-06 10:32:43.129 24551 24617 W MototwinNet: phase=connectFailed:SocketException:Socket closed url=https://mototwin.online/api/notifications?limit=1 address=mototwin.online/195.24.71.143:443 proxy=DIRECT protocol=null t=1780731163129
06-06 10:32:43.130 24551 24617 W MototwinNet: phase=callFailed:SocketException:Socket closed url=https://mototwin.online/api/notifications?limit=1 t=1780731163130
06-06 10:32:45.208 24639 24639 W MototwinNet: phase=networkState transports=wifi validated=true internet=true t=1780731165208
06-06 10:32:45.758 24639 24674 W ReactNativeJS: '[AUDIT][H8][auth_gate_start]', '{"sessionId":"577880","runId":"audit-v4","hypothesisId":"H8","location":"apps/app/app/_layout.tsx:49","message":"auth_gate_start","data":{"segments":[]},"timestamp":1780731165758}'
06-06 10:32:45.764 24639 24674 W ReactNativeJS: '[AUDIT][H3][route_segments_changed]', '{"sessionId":"577880","runId":"audit-v2","hypothesisId":"H3","location":"apps/app/app/_layout.tsx:90","message":"route_segments_changed","data":{"segments":[]},"timestamp":1780731165764}'
06-06 10:32:45.892 24639 24674 W ReactNativeJS: '[AUDIT][H8][auth_gate_done]', '{"sessionId":"577880","runId":"audit-v7","hypothesisId":"H8","location":"apps/app/app/_layout.tsx:108","message":"auth_gate_done","data":{"hasTokens":true,"ok":true,"onLogin":false,"isPublic":false,"durationMs":134,"mode":"tokens_unblocked","segments":[]},"timestamp":1780731165892}'
06-06 10:32:45.893 24639 24674 W ReactNativeJS: '[AUDIT][H9][refresh_if_needed_enter]', '{"sessionId":"577880","runId":"audit-v4","hypothesisId":"H9","location":"apps/app/src/create-mobile-api-client.ts:81","message":"refresh_if_needed_enter","data":{"hasRefreshInFlight":false},"timestamp":1780731165893}'
06-06 10:32:45.893 24639 24674 W ReactNativeJS: '[AUDIT][H9][refresh_enter]', '{"sessionId":"577880","runId":"audit-v5","hypothesisId":"H9","location":"apps/app/src/create-mobile-api-client.ts:106","message":"refresh_enter","data":{},"timestamp":1780731165893}'
06-06 10:32:45.893 24639 24674 W ReactNativeJS: '[AUDIT][H9][refresh_tokens_read]', '{"sessionId":"577880","runId":"audit-v5","hypothesisId":"H9","location":"apps/app/src/create-mobile-api-client.ts:120","message":"refresh_tokens_read","data":{"hasTokens":true,"durationMs":0},"timestamp":1780731165893}'
06-06 10:32:45.893 24639 24674 W ReactNativeJS: '[AUDIT][H9][refresh_skipped_not_expiring]', '{"sessionId":"577880","runId":"audit-v4","hypothesisId":"H9","location":"apps/app/src/create-mobile-api-client.ts:123","message":"refresh_skipped_not_expiring","data":{"expiresInMs":453175},"timestamp":1780731165893}'
06-06 10:32:45.893 24639 24674 W ReactNativeJS: '[AUDIT][H8][auth_gate_refresh_result]', '{"sessionId":"577880","runId":"audit-v7","hypothesisId":"H8","location":"apps/app/app/_layout.tsx:134","message":"auth_gate_refresh_result","data":{"ok":true,"isPublic":false,"segments":[]},"timestamp":1780731165893}'
06-06 10:32:45.893 24639 24674 W ReactNativeJS: '[AUDIT][H18][auth_gate_warmup_start]', '{"sessionId":"577880","runId":"audit-v11","hypothesisId":"H18","location":"apps/app/app/_layout.tsx:143","message":"auth_gate_warmup_start","data":{"isPublic":false,"segments":[]},"timestamp":1780731165893}'
06-06 10:32:45.894 24639 24674 W ReactNativeJS: '[AUDIT][H12][api_request_target]', '{"sessionId":"577880","runId":"audit-v2","hypothesisId":"H12","location":"packages/api-client/src/fetcher.ts:221","message":"api_request_target","data":{"path":"/api/auth/me","fullUrl":"https://mototwin.online/api/auth/me","baseUrl":"https://mototwin.online","credentials":"omit","hasAuthHeader":true,"isMobileClient":true,"maxAttempts":1},"timestamp":1780731165894}'
06-06 10:32:45.894 24639 24674 W ReactNativeJS: '[AUDIT][H2][api_request_start]', '{"sessionId":"577880","runId":"audit-v2","hypothesisId":"H2","location":"packages/api-client/src/fetcher.ts:221","message":"api_request_start","data":{"path":"/api/auth/me","method":"GET","timeoutMs":7000,"hasSchedulerSignal":false},"timestamp":1780731165894}'
06-06 10:32:45.899 24639 24675 W MototwinNet: phase=callStart url=https://mototwin.online/api/auth/me t=1780731165899
06-06 10:32:45.901 24639 24688 W MototwinNet: phase=dnsStart url=https://mototwin.online/api/auth/me domain=mototwin.online t=1780731165901
06-06 10:32:45.904 24639 24688 W MototwinNet: phase=dnsEnd url=https://mototwin.online/api/auth/me domain=mototwin.online addresses=mototwin.online/195.24.71.143 t=1780731165904
06-06 10:32:45.905 24639 24688 W MototwinNet: phase=connectStart url=https://mototwin.online/api/auth/me address=mototwin.online/195.24.71.143:443 proxy=DIRECT t=1780731165905
06-06 10:32:45.912 24639 24688 W MototwinNet: phase=secureConnectStart url=https://mototwin.online/api/auth/me t=1780731165912
06-06 10:32:52.917 24639 24688 W MototwinNet: phase=connectFailed:SocketException:Socket closed url=https://mototwin.online/api/auth/me address=mototwin.online/195.24.71.143:443 proxy=DIRECT protocol=null t=1780731172917
06-06 10:32:52.917 24639 24688 W MototwinNet: phase=callFailed:SocketException:Socket closed url=https://mototwin.online/api/auth/me t=1780731172917
06-06 10:32:52.930 24639 24674 W ReactNativeJS: '[AUDIT][H2][api_request_error]', '{"sessionId":"577880","runId":"audit-v2","hypothesisId":"H2","location":"packages/api-client/src/fetcher.ts:237","message":"api_request_error","data":{"path":"/api/auth/me","method":"GET","attempt":1,"maxAttempts":1,"schedulerAborted":false,"timeoutAborted":true,"durationMs":7035,"error":"Aborted","errorName":"AbortError"},"timestamp":1780731172929}'
