06-06 10:42:05.069 27402 27437 W ReactNativeJS: '[AUDIT][H2][api_request_start]', '{"sessionId":"577880","runId":"audit-v2","hypothesisId":"H2","location":"packages/api-client/src/fetcher.ts:221","message":"api_request_start","data":{"path":"/api/nodes/top","method":"GET","timeoutMs":7000,"hasSchedulerSignal":true},"timestamp":1780731725069}'
06-06 10:42:05.071 27402 27493 W MototwinNet: phase=connectionAcquired url=https://mototwin.online/api/garage route=Route{mototwin.online/195.24.71.143:443} protocol=http/1.1 t=1780731725071
06-06 10:42:05.071 27402 27493 W MototwinNet: phase=requestHeadersStart url=https://mototwin.online/api/garage t=1780731725071
06-06 10:42:05.071 27402 27493 W MototwinNet: phase=requestHeadersEnd url=https://mototwin.online/api/garage t=1780731725071
06-06 10:42:05.071 27402 27438 W MototwinNet: phase=callStart url=https://mototwin.online/api/nodes/top t=1780731725071
06-06 10:42:05.072 27402 27454 W MototwinNet: phase=connectionAcquired url=https://mototwin.online/api/nodes/top route=Route{mototwin.online/195.24.71.143:443} protocol=http/1.1 t=1780731725072
06-06 10:42:05.073 27402 27454 W MototwinNet: phase=requestHeadersStart url=https://mototwin.online/api/nodes/top t=1780731725073
06-06 10:42:05.073 27402 27454 W MototwinNet: phase=requestHeadersEnd url=https://mototwin.online/api/nodes/top t=1780731725073
06-06 10:42:05.093 27402 27454 W MototwinNet: phase=responseHeadersStart url=https://mototwin.online/api/nodes/top t=1780731725093
06-06 10:42:05.094 27402 27454 W MototwinNet: phase=responseHeadersEnd url=https://mototwin.online/api/nodes/top t=1780731725093
06-06 10:42:05.095 27402 27493 W MototwinNet: phase=responseHeadersStart url=https://mototwin.online/api/garage t=1780731725094
06-06 10:42:05.095 27402 27493 W MototwinNet: phase=responseHeadersEnd url=https://mototwin.online/api/garage t=1780731725095
06-06 10:42:05.095 27402 27454 W MototwinNet: phase=callEnd url=https://mototwin.online/api/nodes/top t=1780731725095
06-06 10:42:05.097 27402 27493 W MototwinNet: phase=callEnd url=https://mototwin.online/api/garage t=1780731725097
06-06 10:42:05.112 27402 27437 W ReactNativeJS: '[AUDIT][H2][api_request_ok]', '{"sessionId":"577880","runId":"audit-v2","hypothesisId":"H2","location":"packages/api-client/src/fetcher.ts:257","message":"api_request_ok","data":{"path":"/api/nodes/top","method":"GET","status":200,"durationMs":43},"timestamp":1780731725111}'
06-06 10:42:05.113 27402 27437 W ReactNativeJS: '[AUDIT][H2][api_request_ok]', '{"sessionId":"577880","runId":"audit-v2","hypothesisId":"H2","location":"packages/api-client/src/fetcher.ts:257","message":"api_request_ok","data":{"path":"/api/garage","method":"GET","status":200,"durationMs":50},"timestamp":1780731725113}'
06-06 10:42:05.115 27402 27437 W ReactNativeJS: '[AUDIT][H1][scheduler_start_task]', '{"sessionId":"577880","runId":"audit-v2","hypothesisId":"H1","location":"apps/app/src/mobile-api-scheduler.ts:40","message":"scheduler_start_task","data":{"priority":"high","pathHint":"/api/vehicles/cmpmggmg900001g9k874bic25/wishlist","queueLength":1,"running":2},"timestamp":1780731725114}'
06-06 10:42:05.115 27402 27437 W ReactNativeJS: '[AUDIT][H12][api_request_target]', '{"sessionId":"577880","runId":"audit-v2","hypothesisId":"H12","location":"packages/api-client/src/fetcher.ts:221","message":"api_request_target","data":{"path":"/api/vehicles/cmpmggmg900001g9k874bic25/wishlist","fullUrl":"https://mototwin.online/api/vehicles/cmpmggmg900001g9k874bic25/wishlist","baseUrl":"https://mototwin.online","credentials":"omit","hasAuthHeader":true,"isMobileClient":true,"maxAttempts":5},"timestamp":1780731725115}'
06-06 10:42:05.115 27402 27437 W ReactNativeJS: '[AUDIT][H2][api_request_start]', '{"sessionId":"577880","runId":"audit-v2","hypothesisId":"H2","location":"packages/api-client/src/fetcher.ts:221","message":"api_request_start","data":{"path":"/api/vehicles/cmpmggmg900001g9k874bic25/wishlist","method":"GET","timeoutMs":7000,"hasSchedulerSignal":true},"timestamp":1780731725115}'
06-06 10:42:05.117 27402 27437 W ReactNativeJS: '[AUDIT][H1][scheduler_start_task]', '{"sessionId":"577880","runId":"audit-v2","hypothesisId":"H1","location":"apps/app/src/mobile-api-scheduler.ts:40","message":"scheduler_start_task","data":{"priority":"normal","pathHint":"/api/expenses?year=2026&vehicleId=cmpmggmg900001g9k874bic25","queueLength":0,"running":2},"timestamp":1780731725116}'
06-06 10:42:05.117 27402 27437 W ReactNativeJS: '[AUDIT][H12][api_request_target]', '{"sessionId":"577880","runId":"audit-v2","hypothesisId":"H12","location":"packages/api-client/src/fetcher.ts:221","message":"api_request_target","data":{"path":"/api/expenses?year=2026&vehicleId=cmpmggmg900001g9k874bic25","fullUrl":"https://mototwin.online/api/expenses?year=2026&vehicleId=cmpmggmg900001g9k874bic25","baseUrl":"https://mototwin.online","credentials":"omit","hasAuthHeader":true,"isMobileClient":true,"maxAttempts":5},"timestamp":1780731725117}'
06-06 10:42:05.118 27402 27437 W ReactNativeJS: '[AUDIT][H2][api_request_start]', '{"sessionId":"577880","runId":"audit-v2","hypothesisId":"H2","location":"packages/api-client/src/fetcher.ts:221","message":"api_request_start","data":{"path":"/api/expenses?year=2026&vehicleId=cmpmggmg900001g9k874bic25","method":"GET","timeoutMs":7000,"hasSchedulerSignal":true},"timestamp":1780731725117}'
06-06 10:42:05.119 27402 27438 W MototwinNet: phase=callStart url=https://mototwin.online/api/vehicles/cmpmggmg900001g9k874bic25/wishlist t=1780731725118
06-06 10:42:05.121 27402 27493 W MototwinNet: phase=connectionAcquired url=https://mototwin.online/api/vehicles/cmpmggmg900001g9k874bic25/wishlist route=Route{mototwin.online/195.24.71.143:443} protocol=http/1.1 t=1780731725120
06-06 10:42:05.121 27402 27438 W MototwinNet: phase=callStart url=https://mototwin.online/api/expenses?year=2026&vehicleId=cmpmggmg900001g9k874bic25 t=1780731725121
06-06 10:42:05.121 27402 27493 W MototwinNet: phase=requestHeadersStart url=https://mototwin.online/api/vehicles/cmpmggmg900001g9k874bic25/wishlist t=1780731725121
06-06 10:42:05.121 27402 27493 W MototwinNet: phase=requestHeadersEnd url=https://mototwin.online/api/vehicles/cmpmggmg900001g9k874bic25/wishlist t=1780731725121
06-06 10:42:05.122 27402 27454 W MototwinNet: phase=connectionAcquired url=https://mototwin.online/api/expenses?year=2026&vehicleId=cmpmggmg900001g9k874bic25 route=Route{mototwin.online/195.24.71.143:443} protocol=http/1.1 t=1780731725122
06-06 10:42:05.122 27402 27454 W MototwinNet: phase=requestHeadersStart url=https://mototwin.online/api/expenses?year=2026&vehicleId=cmpmggmg900001g9k874bic25 t=1780731725122
06-06 10:42:05.123 27402 27454 W MototwinNet: phase=requestHeadersEnd url=https://mototwin.online/api/expenses?year=2026&vehicleId=cmpmggmg900001g9k874bic25 t=1780731725123
06-06 10:42:05.139 27402 27493 W MototwinNet: phase=responseHeadersStart url=https://mototwin.online/api/vehicles/cmpmggmg900001g9k874bic25/wishlist t=1780731725139
06-06 10:42:05.139 27402 27493 W MototwinNet: phase=responseHeadersEnd url=https://mototwin.online/api/vehicles/cmpmggmg900001g9k874bic25/wishlist t=1780731725139
06-06 10:42:05.141 27402 27493 W MototwinNet: phase=callEnd url=https://mototwin.online/api/vehicles/cmpmggmg900001g9k874bic25/wishlist t=1780731725141
06-06 10:42:05.143 27402 27454 W MototwinNet: phase=responseHeadersStart url=https://mototwin.online/api/expenses?year=2026&vehicleId=cmpmggmg900001g9k874bic25 t=1780731725143
06-06 10:42:05.143 27402 27454 W MototwinNet: phase=responseHeadersEnd url=https://mototwin.online/api/expenses?year=2026&vehicleId=cmpmggmg900001g9k874bic25 t=1780731725143
06-06 10:42:05.145 27402 27454 W MototwinNet: phase=callEnd url=https://mototwin.online/api/expenses?year=2026&vehicleId=cmpmggmg900001g9k874bic25 t=1780731725145
06-06 10:42:05.161 27402 27437 W ReactNativeJS: '[AUDIT][H2][api_request_ok]', '{"sessionId":"577880","runId":"audit-v2","hypothesisId":"H2","location":"packages/api-client/src/fetcher.ts:257","message":"api_request_ok","data":{"path":"/api/vehicles/cmpmggmg900001g9k874bic25/wishlist","method":"GET","status":200,"durationMs":46},"timestamp":1780731725161}'
06-06 10:42:05.163 27402 27437 W ReactNativeJS: '[AUDIT][H2][api_request_ok]', '{"sessionId":"577880","runId":"audit-v2","hypothesisId":"H2","location":"packages/api-client/src/fetcher.ts:257","message":"api_request_ok","data":{"path":"/api/expenses?year=2026&vehicleId=cmpmggmg900001g9k874bic25","method":"GET","status":200,"durationMs":46},"timestamp":1780731725163}'
06-06 10:42:07.359 27402 27437 W ReactNativeJS: '[AUDIT][H1][scheduler_cancel_low_priority]', '{"sessionId":"577880","runId":"audit-v2","hypothesisId":"H1","location":"apps/app/src/mobile-api-scheduler.ts:118","message":"scheduler_cancel_low_priority","data":{"runningLowPriority":0,"lowQueuedCount":0,"queueLength":0,"running":0},"timestamp":1780731727358}'
06-06 10:42:07.388 27402 27437 W ReactNativeJS: '[AUDIT][H8][garage_focus_enter]', '{"sessionId":"577880","runId":"audit-v4","hypothesisId":"H8","location":"apps/app/app/garage.tsx:174","message":"garage_focus_enter","data":{"seq":0,"hasLoadedOnce":false},"timestamp":1780731727388}'
06-06 10:42:07.388 27402 27437 W ReactNativeJS: '[AUDIT][H7][garage_load_start]', '{"sessionId":"577880","runId":"audit-v3","hypothesisId":"H7","location":"apps/app/app/garage.tsx:68","message":"garage_load_start","data":{"seq":1,"showBlockingSpinner":true,"hasLoadedOnce":false},"timestamp":1780731727388}'
06-06 10:42:07.388 27402 27437 W ReactNativeJS: '[AUDIT][H1][scheduler_cancel_low_priority]', '{"sessionId":"577880","runId":"audit-v2","hypothesisId":"H1","location":"apps/app/src/mobile-api-scheduler.ts:118","message":"scheduler_cancel_low_priority","data":{"runningLowPriority":0,"lowQueuedCount":0,"queueLength":0,"running":0},"timestamp":1780731727388}'
06-06 10:42:07.389 27402 27437 W ReactNativeJS: '[AUDIT][H12][mobile_api_client_created]', '{"sessionId":"577880","runId":"audit-v9","hypothesisId":"H12","location":"apps/app/src/create-mobile-api-client.ts:39","message":"mobile_api_client_created","data":{"baseUrl":"https://mototwin.online"},"timestamp":1780731727389}'
06-06 10:42:07.389 27402 27437 W ReactNativeJS: '[AUDIT][H1][scheduler_enqueue]', '{"sessionId":"577880","runId":"audit-v2","hypothesisId":"H1","location":"apps/app/src/mobile-api-scheduler.ts:78","message":"scheduler_enqueue","data":{"priority":"high","pathHint":"/api/garage","queueLength":1,"running":0},"timestamp":1780731727389}'
06-06 10:42:07.389 27402 27437 W ReactNativeJS: '[AUDIT][H1][scheduler_start_task]', '{"sessionId":"577880","runId":"audit-v2","hypothesisId":"H1","location":"apps/app/src/mobile-api-scheduler.ts:40","message":"scheduler_start_task","data":{"priority":"high","pathHint":"/api/garage","queueLength":0,"running":1},"timestamp":1780731727389}'
06-06 10:42:07.389 27402 27437 W ReactNativeJS: '[AUDIT][H3][route_segments_changed]', '{"sessionId":"577880","runId":"audit-v2","hypothesisId":"H3","location":"apps/app/app/_layout.tsx:90","message":"route_segments_changed","data":{"segments":["garage"]},"timestamp":1780731727389}'
06-06 10:42:07.390 27402 27437 W ReactNativeJS: '[AUDIT][H12][api_request_target]', '{"sessionId":"577880","runId":"audit-v2","hypothesisId":"H12","location":"packages/api-client/src/fetcher.ts:221","message":"api_request_target","data":{"path":"/api/garage","fullUrl":"https://mototwin.online/api/garage","baseUrl":"https://mototwin.online","credentials":"omit","hasAuthHeader":true,"isMobileClient":true,"maxAttempts":5},"timestamp":1780731727390}'
06-06 10:42:07.390 27402 27437 W ReactNativeJS: '[AUDIT][H2][api_request_start]', '{"sessionId":"577880","runId":"audit-v2","hypothesisId":"H2","location":"packages/api-client/src/fetcher.ts:221","message":"api_request_start","data":{"path":"/api/garage","method":"GET","timeoutMs":7000,"hasSchedulerSignal":true},"timestamp":1780731727390}'
06-06 10:42:07.393 27402 27438 W MototwinNet: phase=callStart url=https://mototwin.online/api/garage t=1780731727393
06-06 10:42:07.394 27402 27454 W MototwinNet: phase=connectionAcquired url=https://mototwin.online/api/garage route=Route{mototwin.online/195.24.71.143:443} protocol=http/1.1 t=1780731727394
06-06 10:42:07.394 27402 27454 W MototwinNet: phase=requestHeadersStart url=https://mototwin.online/api/garage t=1780731727394
06-06 10:42:07.394 27402 27454 W MototwinNet: phase=requestHeadersEnd url=https://mototwin.online/api/garage t=1780731727394
06-06 10:42:07.416 27402 27454 W MototwinNet: phase=responseHeadersStart url=https://mototwin.online/api/garage t=1780731727416
06-06 10:42:07.416 27402 27454 W MototwinNet: phase=responseHeadersEnd url=https://mototwin.online/api/garage t=1780731727416
06-06 10:42:07.417 27402 27454 W MototwinNet: phase=callEnd url=https://mototwin.online/api/garage t=1780731727417
06-06 10:42:07.426 27402 27437 W ReactNativeJS: '[AUDIT][H2][api_request_ok]', '{"sessionId":"577880","runId":"audit-v2","hypothesisId":"H2","location":"packages/api-client/src/fetcher.ts:257","message":"api_request_ok","data":{"path":"/api/garage","method":"GET","status":200,"durationMs":37},"timestamp":1780731727426}'
06-06 10:42:07.430 27402 27437 W ReactNativeJS: '[AUDIT][H1][scheduler_enqueue]', '{"sessionId":"577880","runId":"audit-v2","hypothesisId":"H1","location":"apps/app/src/mobile-api-scheduler.ts:78","message":"scheduler_enqueue","data":{"priority":"high","pathHint":"/api/vehicles/trash","queueLength":1,"running":1},"timestamp":1780731727430}'
06-06 10:42:07.430 27402 27437 W ReactNativeJS: '[AUDIT][H1][scheduler_start_task]', '{"sessionId":"577880","runId":"audit-v2","hypothesisId":"H1","location":"apps/app/src/mobile-api-scheduler.ts:40","message":"scheduler_start_task","data":{"priority":"high","pathHint":"/api/vehicles/trash","queueLength":0,"running":2},"timestamp":1780731727430}'
06-06 10:42:07.431 27402 27437 W ReactNativeJS: '[AUDIT][H1][scheduler_enqueue]', '{"sessionId":"577880","runId":"audit-v2","hypothesisId":"H1","location":"apps/app/src/mobile-api-scheduler.ts:78","message":"scheduler_enqueue","data":{"priority":"normal","pathHint":"/api/notifications?limit=1","queueLength":1,"running":2},"timestamp":1780731727430}'
06-06 10:42:07.431 27402 27437 W ReactNativeJS: '[AUDIT][H1][scheduler_enqueue]', '{"sessionId":"577880","runId":"audit-v2","hypothesisId":"H1","location":"apps/app/src/mobile-api-scheduler.ts:78","message":"scheduler_enqueue","data":{"priority":"normal","pathHint":"/api/subscription/current","queueLength":2,"running":2},"timestamp":1780731727431}'
06-06 10:42:07.431 27402 27437 W ReactNativeJS: '[AUDIT][H1][scheduler_start_task]', '{"sessionId":"577880","runId":"audit-v2","hypothesisId":"H1","location":"apps/app/src/mobile-api-scheduler.ts:40","message":"scheduler_start_task","data":{"priority":"normal","pathHint":"/api/notifications?limit=1","queueLength":1,"running":2},"timestamp":1780731727431}'
06-06 10:42:07.431 27402 27437 W ReactNativeJS: '[AUDIT][H12][api_request_target]', '{"sessionId":"577880","runId":"audit-v2","hypothesisId":"H12","location":"packages/api-client/src/fetcher.ts:221","message":"api_request_target","data":{"path":"/api/vehicles/trash","fullUrl":"https://mototwin.online/api/vehicles/trash","baseUrl":"https://mototwin.online","credentials":"omit","hasAuthHeader":true,"isMobileClient":true,"maxAttempts":5},"timestamp":1780731727431}'
06-06 10:42:07.432 27402 27437 W ReactNativeJS: '[AUDIT][H2][api_request_start]', '{"sessionId":"577880","runId":"audit-v2","hypothesisId":"H2","location":"packages/api-client/src/fetcher.ts:221","message":"api_request_start","data":{"path":"/api/vehicles/trash","method":"GET","timeoutMs":7000,"hasSchedulerSignal":true},"timestamp":1780731727432}'
06-06 10:42:07.433 27402 27437 W ReactNativeJS: '[AUDIT][H12][api_request_target]', '{"sessionId":"577880","runId":"audit-v2","hypothesisId":"H12","location":"packages/api-client/src/fetcher.ts:221","message":"api_request_target","data":{"path":"/api/notifications?limit=1","fullUrl":"https://mototwin.online/api/notifications?limit=1","baseUrl":"https://mototwin.online","credentials":"omit","hasAuthHeader":true,"isMobileClient":true,"maxAttempts":5},"timestamp":1780731727432}'
06-06 10:42:07.433 27402 27437 W ReactNativeJS: '[AUDIT][H2][api_request_start]', '{"sessionId":"577880","runId":"audit-v2","hypothesisId":"H2","location":"packages/api-client/src/fetcher.ts:221","message":"api_request_start","data":{"path":"/api/notifications?limit=1","method":"GET","timeoutMs":7000,"hasSchedulerSignal":true},"timestamp":1780731727433}'
06-06 10:42:07.433 27402 27438 W MototwinNet: phase=callStart url=https://mototwin.online/api/vehicles/trash t=1780731727433
06-06 10:42:07.434 27402 27454 W MototwinNet: phase=connectionAcquired url=https://mototwin.online/api/vehicles/trash route=Route{mototwin.online/195.24.71.143:443} protocol=http/1.1 t=1780731727434
06-06 10:42:07.434 27402 27454 W MototwinNet: phase=requestHeadersStart url=https://mototwin.online/api/vehicles/trash t=1780731727434
06-06 10:42:07.434 27402 27454 W MototwinNet: phase=requestHeadersEnd url=https://mototwin.online/api/vehicles/trash t=1780731727434
06-06 10:42:07.435 27402 27438 W MototwinNet: phase=callStart url=https://mototwin.online/api/notifications?limit=1 t=1780731727435
06-06 10:42:07.436 27402 27493 W MototwinNet: phase=connectionAcquired url=https://mototwin.online/api/notifications?limit=1 route=Route{mototwin.online/195.24.71.143:443} protocol=http/1.1 t=1780731727436
06-06 10:42:07.437 27402 27493 W MototwinNet: phase=requestHeadersStart url=https://mototwin.online/api/notifications?limit=1 t=1780731727437
06-06 10:42:07.438 27402 27493 W MototwinNet: phase=requestHeadersEnd url=https://mototwin.online/api/notifications?limit=1 t=1780731727438
06-06 10:42:07.458 27402 27454 W MototwinNet: phase=responseHeadersStart url=https://mototwin.online/api/vehicles/trash t=1780731727458
06-06 10:42:07.459 27402 27454 W MototwinNet: phase=responseHeadersEnd url=https://mototwin.online/api/vehicles/trash t=1780731727459
06-06 10:42:07.459 27402 27493 W MototwinNet: phase=responseHeadersStart url=https://mototwin.online/api/notifications?limit=1 t=1780731727459
06-06 10:42:07.459 27402 27493 W MototwinNet: phase=responseHeadersEnd url=https://mototwin.online/api/notifications?limit=1 t=1780731727459
06-06 10:42:07.460 27402 27493 W MototwinNet: phase=callEnd url=https://mototwin.online/api/notifications?limit=1 t=1780731727460
06-06 10:42:07.461 27402 27454 W MototwinNet: phase=callEnd url=https://mototwin.online/api/vehicles/trash t=1780731727460
06-06 10:42:07.547 27402 27437 W ReactNativeJS: '[AUDIT][H2][api_request_ok]', '{"sessionId":"577880","runId":"audit-v2","hypothesisId":"H2","location":"packages/api-client/src/fetcher.ts:257","message":"api_request_ok","data":{"path":"/api/notifications?limit=1","method":"GET","status":200,"durationMs":116},"timestamp":1780731727547}'
06-06 10:42:07.548 27402 27437 W ReactNativeJS: '[AUDIT][H2][api_request_ok]', '{"sessionId":"577880","runId":"audit-v2","hypothesisId":"H2","location":"packages/api-client/src/fetcher.ts:257","message":"api_request_ok","data":{"path":"/api/vehicles/trash","method":"GET","status":200,"durationMs":117},"timestamp":1780731727547}'
06-06 10:42:07.549 27402 27437 W ReactNativeJS: '[AUDIT][H1][scheduler_start_task]', '{"sessionId":"577880","runId":"audit-v2","hypothesisId":"H1","location":"apps/app/src/mobile-api-scheduler.ts:40","message":"scheduler_start_task","data":{"priority":"normal","pathHint":"/api/subscription/current","queueLength":0,"running":2},"timestamp":1780731727549}'
06-06 10:42:07.549 27402 27437 W ReactNativeJS: '[AUDIT][H12][api_request_target]', '{"sessionId":"577880","runId":"audit-v2","hypothesisId":"H12","location":"packages/api-client/src/fetcher.ts:221","message":"api_request_target","data":{"path":"/api/subscription/current","fullUrl":"https://mototwin.online/api/subscription/current","baseUrl":"https://mototwin.online","credentials":"omit","hasAuthHeader":true,"isMobileClient":true,"maxAttempts":5},"timestamp":1780731727549}'
06-06 10:42:07.549 27402 27437 W ReactNativeJS: '[AUDIT][H2][api_request_start]', '{"sessionId":"577880","runId":"audit-v2","hypothesisId":"H2","location":"packages/api-client/src/fetcher.ts:221","message":"api_request_start","data":{"path":"/api/subscription/current","method":"GET","timeoutMs":7000,"hasSchedulerSignal":true},"timestamp":1780731727549}'
06-06 10:42:07.552 27402 27438 W MototwinNet: phase=callStart url=https://mototwin.online/api/subscription/current t=1780731727552
06-06 10:42:07.552 27402 27493 W MototwinNet: phase=connectionAcquired url=https://mototwin.online/api/subscription/current route=Route{mototwin.online/195.24.71.143:443} protocol=http/1.1 t=1780731727552
06-06 10:42:07.553 27402 27493 W MototwinNet: phase=requestHeadersStart url=https://mototwin.online/api/subscription/current t=1780731727553
06-06 10:42:07.553 27402 27493 W MototwinNet: phase=requestHeadersEnd url=https://mototwin.online/api/subscription/current t=1780731727553
06-06 10:42:07.564 27402 27493 W MototwinNet: phase=responseHeadersStart url=https://mototwin.online/api/subscription/current t=1780731727564
06-06 10:42:07.564 27402 27493 W MototwinNet: phase=responseHeadersEnd url=https://mototwin.online/api/subscription/current t=1780731727564
06-06 10:42:07.565 27402 27493 W MototwinNet: phase=callEnd url=https://mototwin.online/api/subscription/current t=1780731727565
06-06 10:42:07.575 27402 27437 W ReactNativeJS: '[AUDIT][H2][api_request_ok]', '{"sessionId":"577880","runId":"audit-v2","hypothesisId":"H2","location":"packages/api-client/src/fetcher.ts:257","message":"api_request_ok","data":{"path":"/api/subscription/current","method":"GET","status":200,"durationMs":26},"timestamp":1780731727575}'
06-06 10:42:08.508 27402 27437 W ReactNativeJS: '[AUDIT][H1][scheduler_cancel_low_priority]', '{"sessionId":"577880","runId":"audit-v2","hypothesisId":"H1","location":"apps/app/src/mobile-api-scheduler.ts:118","message":"scheduler_cancel_low_priority","data":{"runningLowPriority":0,"lowQueuedCount":0,"queueLength":0,"running":0},"timestamp":1780731728508}'
06-06 10:42:08.560 27402 27437 W ReactNativeJS: '[AUDIT][H12][mobile_api_client_created]', '{"sessionId":"577880","runId":"audit-v9","hypothesisId":"H12","location":"apps/app/src/create-mobile-api-client.ts:39","message":"mobile_api_client_created","data":{"baseUrl":"https://mototwin.online"},"timestamp":1780731728554}'
06-06 10:42:08.560 27402 27437 W ReactNativeJS: '[AUDIT][H1][scheduler_enqueue]', '{"sessionId":"577880","runId":"audit-v2","hypothesisId":"H1","location":"apps/app/src/mobile-api-scheduler.ts:78","message":"scheduler_enqueue","data":{"priority":"normal","pathHint":"/api/subscription/current","queueLength":1,"running":0},"timestamp":1780731728560}'
06-06 10:42:08.561 27402 27437 W ReactNativeJS: '[AUDIT][H1][scheduler_start_task]', '{"sessionId":"577880","runId":"audit-v2","hypothesisId":"H1","location":"apps/app/src/mobile-api-scheduler.ts:40","message":"scheduler_start_task","data":{"priority":"normal","pathHint":"/api/subscription/current","queueLength":0,"running":1},"timestamp":1780731728560}'
06-06 10:42:08.561 27402 27437 W ReactNativeJS: '[AUDIT][H8][garage_focus_leave]', '{"sessionId":"577880","runId":"audit-v4","hypothesisId":"H8","location":"apps/app/app/garage.tsx:189","message":"garage_focus_leave","data":{"seq":1},"timestamp":1780731728561}'
06-06 10:42:08.596 27402 27437 W ReactNativeJS: '[AUDIT][H10][vehicle_load_start]', '{"sessionId":"577880","runId":"audit-v6","hypothesisId":"H10","location":"apps/app/app/vehicles/[id]/index.tsx:884","message":"vehicle_load_start","data":{"vehicleId":"cmpmggmg900001g9k874bic25","seq":1,"isInitialLoad":true},"timestamp":1780731728595}'
06-06 10:42:08.596 27402 27437 W ReactNativeJS: '[AUDIT][H1][scheduler_cancel_low_priority]', '{"sessionId":"577880","runId":"audit-v2","hypothesisId":"H1","location":"apps/app/src/mobile-api-scheduler.ts:118","message":"scheduler_cancel_low_priority","data":{"runningLowPriority":0,"lowQueuedCount":0,"queueLength":0,"running":1},"timestamp":1780731728596}'
06-06 10:42:08.596 27402 27437 W ReactNativeJS: '[AUDIT][H12][mobile_api_client_created]', '{"sessionId":"577880","runId":"audit-v9","hypothesisId":"H12","location":"apps/app/src/create-mobile-api-client.ts:39","message":"mobile_api_client_created","data":{"baseUrl":"https://mototwin.online"},"timestamp":1780731728596}'
06-06 10:42:08.596 27402 27437 W ReactNativeJS: '[AUDIT][H1][scheduler_enqueue]', '{"sessionId":"577880","runId":"audit-v2","hypothesisId":"H1","location":"apps/app/src/mobile-api-scheduler.ts:78","message":"scheduler_enqueue","data":{"priority":"high","pathHint":"/api/vehicles/cmpmggmg900001g9k874bic25","queueLength":1,"running":1},"timestamp":1780731728596}'
06-06 10:42:08.597 27402 27437 W ReactNativeJS: '[AUDIT][H1][scheduler_start_task]', '{"sessionId":"577880","runId":"audit-v2","hypothesisId":"H1","location":"apps/app/src/mobile-api-scheduler.ts:40","message":"scheduler_start_task","data":{"priority":"high","pathHint":"/api/vehicles/cmpmggmg900001g9k874bic25","queueLength":0,"running":2},"timestamp":1780731728596}'
06-06 10:42:08.597 27402 27437 W ReactNativeJS: '[AUDIT][H3][route_segments_changed]', '{"sessionId":"577880","runId":"audit-v2","hypothesisId":"H3","location":"apps/app/app/_layout.tsx:90","message":"route_segments_changed","data":{"segments":["vehicles","[id]"]},"timestamp":1780731728597}'
06-06 10:42:08.597 27402 27437 W ReactNativeJS: '[AUDIT][H12][api_request_target]', '{"sessionId":"577880","runId":"audit-v2","hypothesisId":"H12","location":"packages/api-client/src/fetcher.ts:221","message":"api_request_target","data":{"path":"/api/subscription/current","fullUrl":"https://mototwin.online/api/subscription/current","baseUrl":"https://mototwin.online","credentials":"omit","hasAuthHeader":true,"isMobileClient":true,"maxAttempts":5},"timestamp":1780731728597}'
06-06 10:42:08.598 27402 27437 W ReactNativeJS: '[AUDIT][H2][api_request_start]', '{"sessionId":"577880","runId":"audit-v2","hypothesisId":"H2","location":"packages/api-client/src/fetcher.ts:221","message":"api_request_start","data":{"path":"/api/subscription/current","method":"GET","timeoutMs":7000,"hasSchedulerSignal":true},"timestamp":1780731728598}'
06-06 10:42:08.599 27402 27437 W ReactNativeJS: '[AUDIT][H12][api_request_target]', '{"sessionId":"577880","runId":"audit-v2","hypothesisId":"H12","location":"packages/api-client/src/fetcher.ts:221","message":"api_request_target","data":{"path":"/api/vehicles/cmpmggmg900001g9k874bic25","fullUrl":"https://mototwin.online/api/vehicles/cmpmggmg900001g9k874bic25","baseUrl":"https://mototwin.online","credentials":"omit","hasAuthHeader":true,"isMobileClient":true,"maxAttempts":5},"timestamp":1780731728599}'
06-06 10:42:08.599 27402 27437 W ReactNativeJS: '[AUDIT][H2][api_request_start]', '{"sessionId":"577880","runId":"audit-v2","hypothesisId":"H2","location":"packages/api-client/src/fetcher.ts:221","message":"api_request_start","data":{"path":"/api/vehicles/cmpmggmg900001g9k874bic25","method":"GET","timeoutMs":7000,"hasSchedulerSignal":true},"timestamp":1780731728599}'
06-06 10:42:08.599 27402 27438 W MototwinNet: phase=callStart url=https://mototwin.online/api/subscription/current t=1780731728599
06-06 10:42:08.600 27402 27493 W MototwinNet: phase=connectionAcquired url=https://mototwin.online/api/subscription/current route=Route{mototwin.online/195.24.71.143:443} protocol=http/1.1 t=1780731728600
06-06 10:42:08.601 27402 27493 W MototwinNet: phase=requestHeadersStart url=https://mototwin.online/api/subscription/current t=1780731728601
06-06 10:42:08.601 27402 27493 W MototwinNet: phase=requestHeadersEnd url=https://mototwin.online/api/subscription/current t=1780731728601
06-06 10:42:08.603 27402 27438 W MototwinNet: phase=callStart url=https://mototwin.online/api/vehicles/cmpmggmg900001g9k874bic25 t=1780731728603
06-06 10:42:08.603 27402 27454 W MototwinNet: phase=connectionAcquired url=https://mototwin.online/api/vehicles/cmpmggmg900001g9k874bic25 route=Route{mototwin.online/195.24.71.143:443} protocol=http/1.1 t=1780731728603
06-06 10:42:08.604 27402 27454 W MototwinNet: phase=requestHeadersStart url=https://mototwin.online/api/vehicles/cmpmggmg900001g9k874bic25 t=1780731728604
06-06 10:42:08.604 27402 27454 W MototwinNet: phase=requestHeadersEnd url=https://mototwin.online/api/vehicles/cmpmggmg900001g9k874bic25 t=1780731728604
06-06 10:42:08.648 27402 27454 W MototwinNet: phase=responseHeadersStart url=https://mototwin.online/api/vehicles/cmpmggmg900001g9k874bic25 t=1780731728648
06-06 10:42:08.648 27402 27493 W MototwinNet: phase=responseHeadersStart url=https://mototwin.online/api/subscription/current t=1780731728648
06-06 10:42:08.648 27402 27454 W MototwinNet: phase=responseHeadersEnd url=https://mototwin.online/api/vehicles/cmpmggmg900001g9k874bic25 t=1780731728648
06-06 10:42:08.648 27402 27493 W MototwinNet: phase=responseHeadersEnd url=https://mototwin.online/api/subscription/current t=1780731728648
06-06 10:42:08.649 27402 27454 W MototwinNet: phase=callEnd url=https://mototwin.online/api/vehicles/cmpmggmg900001g9k874bic25 t=1780731728649
06-06 10:42:08.650 27402 27493 W MototwinNet: phase=callEnd url=https://mototwin.online/api/subscription/current t=1780731728650
06-06 10:42:08.657 27402 27437 W ReactNativeJS: '[AUDIT][H2][api_request_ok]', '{"sessionId":"577880","runId":"audit-v2","hypothesisId":"H2","location":"packages/api-client/src/fetcher.ts:257","message":"api_request_ok","data":{"path":"/api/vehicles/cmpmggmg900001g9k874bic25","method":"GET","status":200,"durationMs":60},"timestamp":1780731728657}'
06-06 10:42:08.658 27402 27437 W ReactNativeJS: '[AUDIT][H2][api_request_ok]', '{"sessionId":"577880","runId":"audit-v2","hypothesisId":"H2","location":"packages/api-client/src/fetcher.ts:257","message":"api_request_ok","data":{"path":"/api/subscription/current","method":"GET","status":200,"durationMs":97},"timestamp":1780731728658}'
06-06 10:42:08.659 27402 27437 W ReactNativeJS: '[AUDIT][H10][vehicle_load_ok]', '{"sessionId":"577880","runId":"audit-v6","hypothesisId":"H10","location":"apps/app/app/vehicles/[id]/index.tsx:980","message":"vehicle_load_ok","data":{"vehicleId":"cmpmggmg900001g9k874bic25","seq":1,"isInitialLoad":true,"hasVehicle":true},"timestamp":1780731728659}'
06-06 10:42:08.660 27402 27437 W ReactNativeJS: '[AUDIT][H1][scheduler_enqueue]', '{"sessionId":"577880","runId":"audit-v2","hypothesisId":"H1","location":"apps/app/src/mobile-api-scheduler.ts:78","message":"scheduler_enqueue","data":{"priority":"low","pathHint":"/api/vehicles/cmpmggmg900001g9k874bic25/node-tree","queueLength":1,"running":1},"timestamp":1780731728660}'
06-06 10:42:08.660 27402 27437 W ReactNativeJS: '[AUDIT][H1][scheduler_start_task]', '{"sessionId":"577880","runId":"audit-v2","hypothesisId":"H1","location":"apps/app/src/mobile-api-scheduler.ts:40","message":"scheduler_start_task","data":{"priority":"low","pathHint":"/api/vehicles/cmpmggmg900001g9k874bic25/node-tree","queueLength":0,"running":2},"timestamp":1780731728660}'
06-06 10:42:08.660 27402 27437 W ReactNativeJS: '[AUDIT][H1][scheduler_enqueue]', '{"sessionId":"577880","runId":"audit-v2","hypothesisId":"H1","location":"apps/app/src/mobile-api-scheduler.ts:78","message":"scheduler_enqueue","data":{"priority":"normal","pathHint":"/api/vehicles/cmpmggmg900001g9k874bic25/service-events","queueLength":1,"running":2},"timestamp":1780731728660}'
06-06 10:42:08.660 27402 27437 W ReactNativeJS: '[AUDIT][H12][api_request_target]', '{"sessionId":"577880","runId":"audit-v2","hypothesisId":"H12","location":"packages/api-client/src/fetcher.ts:221","message":"api_request_target","data":{"path":"/api/vehicles/cmpmggmg900001g9k874bic25/node-tree","fullUrl":"https://mototwin.online/api/vehicles/cmpmggmg900001g9k874bic25/node-tree","baseUrl":"https://mototwin.online","credentials":"omit","hasAuthHeader":true,"isMobileClient":true,"maxAttempts":5},"timestamp":1780731728660}'
06-06 10:42:08.661 27402 27437 W ReactNativeJS: '[AUDIT][H2][api_request_start]', '{"sessionId":"577880","runId":"audit-v2","hypothesisId":"H2","location":"packages/api-client/src/fetcher.ts:221","message":"api_request_start","data":{"path":"/api/vehicles/cmpmggmg900001g9k874bic25/node-tree","method":"GET","timeoutMs":7000,"hasSchedulerSignal":true},"timestamp":1780731728660}'
06-06 10:42:08.662 27402 27437 W ReactNativeJS: '[AUDIT][H1][scheduler_start_task]', '{"sessionId":"577880","runId":"audit-v2","hypothesisId":"H1","location":"apps/app/src/mobile-api-scheduler.ts:40","message":"scheduler_start_task","data":{"priority":"normal","pathHint":"/api/vehicles/cmpmggmg900001g9k874bic25/service-events","queueLength":0,"running":2},"timestamp":1780731728662}'
06-06 10:42:08.662 27402 27437 W ReactNativeJS: '[AUDIT][H12][api_request_target]', '{"sessionId":"577880","runId":"audit-v2","hypothesisId":"H12","location":"packages/api-client/src/fetcher.ts:221","message":"api_request_target","data":{"path":"/api/vehicles/cmpmggmg900001g9k874bic25/service-events","fullUrl":"https://mototwin.online/api/vehicles/cmpmggmg900001g9k874bic25/service-events","baseUrl":"https://mototwin.online","credentials":"omit","hasAuthHeader":true,"isMobileClient":true,"maxAttempts":5},"timestamp":1780731728662}'
06-06 10:42:08.662 27402 27438 W MototwinNet: phase=callStart url=https://mototwin.online/api/vehicles/cmpmggmg900001g9k874bic25/node-tree t=1780731728662
06-06 10:42:08.662 27402 27437 W ReactNativeJS: '[AUDIT][H2][api_request_start]', '{"sessionId":"577880","runId":"audit-v2","hypothesisId":"H2","location":"packages/api-client/src/fetcher.ts:221","message":"api_request_start","data":{"path":"/api/vehicles/cmpmggmg900001g9k874bic25/service-events","method":"GET","timeoutMs":7000,"hasSchedulerSignal":true},"timestamp":1780731728662}'
06-06 10:42:08.663 27402 27493 W MototwinNet: phase=connectionAcquired url=https://mototwin.online/api/vehicles/cmpmggmg900001g9k874bic25/node-tree route=Route{mototwin.online/195.24.71.143:443} protocol=http/1.1 t=1780731728663
06-06 10:42:08.664 27402 27438 W MototwinNet: phase=callStart url=https://mototwin.online/api/vehicles/cmpmggmg900001g9k874bic25/service-events t=1780731728664
06-06 10:42:08.664 27402 27493 W MototwinNet: phase=requestHeadersStart url=https://mototwin.online/api/vehicles/cmpmggmg900001g9k874bic25/node-tree t=1780731728664
06-06 10:42:08.664 27402 27493 W MototwinNet: phase=requestHeadersEnd url=https://mototwin.online/api/vehicles/cmpmggmg900001g9k874bic25/node-tree t=1780731728664
06-06 10:42:08.665 27402 27454 W MototwinNet: phase=connectionAcquired url=https://mototwin.online/api/vehicles/cmpmggmg900001g9k874bic25/service-events route=Route{mototwin.online/195.24.71.143:443} protocol=http/1.1 t=1780731728665
06-06 10:42:08.665 27402 27454 W MototwinNet: phase=requestHeadersStart url=https://mototwin.online/api/vehicles/cmpmggmg900001g9k874bic25/service-events t=1780731728665
06-06 10:42:08.665 27402 27454 W MototwinNet: phase=requestHeadersEnd url=https://mototwin.online/api/vehicles/cmpmggmg900001g9k874bic25/service-events t=1780731728665
06-06 10:42:08.704 27402 27454 W MototwinNet: phase=responseHeadersStart url=https://mototwin.online/api/vehicles/cmpmggmg900001g9k874bic25/service-events t=1780731728704
06-06 10:42:08.704 27402 27454 W MototwinNet: phase=responseHeadersEnd url=https://mototwin.online/api/vehicles/cmpmggmg900001g9k874bic25/service-events t=1780731728704
06-06 10:42:08.705 27402 27454 W MototwinNet: phase=callEnd url=https://mototwin.online/api/vehicles/cmpmggmg900001g9k874bic25/service-events t=1780731728705
06-06 10:42:08.708 27402 27493 W MototwinNet: phase=responseHeadersStart url=https://mototwin.online/api/vehicles/cmpmggmg900001g9k874bic25/node-tree t=1780731728708
06-06 10:42:08.708 27402 27493 W MototwinNet: phase=responseHeadersEnd url=https://mototwin.online/api/vehicles/cmpmggmg900001g9k874bic25/node-tree t=1780731728708
06-06 10:42:08.714 27402 27493 W MototwinNet: phase=callEnd url=https://mototwin.online/api/vehicles/cmpmggmg900001g9k874bic25/node-tree t=1780731728714
06-06 10:42:08.773 27402 27437 W ReactNativeJS: '[AUDIT][H2][api_request_ok]', '{"sessionId":"577880","runId":"audit-v2","hypothesisId":"H2","location":"packages/api-client/src/fetcher.ts:257","message":"api_request_ok","data":{"path":"/api/vehicles/cmpmggmg900001g9k874bic25/service-events","method":"GET","status":200,"durationMs":110},"timestamp":1780731728772}'
06-06 10:42:08.774 27402 27437 W ReactNativeJS: '[AUDIT][H2][api_request_ok]', '{"sessionId":"577880","runId":"audit-v2","hypothesisId":"H2","location":"packages/api-client/src/fetcher.ts:257","message":"api_request_ok","data":{"path":"/api/vehicles/cmpmggmg900001g9k874bic25/node-tree","method":"GET","status":200,"durationMs":114},"timestamp":1780731728774}'
06-06 10:42:08.784 27402 27437 W ReactNativeJS: '[AUDIT][H1][scheduler_enqueue]', '{"sessionId":"577880","runId":"audit-v2","hypothesisId":"H1","location":"apps/app/src/mobile-api-scheduler.ts:78","message":"scheduler_enqueue","data":{"priority":"normal","pathHint":"/api/nodes/top","queueLength":1,"running":0},"timestamp":1780731728784}'
06-06 10:42:08.784 27402 27437 W ReactNativeJS: '[AUDIT][H1][scheduler_start_task]', '{"sessionId":"577880","runId":"audit-v2","hypothesisId":"H1","location":"apps/app/src/mobile-api-scheduler.ts:40","message":"scheduler_start_task","data":{"priority":"normal","pathHint":"/api/nodes/top","queueLength":0,"running":1},"timestamp":1780731728784}'
06-06 10:42:08.785 27402 27437 W ReactNativeJS: '[AUDIT][H1][scheduler_enqueue]', '{"sessionId":"577880","runId":"audit-v2","hypothesisId":"H1","location":"apps/app/src/mobile-api-scheduler.ts:78","message":"scheduler_enqueue","data":{"priority":"normal","pathHint":"/api/expenses?year=2026&vehicleId=cmpmggmg900001g9k874bic25","queueLength":1,"running":1},"timestamp":1780731728784}'
06-06 10:42:08.785 27402 27437 W ReactNativeJS: '[AUDIT][H1][scheduler_start_task]', '{"sessionId":"577880","runId":"audit-v2","hypothesisId":"H1","location":"apps/app/src/mobile-api-scheduler.ts:40","message":"scheduler_start_task","data":{"priority":"normal","pathHint":"/api/expenses?year=2026&vehicleId=cmpmggmg900001g9k874bic25","queueLength":0,"running":2},"timestamp":1780731728785}'
06-06 10:42:08.785 27402 27437 W ReactNativeJS: '[AUDIT][H1][scheduler_enqueue]', '{"sessionId":"577880","runId":"audit-v2","hypothesisId":"H1","location":"apps/app/src/mobile-api-scheduler.ts:78","message":"scheduler_enqueue","data":{"priority":"high","pathHint":"/api/vehicles/cmpmggmg900001g9k874bic25/wishlist","queueLength":1,"running":2},"timestamp":1780731728785}'
06-06 10:42:08.785 27402 27437 W ReactNativeJS: '[AUDIT][H12][api_request_target]', '{"sessionId":"577880","runId":"audit-v2","hypothesisId":"H12","location":"packages/api-client/src/fetcher.ts:221","message":"api_request_target","data":{"path":"/api/nodes/top","fullUrl":"https://mototwin.online/api/nodes/top","baseUrl":"https://mototwin.online","credentials":"omit","hasAuthHeader":true,"isMobileClient":true,"maxAttempts":5},"timestamp":1780731728785}'
06-06 10:42:08.786 27402 27437 W ReactNativeJS: '[AUDIT][H2][api_request_start]', '{"sessionId":"577880","runId":"audit-v2","hypothesisId":"H2","location":"packages/api-client/src/fetcher.ts:221","message":"api_request_start","data":{"path":"/api/nodes/top","method":"GET","timeoutMs":7000,"hasSchedulerSignal":true},"timestamp":1780731728785}'
06-06 10:42:08.787 27402 27437 W ReactNativeJS: '[AUDIT][H12][api_request_target]', '{"sessionId":"577880","runId":"audit-v2","hypothesisId":"H12","location":"packages/api-client/src/fetcher.ts:221","message":"api_request_target","data":{"path":"/api/expenses?year=2026&vehicleId=cmpmggmg900001g9k874bic25","fullUrl":"https://mototwin.online/api/expenses?year=2026&vehicleId=cmpmggmg900001g9k874bic25","baseUrl":"https://mototwin.online","credentials":"omit","hasAuthHeader":true,"isMobileClient":true,"maxAttempts":5},"timestamp":1780731728787}'
06-06 10:42:08.787 27402 27437 W ReactNativeJS: '[AUDIT][H2][api_request_start]', '{"sessionId":"577880","runId":"audit-v2","hypothesisId":"H2","location":"packages/api-client/src/fetcher.ts:221","message":"api_request_start","data":{"path":"/api/expenses?year=2026&vehicleId=cmpmggmg900001g9k874bic25","method":"GET","timeoutMs":7000,"hasSchedulerSignal":true},"timestamp":1780731728787}'
06-06 10:42:08.789 27402 27438 W MototwinNet: phase=callStart url=https://mototwin.online/api/nodes/top t=1780731728789
06-06 10:42:08.790 27402 27493 W MototwinNet: phase=connectionAcquired url=https://mototwin.online/api/nodes/top route=Route{mototwin.online/195.24.71.143:443} protocol=http/1.1 t=1780731728790
06-06 10:42:08.790 27402 27493 W MototwinNet: phase=requestHeadersStart url=https://mototwin.online/api/nodes/top t=1780731728790
06-06 10:42:08.790 27402 27493 W MototwinNet: phase=requestHeadersEnd url=https://mototwin.online/api/nodes/top t=1780731728790
06-06 10:42:08.791 27402 27438 W MototwinNet: phase=callStart url=https://mototwin.online/api/expenses?year=2026&vehicleId=cmpmggmg900001g9k874bic25 t=1780731728791
06-06 10:42:08.793 27402 27454 W MototwinNet: phase=connectionAcquired url=https://mototwin.online/api/expenses?year=2026&vehicleId=cmpmggmg900001g9k874bic25 route=Route{mototwin.online/195.24.71.143:443} protocol=http/1.1 t=1780731728793
06-06 10:42:08.793 27402 27454 W MototwinNet: phase=requestHeadersStart url=https://mototwin.online/api/expenses?year=2026&vehicleId=cmpmggmg900001g9k874bic25 t=1780731728793
06-06 10:42:08.793 27402 27454 W MototwinNet: phase=requestHeadersEnd url=https://mototwin.online/api/expenses?year=2026&vehicleId=cmpmggmg900001g9k874bic25 t=1780731728793
06-06 10:42:08.814 27402 27493 W MototwinNet: phase=responseHeadersStart url=https://mototwin.online/api/nodes/top t=1780731728814
06-06 10:42:08.814 27402 27493 W MototwinNet: phase=responseHeadersEnd url=https://mototwin.online/api/nodes/top t=1780731728814
06-06 10:42:08.814 27402 27454 W MototwinNet: phase=responseHeadersStart url=https://mototwin.online/api/expenses?year=2026&vehicleId=cmpmggmg900001g9k874bic25 t=1780731728814
06-06 10:42:08.814 27402 27454 W MototwinNet: phase=responseHeadersEnd url=https://mototwin.online/api/expenses?year=2026&vehicleId=cmpmggmg900001g9k874bic25 t=1780731728814
06-06 10:42:08.815 27402 27493 W MototwinNet: phase=callEnd url=https://mototwin.online/api/nodes/top t=1780731728815
06-06 10:42:08.815 27402 27454 W MototwinNet: phase=callEnd url=https://mototwin.online/api/expenses?year=2026&vehicleId=cmpmggmg900001g9k874bic25 t=1780731728815
06-06 10:42:08.824 27402 27437 W ReactNativeJS: '[AUDIT][H2][api_request_ok]', '{"sessionId":"577880","runId":"audit-v2","hypothesisId":"H2","location":"packages/api-client/src/fetcher.ts:257","message":"api_request_ok","data":{"path":"/api/nodes/top","method":"GET","status":200,"durationMs":40},"timestamp":1780731728824}'
06-06 10:42:08.825 27402 27437 W ReactNativeJS: '[AUDIT][H2][api_request_ok]', '{"sessionId":"577880","runId":"audit-v2","hypothesisId":"H2","location":"packages/api-client/src/fetcher.ts:257","message":"api_request_ok","data":{"path":"/api/expenses?year=2026&vehicleId=cmpmggmg900001g9k874bic25","method":"GET","status":200,"durationMs":40},"timestamp":1780731728825}'
06-06 10:42:08.827 27402 27437 W ReactNativeJS: '[AUDIT][H1][scheduler_start_task]', '{"sessionId":"577880","runId":"audit-v2","hypothesisId":"H1","location":"apps/app/src/mobile-api-scheduler.ts:40","message":"scheduler_start_task","data":{"priority":"high","pathHint":"/api/vehicles/cmpmggmg900001g9k874bic25/wishlist","queueLength":0,"running":2},"timestamp":1780731728827}'
06-06 10:42:08.827 27402 27437 W ReactNativeJS: '[AUDIT][H12][api_request_target]', '{"sessionId":"577880","runId":"audit-v2","hypothesisId":"H12","location":"packages/api-client/src/fetcher.ts:221","message":"api_request_target","data":{"path":"/api/vehicles/cmpmggmg900001g9k874bic25/wishlist","fullUrl":"https://mototwin.online/api/vehicles/cmpmggmg900001g9k874bic25/wishlist","baseUrl":"https://mototwin.online","credentials":"omit","hasAuthHeader":true,"isMobileClient":true,"maxAttempts":5},"timestamp":1780731728827}'
06-06 10:42:08.828 27402 27437 W ReactNativeJS: '[AUDIT][H2][api_request_start]', '{"sessionId":"577880","runId":"audit-v2","hypothesisId":"H2","location":"packages/api-client/src/fetcher.ts:221","message":"api_request_start","data":{"path":"/api/vehicles/cmpmggmg900001g9k874bic25/wishlist","method":"GET","timeoutMs":7000,"hasSchedulerSignal":true},"timestamp":1780731728828}'
06-06 10:42:08.830 27402 27438 W MototwinNet: phase=callStart url=https://mototwin.online/api/vehicles/cmpmggmg900001g9k874bic25/wishlist t=1780731728830
06-06 10:42:08.831 27402 27454 W MototwinNet: phase=connectionAcquired url=https://mototwin.online/api/vehicles/cmpmggmg900001g9k874bic25/wishlist route=Route{mototwin.online/195.24.71.143:443} protocol=http/1.1 t=1780731728831
06-06 10:42:08.832 27402 27454 W MototwinNet: phase=requestHeadersStart url=https://mototwin.online/api/vehicles/cmpmggmg900001g9k874bic25/wishlist t=1780731728832
06-06 10:42:08.832 27402 27454 W MototwinNet: phase=requestHeadersEnd url=https://mototwin.online/api/vehicles/cmpmggmg900001g9k874bic25/wishlist t=1780731728832
06-06 10:42:08.845 27402 27454 W MototwinNet: phase=responseHeadersStart url=https://mototwin.online/api/vehicles/cmpmggmg900001g9k874bic25/wishlist t=1780731728845
06-06 10:42:08.845 27402 27454 W MototwinNet: phase=responseHeadersEnd url=https://mototwin.online/api/vehicles/cmpmggmg900001g9k874bic25/wishlist t=1780731728845
06-06 10:42:08.847 27402 27454 W MototwinNet: phase=callEnd url=https://mototwin.online/api/vehicles/cmpmggmg900001g9k874bic25/wishlist t=1780731728847
06-06 10:42:08.857 27402 27437 W ReactNativeJS: '[AUDIT][H2][api_request_ok]', '{"sessionId":"577880","runId":"audit-v2","hypothesisId":"H2","location":"packages/api-client/src/fetcher.ts:257","message":"api_request_ok","data":{"path":"/api/vehicles/cmpmggmg900001g9k874bic25/wishlist","method":"GET","status":200,"durationMs":30},"timestamp":1780731728857}'
06-06 10:42:10.630 27402 27437 W ReactNativeJS: '[AUDIT][H8][garage_app_state]', '{"sessionId":"577880","runId":"audit-v4","hypothesisId":"H8","location":"apps/app/app/garage.tsx:205","message":"garage_app_state","data":{"nextState":"background"},"timestamp":1780731730630}'
06-06 10:42:10.630 27402 27437 W ReactNativeJS: '[AUDIT][H8][garage_app_state]', '{"sessionId":"577880","runId":"audit-v4","hypothesisId":"H8","location":"apps/app/app/garage.tsx:205","message":"garage_app_state","data":{"nextState":"background"},"timestamp":1780731730630}'
06-06 10:42:14.793 27531 27531 W MototwinNet: phase=networkState transports=wifi validated=true internet=true t=1780731734793
06-06 10:42:15.346 27531 27566 W ReactNativeJS: '[AUDIT][H8][auth_gate_start]', '{"sessionId":"577880","runId":"audit-v4","hypothesisId":"H8","location":"apps/app/app/_layout.tsx:49","message":"auth_gate_start","data":{"segments":[]},"timestamp":1780731735346}'
06-06 10:42:15.352 27531 27566 W ReactNativeJS: '[AUDIT][H3][route_segments_changed]', '{"sessionId":"577880","runId":"audit-v2","hypothesisId":"H3","location":"apps/app/app/_layout.tsx:90","message":"route_segments_changed","data":{"segments":[]},"timestamp":1780731735352}'
06-06 10:42:15.480 27531 27566 W ReactNativeJS: '[AUDIT][H8][auth_gate_done]', '{"sessionId":"577880","runId":"audit-v7","hypothesisId":"H8","location":"apps/app/app/_layout.tsx:108","message":"auth_gate_done","data":{"hasTokens":true,"ok":true,"onLogin":false,"isPublic":false,"durationMs":135,"mode":"tokens_unblocked","segments":[]},"timestamp":1780731735480}'
06-06 10:42:15.480 27531 27566 W ReactNativeJS: '[AUDIT][H9][refresh_if_needed_enter]', '{"sessionId":"577880","runId":"audit-v4","hypothesisId":"H9","location":"apps/app/src/create-mobile-api-client.ts:81","message":"refresh_if_needed_enter","data":{"hasRefreshInFlight":false},"timestamp":1780731735480}'
06-06 10:42:15.481 27531 27566 W ReactNativeJS: '[AUDIT][H9][refresh_enter]', '{"sessionId":"577880","runId":"audit-v5","hypothesisId":"H9","location":"apps/app/src/create-mobile-api-client.ts:106","message":"refresh_enter","data":{},"timestamp":1780731735480}'
06-06 10:42:15.481 27531 27566 W ReactNativeJS: '[AUDIT][H9][refresh_tokens_read]', '{"sessionId":"577880","runId":"audit-v5","hypothesisId":"H9","location":"apps/app/src/create-mobile-api-client.ts:120","message":"refresh_tokens_read","data":{"hasTokens":true,"durationMs":1},"timestamp":1780731735481}'
06-06 10:42:15.481 27531 27566 W ReactNativeJS: '[AUDIT][H9][refresh_skipped_not_expiring]', '{"sessionId":"577880","runId":"audit-v4","hypothesisId":"H9","location":"apps/app/src/create-mobile-api-client.ts:123","message":"refresh_skipped_not_expiring","data":{"expiresInMs":864727},"timestamp":1780731735481}'
06-06 10:42:15.481 27531 27566 W ReactNativeJS: '[AUDIT][H8][auth_gate_refresh_result]', '{"sessionId":"577880","runId":"audit-v7","hypothesisId":"H8","location":"apps/app/app/_layout.tsx:134","message":"auth_gate_refresh_result","data":{"ok":true,"isPublic":false,"segments":[]},"timestamp":1780731735481}'
06-06 10:42:15.481 27531 27566 W ReactNativeJS: '[AUDIT][H18][auth_gate_warmup_start]', '{"sessionId":"577880","runId":"audit-v11","hypothesisId":"H18","location":"apps/app/app/_layout.tsx:143","message":"auth_gate_warmup_start","data":{"isPublic":false,"segments":[]},"timestamp":1780731735481}'
