06-06 10:43:30.513 27641 27678 W ReactNativeJS: '[AUDIT][H1][scheduler_start_task]', '{"sessionId":"577880","runId":"audit-v2","hypothesisId":"H1","location":"apps/app/src/mobile-api-scheduler.ts:40","message":"scheduler_start_task","data":{"priority":"high","pathHint":"/api/garage","queueLength":0,"running":2},"timestamp":1780731810512}'
06-06 10:43:30.513 27641 27678 W ReactNativeJS: '[AUDIT][H12][api_request_target]', '{"sessionId":"577880","runId":"audit-v2","hypothesisId":"H12","location":"packages/api-client/src/fetcher.ts:221","message":"api_request_target","data":{"path":"/api/garage","fullUrl":"https://mototwin.online/api/garage","baseUrl":"https://mototwin.online","credentials":"omit","hasAuthHeader":true,"isMobileClient":true,"maxAttempts":5},"timestamp":1780731810513}'
06-06 10:43:30.513 27641 27678 W ReactNativeJS: '[AUDIT][H2][api_request_start]', '{"sessionId":"577880","runId":"audit-v2","hypothesisId":"H2","location":"packages/api-client/src/fetcher.ts:221","message":"api_request_start","data":{"path":"/api/garage","method":"GET","timeoutMs":7000,"hasSchedulerSignal":true},"timestamp":1780731810513}'
06-06 10:43:30.516 27641 27679 W MototwinNet: phase=callStart url=https://mototwin.online/api/garage t=1780731810516
06-06 10:43:30.519 27641 27693 W MototwinNet: phase=connectionAcquired url=https://mototwin.online/api/garage route=Route{mototwin.online/195.24.71.143:443} protocol=http/1.1 t=1780731810519
06-06 10:43:30.520 27641 27693 W MototwinNet: phase=requestHeadersStart url=https://mototwin.online/api/garage t=1780731810519
06-06 10:43:30.520 27641 27693 W MototwinNet: phase=requestHeadersEnd url=https://mototwin.online/api/garage t=1780731810520
06-06 10:43:30.522 27641 27678 W ReactNativeJS: '[AUDIT][H1][scheduler_enqueue]', '{"sessionId":"577880","runId":"audit-v2","hypothesisId":"H1","location":"apps/app/src/mobile-api-scheduler.ts:78","message":"scheduler_enqueue","data":{"priority":"normal","pathHint":"/api/nodes/top","queueLength":1,"running":1},"timestamp":1780731810522}'
06-06 10:43:30.522 27641 27678 W ReactNativeJS: '[AUDIT][H1][scheduler_start_task]', '{"sessionId":"577880","runId":"audit-v2","hypothesisId":"H1","location":"apps/app/src/mobile-api-scheduler.ts:40","message":"scheduler_start_task","data":{"priority":"normal","pathHint":"/api/nodes/top","queueLength":0,"running":2},"timestamp":1780731810522}'
06-06 10:43:30.523 27641 27678 W ReactNativeJS: '[AUDIT][H1][scheduler_enqueue]', '{"sessionId":"577880","runId":"audit-v2","hypothesisId":"H1","location":"apps/app/src/mobile-api-scheduler.ts:78","message":"scheduler_enqueue","data":{"priority":"normal","pathHint":"/api/expenses?year=2026&vehicleId=cmpmggmg900001g9k874bic25","queueLength":1,"running":2},"timestamp":1780731810523}'
06-06 10:43:30.524 27641 27678 W ReactNativeJS: '[AUDIT][H1][scheduler_enqueue]', '{"sessionId":"577880","runId":"audit-v2","hypothesisId":"H1","location":"apps/app/src/mobile-api-scheduler.ts:78","message":"scheduler_enqueue","data":{"priority":"high","pathHint":"/api/vehicles/cmpmggmg900001g9k874bic25/wishlist","queueLength":2,"running":2},"timestamp":1780731810523}'
06-06 10:43:30.524 27641 27678 W ReactNativeJS: '[AUDIT][H12][api_request_target]', '{"sessionId":"577880","runId":"audit-v2","hypothesisId":"H12","location":"packages/api-client/src/fetcher.ts:221","message":"api_request_target","data":{"path":"/api/nodes/top","fullUrl":"https://mototwin.online/api/nodes/top","baseUrl":"https://mototwin.online","credentials":"omit","hasAuthHeader":true,"isMobileClient":true,"maxAttempts":5},"timestamp":1780731810524}'
06-06 10:43:30.524 27641 27678 W ReactNativeJS: '[AUDIT][H2][api_request_start]', '{"sessionId":"577880","runId":"audit-v2","hypothesisId":"H2","location":"packages/api-client/src/fetcher.ts:221","message":"api_request_start","data":{"path":"/api/nodes/top","method":"GET","timeoutMs":7000,"hasSchedulerSignal":true},"timestamp":1780731810524}'
06-06 10:43:30.527 27641 27679 W MototwinNet: phase=callStart url=https://mototwin.online/api/nodes/top t=1780731810527
06-06 10:43:30.529 27641 27713 W MototwinNet: phase=connectionAcquired url=https://mototwin.online/api/nodes/top route=Route{mototwin.online/195.24.71.143:443} protocol=http/1.1 t=1780731810529
06-06 10:43:30.529 27641 27713 W MototwinNet: phase=requestHeadersStart url=https://mototwin.online/api/nodes/top t=1780731810529
06-06 10:43:30.530 27641 27713 W MototwinNet: phase=requestHeadersEnd url=https://mototwin.online/api/nodes/top t=1780731810530
06-06 10:43:30.547 27641 27693 W MototwinNet: phase=responseHeadersStart url=https://mototwin.online/api/garage t=1780731810547
06-06 10:43:30.547 27641 27693 W MototwinNet: phase=responseHeadersEnd url=https://mototwin.online/api/garage t=1780731810547
06-06 10:43:30.549 27641 27713 W MototwinNet: phase=responseHeadersStart url=https://mototwin.online/api/nodes/top t=1780731810549
06-06 10:43:30.549 27641 27713 W MototwinNet: phase=responseHeadersEnd url=https://mototwin.online/api/nodes/top t=1780731810549
06-06 10:43:30.550 27641 27693 W MototwinNet: phase=callEnd url=https://mototwin.online/api/garage t=1780731810550
06-06 10:43:30.551 27641 27713 W MototwinNet: phase=callEnd url=https://mototwin.online/api/nodes/top t=1780731810551
06-06 10:43:30.572 27641 27678 W ReactNativeJS: '[AUDIT][H2][api_request_ok]', '{"sessionId":"577880","runId":"audit-v2","hypothesisId":"H2","location":"packages/api-client/src/fetcher.ts:257","message":"api_request_ok","data":{"path":"/api/garage","method":"GET","status":200,"durationMs":58},"timestamp":1780731810571}'
06-06 10:43:30.574 27641 27678 W ReactNativeJS: '[AUDIT][H2][api_request_ok]', '{"sessionId":"577880","runId":"audit-v2","hypothesisId":"H2","location":"packages/api-client/src/fetcher.ts:257","message":"api_request_ok","data":{"path":"/api/nodes/top","method":"GET","status":200,"durationMs":50},"timestamp":1780731810573}'
06-06 10:43:30.576 27641 27678 W ReactNativeJS: '[AUDIT][H1][scheduler_start_task]', '{"sessionId":"577880","runId":"audit-v2","hypothesisId":"H1","location":"apps/app/src/mobile-api-scheduler.ts:40","message":"scheduler_start_task","data":{"priority":"high","pathHint":"/api/vehicles/cmpmggmg900001g9k874bic25/wishlist","queueLength":1,"running":2},"timestamp":1780731810576}'
06-06 10:43:30.576 27641 27678 W ReactNativeJS: '[AUDIT][H12][api_request_target]', '{"sessionId":"577880","runId":"audit-v2","hypothesisId":"H12","location":"packages/api-client/src/fetcher.ts:221","message":"api_request_target","data":{"path":"/api/vehicles/cmpmggmg900001g9k874bic25/wishlist","fullUrl":"https://mototwin.online/api/vehicles/cmpmggmg900001g9k874bic25/wishlist","baseUrl":"https://mototwin.online","credentials":"omit","hasAuthHeader":true,"isMobileClient":true,"maxAttempts":5},"timestamp":1780731810576}'
06-06 10:43:30.576 27641 27678 W ReactNativeJS: '[AUDIT][H2][api_request_start]', '{"sessionId":"577880","runId":"audit-v2","hypothesisId":"H2","location":"packages/api-client/src/fetcher.ts:221","message":"api_request_start","data":{"path":"/api/vehicles/cmpmggmg900001g9k874bic25/wishlist","method":"GET","timeoutMs":7000,"hasSchedulerSignal":true},"timestamp":1780731810576}'
06-06 10:43:30.578 27641 27678 W ReactNativeJS: '[AUDIT][H1][scheduler_start_task]', '{"sessionId":"577880","runId":"audit-v2","hypothesisId":"H1","location":"apps/app/src/mobile-api-scheduler.ts:40","message":"scheduler_start_task","data":{"priority":"normal","pathHint":"/api/expenses?year=2026&vehicleId=cmpmggmg900001g9k874bic25","queueLength":0,"running":2},"timestamp":1780731810578}'
06-06 10:43:30.578 27641 27678 W ReactNativeJS: '[AUDIT][H12][api_request_target]', '{"sessionId":"577880","runId":"audit-v2","hypothesisId":"H12","location":"packages/api-client/src/fetcher.ts:221","message":"api_request_target","data":{"path":"/api/expenses?year=2026&vehicleId=cmpmggmg900001g9k874bic25","fullUrl":"https://mototwin.online/api/expenses?year=2026&vehicleId=cmpmggmg900001g9k874bic25","baseUrl":"https://mototwin.online","credentials":"omit","hasAuthHeader":true,"isMobileClient":true,"maxAttempts":5},"timestamp":1780731810578}'
06-06 10:43:30.579 27641 27678 W ReactNativeJS: '[AUDIT][H2][api_request_start]', '{"sessionId":"577880","runId":"audit-v2","hypothesisId":"H2","location":"packages/api-client/src/fetcher.ts:221","message":"api_request_start","data":{"path":"/api/expenses?year=2026&vehicleId=cmpmggmg900001g9k874bic25","method":"GET","timeoutMs":7000,"hasSchedulerSignal":true},"timestamp":1780731810578}'
06-06 10:43:30.580 27641 27679 W MototwinNet: phase=callStart url=https://mototwin.online/api/vehicles/cmpmggmg900001g9k874bic25/wishlist t=1780731810580
06-06 10:43:30.582 27641 27713 W MototwinNet: phase=connectionAcquired url=https://mototwin.online/api/vehicles/cmpmggmg900001g9k874bic25/wishlist route=Route{mototwin.online/195.24.71.143:443} protocol=http/1.1 t=1780731810582
06-06 10:43:30.582 27641 27679 W MototwinNet: phase=callStart url=https://mototwin.online/api/expenses?year=2026&vehicleId=cmpmggmg900001g9k874bic25 t=1780731810582
06-06 10:43:30.582 27641 27713 W MototwinNet: phase=requestHeadersStart url=https://mototwin.online/api/vehicles/cmpmggmg900001g9k874bic25/wishlist t=1780731810582
06-06 10:43:30.583 27641 27713 W MototwinNet: phase=requestHeadersEnd url=https://mototwin.online/api/vehicles/cmpmggmg900001g9k874bic25/wishlist t=1780731810582
06-06 10:43:30.583 27641 27693 W MototwinNet: phase=connectionAcquired url=https://mototwin.online/api/expenses?year=2026&vehicleId=cmpmggmg900001g9k874bic25 route=Route{mototwin.online/195.24.71.143:443} protocol=http/1.1 t=1780731810583
06-06 10:43:30.584 27641 27693 W MototwinNet: phase=requestHeadersStart url=https://mototwin.online/api/expenses?year=2026&vehicleId=cmpmggmg900001g9k874bic25 t=1780731810584
06-06 10:43:30.585 27641 27693 W MototwinNet: phase=requestHeadersEnd url=https://mototwin.online/api/expenses?year=2026&vehicleId=cmpmggmg900001g9k874bic25 t=1780731810585
06-06 10:43:30.601 27641 27713 W MototwinNet: phase=responseHeadersStart url=https://mototwin.online/api/vehicles/cmpmggmg900001g9k874bic25/wishlist t=1780731810601
06-06 10:43:30.601 27641 27713 W MototwinNet: phase=responseHeadersEnd url=https://mototwin.online/api/vehicles/cmpmggmg900001g9k874bic25/wishlist t=1780731810601
06-06 10:43:30.603 27641 27713 W MototwinNet: phase=callEnd url=https://mototwin.online/api/vehicles/cmpmggmg900001g9k874bic25/wishlist t=1780731810603
06-06 10:43:30.607 27641 27693 W MototwinNet: phase=responseHeadersStart url=https://mototwin.online/api/expenses?year=2026&vehicleId=cmpmggmg900001g9k874bic25 t=1780731810607
06-06 10:43:30.607 27641 27693 W MototwinNet: phase=responseHeadersEnd url=https://mototwin.online/api/expenses?year=2026&vehicleId=cmpmggmg900001g9k874bic25 t=1780731810607
06-06 10:43:30.609 27641 27693 W MototwinNet: phase=callEnd url=https://mototwin.online/api/expenses?year=2026&vehicleId=cmpmggmg900001g9k874bic25 t=1780731810609
06-06 10:43:30.622 27641 27678 W ReactNativeJS: '[AUDIT][H2][api_request_ok]', '{"sessionId":"577880","runId":"audit-v2","hypothesisId":"H2","location":"packages/api-client/src/fetcher.ts:257","message":"api_request_ok","data":{"path":"/api/vehicles/cmpmggmg900001g9k874bic25/wishlist","method":"GET","status":200,"durationMs":46},"timestamp":1780731810622}'
06-06 10:43:30.623 27641 27678 W ReactNativeJS: '[AUDIT][H2][api_request_ok]', '{"sessionId":"577880","runId":"audit-v2","hypothesisId":"H2","location":"packages/api-client/src/fetcher.ts:257","message":"api_request_ok","data":{"path":"/api/expenses?year=2026&vehicleId=cmpmggmg900001g9k874bic25","method":"GET","status":200,"durationMs":45},"timestamp":1780731810623}'
06-06 10:43:31.181 27641 27678 W ReactNativeJS: '[AUDIT][H1][scheduler_cancel_low_priority]', '{"sessionId":"577880","runId":"audit-v2","hypothesisId":"H1","location":"apps/app/src/mobile-api-scheduler.ts:118","message":"scheduler_cancel_low_priority","data":{"runningLowPriority":0,"lowQueuedCount":0,"queueLength":0,"running":0},"timestamp":1780731811181}'
06-06 10:43:31.214 27641 27678 W ReactNativeJS: '[AUDIT][H8][garage_focus_enter]', '{"sessionId":"577880","runId":"audit-v4","hypothesisId":"H8","location":"apps/app/app/garage.tsx:174","message":"garage_focus_enter","data":{"seq":0,"hasLoadedOnce":false},"timestamp":1780731811213}'
06-06 10:43:31.214 27641 27678 W ReactNativeJS: '[AUDIT][H7][garage_load_start]', '{"sessionId":"577880","runId":"audit-v3","hypothesisId":"H7","location":"apps/app/app/garage.tsx:68","message":"garage_load_start","data":{"seq":1,"showBlockingSpinner":true,"hasLoadedOnce":false},"timestamp":1780731811214}'
06-06 10:43:31.214 27641 27678 W ReactNativeJS: '[AUDIT][H1][scheduler_cancel_low_priority]', '{"sessionId":"577880","runId":"audit-v2","hypothesisId":"H1","location":"apps/app/src/mobile-api-scheduler.ts:118","message":"scheduler_cancel_low_priority","data":{"runningLowPriority":0,"lowQueuedCount":0,"queueLength":0,"running":0},"timestamp":1780731811214}'
06-06 10:43:31.214 27641 27678 W ReactNativeJS: '[AUDIT][H12][mobile_api_client_created]', '{"sessionId":"577880","runId":"audit-v9","hypothesisId":"H12","location":"apps/app/src/create-mobile-api-client.ts:39","message":"mobile_api_client_created","data":{"baseUrl":"https://mototwin.online"},"timestamp":1780731811214}'
06-06 10:43:31.214 27641 27678 W ReactNativeJS: '[AUDIT][H1][scheduler_enqueue]', '{"sessionId":"577880","runId":"audit-v2","hypothesisId":"H1","location":"apps/app/src/mobile-api-scheduler.ts:78","message":"scheduler_enqueue","data":{"priority":"high","pathHint":"/api/garage","queueLength":1,"running":0},"timestamp":1780731811214}'
06-06 10:43:31.215 27641 27678 W ReactNativeJS: '[AUDIT][H1][scheduler_start_task]', '{"sessionId":"577880","runId":"audit-v2","hypothesisId":"H1","location":"apps/app/src/mobile-api-scheduler.ts:40","message":"scheduler_start_task","data":{"priority":"high","pathHint":"/api/garage","queueLength":0,"running":1},"timestamp":1780731811214}'
06-06 10:43:31.215 27641 27678 W ReactNativeJS: '[AUDIT][H3][route_segments_changed]', '{"sessionId":"577880","runId":"audit-v2","hypothesisId":"H3","location":"apps/app/app/_layout.tsx:90","message":"route_segments_changed","data":{"segments":["garage"]},"timestamp":1780731811215}'
06-06 10:43:31.216 27641 27678 W ReactNativeJS: '[AUDIT][H12][api_request_target]', '{"sessionId":"577880","runId":"audit-v2","hypothesisId":"H12","location":"packages/api-client/src/fetcher.ts:221","message":"api_request_target","data":{"path":"/api/garage","fullUrl":"https://mototwin.online/api/garage","baseUrl":"https://mototwin.online","credentials":"omit","hasAuthHeader":true,"isMobileClient":true,"maxAttempts":5},"timestamp":1780731811215}'
06-06 10:43:31.216 27641 27678 W ReactNativeJS: '[AUDIT][H2][api_request_start]', '{"sessionId":"577880","runId":"audit-v2","hypothesisId":"H2","location":"packages/api-client/src/fetcher.ts:221","message":"api_request_start","data":{"path":"/api/garage","method":"GET","timeoutMs":7000,"hasSchedulerSignal":true},"timestamp":1780731811216}'
06-06 10:43:31.217 27641 27679 W MototwinNet: phase=callStart url=https://mototwin.online/api/garage t=1780731811217
06-06 10:43:31.218 27641 27693 W MototwinNet: phase=connectionAcquired url=https://mototwin.online/api/garage route=Route{mototwin.online/195.24.71.143:443} protocol=http/1.1 t=1780731811218
06-06 10:43:31.218 27641 27693 W MototwinNet: phase=requestHeadersStart url=https://mototwin.online/api/garage t=1780731811218
06-06 10:43:31.218 27641 27693 W MototwinNet: phase=requestHeadersEnd url=https://mototwin.online/api/garage t=1780731811218
06-06 10:43:31.239 27641 27693 W MototwinNet: phase=responseHeadersStart url=https://mototwin.online/api/garage t=1780731811239
06-06 10:43:31.239 27641 27693 W MototwinNet: phase=responseHeadersEnd url=https://mototwin.online/api/garage t=1780731811239
06-06 10:43:31.241 27641 27693 W MototwinNet: phase=callEnd url=https://mototwin.online/api/garage t=1780731811241
06-06 10:43:31.256 27641 27678 W ReactNativeJS: '[AUDIT][H2][api_request_ok]', '{"sessionId":"577880","runId":"audit-v2","hypothesisId":"H2","location":"packages/api-client/src/fetcher.ts:257","message":"api_request_ok","data":{"path":"/api/garage","method":"GET","status":200,"durationMs":41},"timestamp":1780731811256}'
06-06 10:43:31.258 27641 27678 W ReactNativeJS: '[AUDIT][H1][scheduler_enqueue]', '{"sessionId":"577880","runId":"audit-v2","hypothesisId":"H1","location":"apps/app/src/mobile-api-scheduler.ts:78","message":"scheduler_enqueue","data":{"priority":"high","pathHint":"/api/vehicles/trash","queueLength":1,"running":1},"timestamp":1780731811258}'
06-06 10:43:31.259 27641 27678 W ReactNativeJS: '[AUDIT][H1][scheduler_start_task]', '{"sessionId":"577880","runId":"audit-v2","hypothesisId":"H1","location":"apps/app/src/mobile-api-scheduler.ts:40","message":"scheduler_start_task","data":{"priority":"high","pathHint":"/api/vehicles/trash","queueLength":0,"running":2},"timestamp":1780731811258}'
06-06 10:43:31.259 27641 27678 W ReactNativeJS: '[AUDIT][H1][scheduler_enqueue]', '{"sessionId":"577880","runId":"audit-v2","hypothesisId":"H1","location":"apps/app/src/mobile-api-scheduler.ts:78","message":"scheduler_enqueue","data":{"priority":"normal","pathHint":"/api/notifications?limit=1","queueLength":1,"running":2},"timestamp":1780731811259}'
06-06 10:43:31.259 27641 27678 W ReactNativeJS: '[AUDIT][H1][scheduler_enqueue]', '{"sessionId":"577880","runId":"audit-v2","hypothesisId":"H1","location":"apps/app/src/mobile-api-scheduler.ts:78","message":"scheduler_enqueue","data":{"priority":"normal","pathHint":"/api/subscription/current","queueLength":2,"running":2},"timestamp":1780731811259}'
06-06 10:43:31.260 27641 27678 W ReactNativeJS: '[AUDIT][H1][scheduler_start_task]', '{"sessionId":"577880","runId":"audit-v2","hypothesisId":"H1","location":"apps/app/src/mobile-api-scheduler.ts:40","message":"scheduler_start_task","data":{"priority":"normal","pathHint":"/api/notifications?limit=1","queueLength":1,"running":2},"timestamp":1780731811260}'
06-06 10:43:31.260 27641 27678 W ReactNativeJS: '[AUDIT][H12][api_request_target]', '{"sessionId":"577880","runId":"audit-v2","hypothesisId":"H12","location":"packages/api-client/src/fetcher.ts:221","message":"api_request_target","data":{"path":"/api/vehicles/trash","fullUrl":"https://mototwin.online/api/vehicles/trash","baseUrl":"https://mototwin.online","credentials":"omit","hasAuthHeader":true,"isMobileClient":true,"maxAttempts":5},"timestamp":1780731811260}'
06-06 10:43:31.260 27641 27678 W ReactNativeJS: '[AUDIT][H2][api_request_start]', '{"sessionId":"577880","runId":"audit-v2","hypothesisId":"H2","location":"packages/api-client/src/fetcher.ts:221","message":"api_request_start","data":{"path":"/api/vehicles/trash","method":"GET","timeoutMs":7000,"hasSchedulerSignal":true},"timestamp":1780731811260}'
06-06 10:43:31.261 27641 27678 W ReactNativeJS: '[AUDIT][H12][api_request_target]', '{"sessionId":"577880","runId":"audit-v2","hypothesisId":"H12","location":"packages/api-client/src/fetcher.ts:221","message":"api_request_target","data":{"path":"/api/notifications?limit=1","fullUrl":"https://mototwin.online/api/notifications?limit=1","baseUrl":"https://mototwin.online","credentials":"omit","hasAuthHeader":true,"isMobileClient":true,"maxAttempts":5},"timestamp":1780731811261}'
06-06 10:43:31.262 27641 27678 W ReactNativeJS: '[AUDIT][H2][api_request_start]', '{"sessionId":"577880","runId":"audit-v2","hypothesisId":"H2","location":"packages/api-client/src/fetcher.ts:221","message":"api_request_start","data":{"path":"/api/notifications?limit=1","method":"GET","timeoutMs":7000,"hasSchedulerSignal":true},"timestamp":1780731811261}'
06-06 10:43:31.263 27641 27679 W MototwinNet: phase=callStart url=https://mototwin.online/api/vehicles/trash t=1780731811263
06-06 10:43:31.266 27641 27679 W MototwinNet: phase=callStart url=https://mototwin.online/api/notifications?limit=1 t=1780731811266
06-06 10:43:31.267 27641 27693 W MototwinNet: phase=connectionAcquired url=https://mototwin.online/api/vehicles/trash route=Route{mototwin.online/195.24.71.143:443} protocol=http/1.1 t=1780731811267
06-06 10:43:31.267 27641 27713 W MototwinNet: phase=connectionAcquired url=https://mototwin.online/api/notifications?limit=1 route=Route{mototwin.online/195.24.71.143:443} protocol=http/1.1 t=1780731811267
06-06 10:43:31.268 27641 27713 W MototwinNet: phase=requestHeadersStart url=https://mototwin.online/api/notifications?limit=1 t=1780731811267
06-06 10:43:31.268 27641 27693 W MototwinNet: phase=requestHeadersStart url=https://mototwin.online/api/vehicles/trash t=1780731811267
06-06 10:43:31.268 27641 27713 W MototwinNet: phase=requestHeadersEnd url=https://mototwin.online/api/notifications?limit=1 t=1780731811268
06-06 10:43:31.268 27641 27693 W MototwinNet: phase=requestHeadersEnd url=https://mototwin.online/api/vehicles/trash t=1780731811268
06-06 10:43:31.289 27641 27713 W MototwinNet: phase=responseHeadersStart url=https://mototwin.online/api/notifications?limit=1 t=1780731811289
06-06 10:43:31.289 27641 27713 W MototwinNet: phase=responseHeadersEnd url=https://mototwin.online/api/notifications?limit=1 t=1780731811289
06-06 10:43:31.291 27641 27693 W MototwinNet: phase=responseHeadersStart url=https://mototwin.online/api/vehicles/trash t=1780731811291
06-06 10:43:31.291 27641 27713 W MototwinNet: phase=callEnd url=https://mototwin.online/api/notifications?limit=1 t=1780731811291
06-06 10:43:31.291 27641 27693 W MototwinNet: phase=responseHeadersEnd url=https://mototwin.online/api/vehicles/trash t=1780731811291
06-06 10:43:31.292 27641 27693 W MototwinNet: phase=callEnd url=https://mototwin.online/api/vehicles/trash t=1780731811292
06-06 10:43:31.375 27641 27678 W ReactNativeJS: '[AUDIT][H2][api_request_ok]', '{"sessionId":"577880","runId":"audit-v2","hypothesisId":"H2","location":"packages/api-client/src/fetcher.ts:257","message":"api_request_ok","data":{"path":"/api/notifications?limit=1","method":"GET","status":200,"durationMs":115},"timestamp":1780731811375}'
06-06 10:43:31.380 27641 27678 W ReactNativeJS: '[AUDIT][H2][api_request_ok]', '{"sessionId":"577880","runId":"audit-v2","hypothesisId":"H2","location":"packages/api-client/src/fetcher.ts:257","message":"api_request_ok","data":{"path":"/api/vehicles/trash","method":"GET","status":200,"durationMs":121},"timestamp":1780731811380}'
06-06 10:43:31.383 27641 27678 W ReactNativeJS: '[AUDIT][H1][scheduler_start_task]', '{"sessionId":"577880","runId":"audit-v2","hypothesisId":"H1","location":"apps/app/src/mobile-api-scheduler.ts:40","message":"scheduler_start_task","data":{"priority":"normal","pathHint":"/api/subscription/current","queueLength":0,"running":2},"timestamp":1780731811383}'
06-06 10:43:31.384 27641 27678 W ReactNativeJS: '[AUDIT][H12][api_request_target]', '{"sessionId":"577880","runId":"audit-v2","hypothesisId":"H12","location":"packages/api-client/src/fetcher.ts:221","message":"api_request_target","data":{"path":"/api/subscription/current","fullUrl":"https://mototwin.online/api/subscription/current","baseUrl":"https://mototwin.online","credentials":"omit","hasAuthHeader":true,"isMobileClient":true,"maxAttempts":5},"timestamp":1780731811383}'
06-06 10:43:31.384 27641 27678 W ReactNativeJS: '[AUDIT][H2][api_request_start]', '{"sessionId":"577880","runId":"audit-v2","hypothesisId":"H2","location":"packages/api-client/src/fetcher.ts:221","message":"api_request_start","data":{"path":"/api/subscription/current","method":"GET","timeoutMs":7000,"hasSchedulerSignal":true},"timestamp":1780731811384}'
06-06 10:43:31.386 27641 27679 W MototwinNet: phase=callStart url=https://mototwin.online/api/subscription/current t=1780731811386
06-06 10:43:31.387 27641 27693 W MototwinNet: phase=connectionAcquired url=https://mototwin.online/api/subscription/current route=Route{mototwin.online/195.24.71.143:443} protocol=http/1.1 t=1780731811387
06-06 10:43:31.388 27641 27693 W MototwinNet: phase=requestHeadersStart url=https://mototwin.online/api/subscription/current t=1780731811388
06-06 10:43:31.388 27641 27693 W MototwinNet: phase=requestHeadersEnd url=https://mototwin.online/api/subscription/current t=1780731811388
06-06 10:43:31.401 27641 27693 W MototwinNet: phase=responseHeadersStart url=https://mototwin.online/api/subscription/current t=1780731811401
06-06 10:43:31.401 27641 27693 W MototwinNet: phase=responseHeadersEnd url=https://mototwin.online/api/subscription/current t=1780731811401
06-06 10:43:31.403 27641 27693 W MototwinNet: phase=callEnd url=https://mototwin.online/api/subscription/current t=1780731811403
06-06 10:43:31.420 27641 27678 W ReactNativeJS: '[AUDIT][H2][api_request_ok]', '{"sessionId":"577880","runId":"audit-v2","hypothesisId":"H2","location":"packages/api-client/src/fetcher.ts:257","message":"api_request_ok","data":{"path":"/api/subscription/current","method":"GET","status":200,"durationMs":37},"timestamp":1780731811420}'
06-06 10:43:33.422 27641 27678 W ReactNativeJS: '[AUDIT][H8][garage_app_state]', '{"sessionId":"577880","runId":"audit-v4","hypothesisId":"H8","location":"apps/app/app/garage.tsx:205","message":"garage_app_state","data":{"nextState":"background"},"timestamp":1780731813421}'
06-06 10:43:33.422 27641 27678 W ReactNativeJS: '[AUDIT][H8][garage_app_state]', '{"sessionId":"577880","runId":"audit-v4","hypothesisId":"H8","location":"apps/app/app/garage.tsx:205","message":"garage_app_state","data":{"nextState":"background"},"timestamp":1780731813422}'
