--------- beginning of main
06-06 10:25:12.365 22518 22551 W ReactNativeJS: '[AUDIT][H8][auth_gate_start]', '{"sessionId":"577880","runId":"audit-v4","hypothesisId":"H8","location":"apps/app/app/_layout.tsx:49","message":"auth_gate_start","data":{"segments":[]},"timestamp":1780730712364}'
06-06 10:25:12.372 22518 22551 W ReactNativeJS: '[AUDIT][H3][route_segments_changed]', '{"sessionId":"577880","runId":"audit-v2","hypothesisId":"H3","location":"apps/app/app/_layout.tsx:90","message":"route_segments_changed","data":{"segments":[]},"timestamp":1780730712372}'
06-06 10:25:12.552 22518 22551 W ReactNativeJS: '[AUDIT][H8][auth_gate_done]', '{"sessionId":"577880","runId":"audit-v7","hypothesisId":"H8","location":"apps/app/app/_layout.tsx:78","message":"auth_gate_done","data":{"hasTokens":false,"ok":false,"onLogin":false,"isPublic":true,"durationMs":188,"mode":"no_tokens","segments":[]},"timestamp":1780730712552}'
06-06 10:25:12.701 22518 22551 W ReactNativeJS: '[AUDIT][H3][route_segments_changed]', '{"sessionId":"577880","runId":"audit-v2","hypothesisId":"H3","location":"apps/app/app/_layout.tsx:90","message":"route_segments_changed","data":{"segments":[]},"timestamp":1780730712701}'
06-06 10:25:14.536 22518 22551 W ReactNativeJS: '[AUDIT][H8][garage_focus_enter]', '{"sessionId":"577880","runId":"audit-v4","hypothesisId":"H8","location":"apps/app/app/garage.tsx:174","message":"garage_focus_enter","data":{"seq":0,"hasLoadedOnce":false},"timestamp":1780730714536}'
06-06 10:25:14.536 22518 22551 W ReactNativeJS: '[AUDIT][H7][garage_load_start]', '{"sessionId":"577880","runId":"audit-v3","hypothesisId":"H7","location":"apps/app/app/garage.tsx:68","message":"garage_load_start","data":{"seq":1,"showBlockingSpinner":true,"hasLoadedOnce":false},"timestamp":1780730714536}'
06-06 10:25:14.537 22518 22551 W ReactNativeJS: '[AUDIT][H1][scheduler_cancel_low_priority]', '{"sessionId":"577880","runId":"audit-v2","hypothesisId":"H1","location":"apps/app/src/mobile-api-scheduler.ts:118","message":"scheduler_cancel_low_priority","data":{"runningLowPriority":0,"lowQueuedCount":0,"queueLength":0,"running":0},"timestamp":1780730714536}'
06-06 10:25:14.537 22518 22551 W ReactNativeJS: '[AUDIT][H12][mobile_api_client_created]', '{"sessionId":"577880","runId":"audit-v9","hypothesisId":"H12","location":"apps/app/src/create-mobile-api-client.ts:39","message":"mobile_api_client_created","data":{"baseUrl":"https://mototwin.online"},"timestamp":1780730714537}'
06-06 10:25:14.537 22518 22551 W ReactNativeJS: '[AUDIT][H1][scheduler_enqueue]', '{"sessionId":"577880","runId":"audit-v2","hypothesisId":"H1","location":"apps/app/src/mobile-api-scheduler.ts:78","message":"scheduler_enqueue","data":{"priority":"high","pathHint":"/api/garage","queueLength":1,"running":0},"timestamp":1780730714537}'
06-06 10:25:14.537 22518 22551 W ReactNativeJS: '[AUDIT][H1][scheduler_start_task]', '{"sessionId":"577880","runId":"audit-v2","hypothesisId":"H1","location":"apps/app/src/mobile-api-scheduler.ts:40","message":"scheduler_start_task","data":{"priority":"high","pathHint":"/api/garage","queueLength":0,"running":1},"timestamp":1780730714537}'
06-06 10:25:14.538 22518 22551 W ReactNativeJS: '[AUDIT][H3][route_segments_changed]', '{"sessionId":"577880","runId":"audit-v2","hypothesisId":"H3","location":"apps/app/app/_layout.tsx:90","message":"route_segments_changed","data":{"segments":["garage"]},"timestamp":1780730714538}'
06-06 10:25:14.540 22518 22551 W ReactNativeJS: '[AUDIT][H8][garage_app_state]', '{"sessionId":"577880","runId":"audit-v4","hypothesisId":"H8","location":"apps/app/app/garage.tsx:205","message":"garage_app_state","data":{"nextState":"active"},"timestamp":1780730714540}'
06-06 10:25:14.540 22518 22551 W ReactNativeJS: '[AUDIT][H12][api_request_target]', '{"sessionId":"577880","runId":"audit-v2","hypothesisId":"H12","location":"packages/api-client/src/fetcher.ts:221","message":"api_request_target","data":{"path":"/api/garage","fullUrl":"https://mototwin.online/api/garage","baseUrl":"https://mototwin.online","credentials":"omit","hasAuthHeader":false,"isMobileClient":true,"maxAttempts":5},"timestamp":1780730714540}'
06-06 10:25:14.540 22518 22551 W ReactNativeJS: '[AUDIT][H2][api_request_start]', '{"sessionId":"577880","runId":"audit-v2","hypothesisId":"H2","location":"packages/api-client/src/fetcher.ts:221","message":"api_request_start","data":{"path":"/api/garage","method":"GET","timeoutMs":7000,"hasSchedulerSignal":true},"timestamp":1780730714540}'
06-06 10:25:14.550 22518 22552 W MototwinNet: phase=callStart url=https://mototwin.online/api/garage t=1780730714550
06-06 10:25:14.556 22518 22595 W MototwinNet: phase=dnsStart url=https://mototwin.online/api/garage t=1780730714556
06-06 10:25:14.560 22518 22595 W MototwinNet: phase=dnsEnd url=https://mototwin.online/api/garage t=1780730714560
06-06 10:25:14.561 22518 22595 W MototwinNet: phase=connectStart url=https://mototwin.online/api/garage address=mototwin.online/195.24.71.143:443 proxy=DIRECT t=1780730714561
06-06 10:25:14.572 22518 22595 W MototwinNet: phase=secureConnectStart url=https://mototwin.online/api/garage t=1780730714572
06-06 10:25:14.619 22518 22595 W MototwinNet: phase=secureConnectEnd url=https://mototwin.online/api/garage t=1780730714619
06-06 10:25:14.619 22518 22595 W MototwinNet: phase=connectEnd url=https://mototwin.online/api/garage address=mototwin.online/195.24.71.143:443 proxy=DIRECT protocol=http/1.1 t=1780730714619
06-06 10:25:14.620 22518 22595 W MototwinNet: phase=connectionAcquired url=https://mototwin.online/api/garage route=Route{mototwin.online/195.24.71.143:443} protocol=http/1.1 t=1780730714620
06-06 10:25:14.621 22518 22595 W MototwinNet: phase=requestHeadersStart url=https://mototwin.online/api/garage t=1780730714621
06-06 10:25:14.621 22518 22595 W MototwinNet: phase=requestHeadersEnd url=https://mototwin.online/api/garage t=1780730714621
06-06 10:25:14.631 22518 22595 W MototwinNet: phase=responseHeadersStart url=https://mototwin.online/api/garage t=1780730714630
06-06 10:25:14.631 22518 22595 W MototwinNet: phase=responseHeadersEnd url=https://mototwin.online/api/garage t=1780730714631
06-06 10:25:14.633 22518 22595 W MototwinNet: phase=callEnd url=https://mototwin.online/api/garage t=1780730714633
06-06 10:25:14.644 22518 22551 W ReactNativeJS: '[AUDIT][H7][garage_load_first_error]', '{"sessionId":"577880","runId":"audit-v3","hypothesisId":"H7","location":"apps/app/app/garage.tsx:96","message":"garage_load_first_error","data":{"seq":1,"isTimeout":false,"message":"Требуется вход в аккаунт."},"timestamp":1780730714644}'
06-06 10:25:14.645 22518 22551 W ReactNativeJS: '[AUDIT][H7][garage_load_error]', '{"sessionId":"577880","runId":"audit-v3","hypothesisId":"H7","location":"apps/app/app/garage.tsx:141","message":"garage_load_error","data":{"seq":1,"message":"Требуется вход в аккаунт.","isTimeout":false},"timestamp":1780730714644}'
06-06 10:25:14.645 22518 22551 E ReactNativeJS: [Error: Требуется вход в аккаунт.]
06-06 10:25:14.747 22518 22551 W ReactNativeJS: '[AUDIT][H8][garage_focus_leave]', '{"sessionId":"577880","runId":"audit-v4","hypothesisId":"H8","location":"apps/app/app/garage.tsx:189","message":"garage_focus_leave","data":{"seq":1},"timestamp":1780730714747}'
06-06 10:25:14.762 22518 22551 W ReactNativeJS: '[AUDIT][H3][route_segments_changed]', '{"sessionId":"577880","runId":"audit-v2","hypothesisId":"H3","location":"apps/app/app/_layout.tsx:90","message":"route_segments_changed","data":{"segments":["login"]},"timestamp":1780730714762}'
06-06 10:25:18.704 22518 22551 W ReactNativeJS: '[AUDIT][H12][mobile_api_client_created]', '{"sessionId":"577880","runId":"audit-v9","hypothesisId":"H12","location":"apps/app/src/create-mobile-api-client.ts:39","message":"mobile_api_client_created","data":{"baseUrl":"https://mototwin.online"},"timestamp":1780730718703}'
06-06 10:25:18.704 22518 22551 W ReactNativeJS: '[AUDIT][H1][scheduler_enqueue]', '{"sessionId":"577880","runId":"audit-v2","hypothesisId":"H1","location":"apps/app/src/mobile-api-scheduler.ts:78","message":"scheduler_enqueue","data":{"priority":"high","pathHint":"/api/auth/login","queueLength":1,"running":0},"timestamp":1780730718704}'
06-06 10:25:18.704 22518 22551 W ReactNativeJS: '[AUDIT][H1][scheduler_start_task]', '{"sessionId":"577880","runId":"audit-v2","hypothesisId":"H1","location":"apps/app/src/mobile-api-scheduler.ts:40","message":"scheduler_start_task","data":{"priority":"high","pathHint":"/api/auth/login","queueLength":0,"running":1},"timestamp":1780730718704}'
06-06 10:25:18.713 22518 22551 W ReactNativeJS: '[AUDIT][H12][api_request_target]', '{"sessionId":"577880","runId":"audit-v2","hypothesisId":"H12","location":"packages/api-client/src/fetcher.ts:221","message":"api_request_target","data":{"path":"/api/auth/login","fullUrl":"https://mototwin.online/api/auth/login","baseUrl":"https://mototwin.online","credentials":"omit","hasAuthHeader":false,"isMobileClient":true,"maxAttempts":1},"timestamp":1780730718713}'
06-06 10:25:18.713 22518 22551 W ReactNativeJS: '[AUDIT][H2][api_request_start]', '{"sessionId":"577880","runId":"audit-v2","hypothesisId":"H2","location":"packages/api-client/src/fetcher.ts:221","message":"api_request_start","data":{"path":"/api/auth/login","method":"POST","timeoutMs":7000,"hasSchedulerSignal":true},"timestamp":1780730718713}'
06-06 10:25:18.716 22518 22552 W MototwinNet: phase=callStart url=https://mototwin.online/api/auth/login t=1780730718716
06-06 10:25:18.718 22518 22595 W MototwinNet: phase=connectionAcquired url=https://mototwin.online/api/auth/login route=Route{mototwin.online/195.24.71.143:443} protocol=http/1.1 t=1780730718718
06-06 10:25:18.718 22518 22595 W MototwinNet: phase=requestHeadersStart url=https://mototwin.online/api/auth/login t=1780730718718
06-06 10:25:18.718 22518 22595 W MototwinNet: phase=requestHeadersEnd url=https://mototwin.online/api/auth/login t=1780730718718
06-06 10:25:19.072 22518 22595 W MototwinNet: phase=responseHeadersStart url=https://mototwin.online/api/auth/login t=1780730719072
06-06 10:25:19.072 22518 22595 W MototwinNet: phase=responseHeadersEnd url=https://mototwin.online/api/auth/login t=1780730719072
06-06 10:25:19.073 22518 22595 W MototwinNet: phase=callEnd url=https://mototwin.online/api/auth/login t=1780730719073
06-06 10:25:19.086 22518 22551 W ReactNativeJS: '[AUDIT][H2][api_request_ok]', '{"sessionId":"577880","runId":"audit-v2","hypothesisId":"H2","location":"packages/api-client/src/fetcher.ts:257","message":"api_request_ok","data":{"path":"/api/auth/login","method":"POST","status":200,"durationMs":381},"timestamp":1780730719086}'
06-06 10:25:19.160 22518 22551 W ReactNativeJS: '[AUDIT][H8][garage_focus_enter]', '{"sessionId":"577880","runId":"audit-v4","hypothesisId":"H8","location":"apps/app/app/garage.tsx:174","message":"garage_focus_enter","data":{"seq":0,"hasLoadedOnce":false},"timestamp":1780730719159}'
06-06 10:25:19.164 22518 22551 W ReactNativeJS: '[AUDIT][H7][garage_load_start]', '{"sessionId":"577880","runId":"audit-v3","hypothesisId":"H7","location":"apps/app/app/garage.tsx:68","message":"garage_load_start","data":{"seq":1,"showBlockingSpinner":true,"hasLoadedOnce":false},"timestamp":1780730719160}'
06-06 10:25:19.164 22518 22551 W ReactNativeJS: '[AUDIT][H1][scheduler_cancel_low_priority]', '{"sessionId":"577880","runId":"audit-v2","hypothesisId":"H1","location":"apps/app/src/mobile-api-scheduler.ts:118","message":"scheduler_cancel_low_priority","data":{"runningLowPriority":0,"lowQueuedCount":0,"queueLength":0,"running":0},"timestamp":1780730719164}'
06-06 10:25:19.164 22518 22551 W ReactNativeJS: '[AUDIT][H12][mobile_api_client_created]', '{"sessionId":"577880","runId":"audit-v9","hypothesisId":"H12","location":"apps/app/src/create-mobile-api-client.ts:39","message":"mobile_api_client_created","data":{"baseUrl":"https://mototwin.online"},"timestamp":1780730719164}'
06-06 10:25:19.165 22518 22551 W ReactNativeJS: '[AUDIT][H1][scheduler_enqueue]', '{"sessionId":"577880","runId":"audit-v2","hypothesisId":"H1","location":"apps/app/src/mobile-api-scheduler.ts:78","message":"scheduler_enqueue","data":{"priority":"high","pathHint":"/api/garage","queueLength":1,"running":0},"timestamp":1780730719165}'
06-06 10:25:19.165 22518 22551 W ReactNativeJS: '[AUDIT][H1][scheduler_start_task]', '{"sessionId":"577880","runId":"audit-v2","hypothesisId":"H1","location":"apps/app/src/mobile-api-scheduler.ts:40","message":"scheduler_start_task","data":{"priority":"high","pathHint":"/api/garage","queueLength":0,"running":1},"timestamp":1780730719165}'
06-06 10:25:19.166 22518 22551 W ReactNativeJS: '[AUDIT][H3][route_segments_changed]', '{"sessionId":"577880","runId":"audit-v2","hypothesisId":"H3","location":"apps/app/app/_layout.tsx:90","message":"route_segments_changed","data":{"segments":["garage"]},"timestamp":1780730719166}'
06-06 10:25:19.167 22518 22551 W ReactNativeJS: '[AUDIT][H12][api_request_target]', '{"sessionId":"577880","runId":"audit-v2","hypothesisId":"H12","location":"packages/api-client/src/fetcher.ts:221","message":"api_request_target","data":{"path":"/api/garage","fullUrl":"https://mototwin.online/api/garage","baseUrl":"https://mototwin.online","credentials":"omit","hasAuthHeader":true,"isMobileClient":true,"maxAttempts":5},"timestamp":1780730719167}'
06-06 10:25:19.167 22518 22551 W ReactNativeJS: '[AUDIT][H2][api_request_start]', '{"sessionId":"577880","runId":"audit-v2","hypothesisId":"H2","location":"packages/api-client/src/fetcher.ts:221","message":"api_request_start","data":{"path":"/api/garage","method":"GET","timeoutMs":7000,"hasSchedulerSignal":true},"timestamp":1780730719167}'
06-06 10:25:19.171 22518 22552 W MototwinNet: phase=callStart url=https://mototwin.online/api/garage t=1780730719171
06-06 10:25:19.172 22518 22595 W MototwinNet: phase=connectionAcquired url=https://mototwin.online/api/garage route=Route{mototwin.online/195.24.71.143:443} protocol=http/1.1 t=1780730719172
06-06 10:25:19.172 22518 22595 W MototwinNet: phase=requestHeadersStart url=https://mototwin.online/api/garage t=1780730719172
06-06 10:25:19.173 22518 22595 W MototwinNet: phase=requestHeadersEnd url=https://mototwin.online/api/garage t=1780730719173
06-06 10:25:19.204 22518 22595 W MototwinNet: phase=responseHeadersStart url=https://mototwin.online/api/garage t=1780730719204
06-06 10:25:19.205 22518 22595 W MototwinNet: phase=responseHeadersEnd url=https://mototwin.online/api/garage t=1780730719205
06-06 10:25:19.207 22518 22595 W MototwinNet: phase=callEnd url=https://mototwin.online/api/garage t=1780730719207
06-06 10:25:19.234 22518 22551 W ReactNativeJS: '[AUDIT][H2][api_request_ok]', '{"sessionId":"577880","runId":"audit-v2","hypothesisId":"H2","location":"packages/api-client/src/fetcher.ts:257","message":"api_request_ok","data":{"path":"/api/garage","method":"GET","status":200,"durationMs":69},"timestamp":1780730719234}'
06-06 10:25:19.236 22518 22551 W ReactNativeJS: '[AUDIT][H1][scheduler_enqueue]', '{"sessionId":"577880","runId":"audit-v2","hypothesisId":"H1","location":"apps/app/src/mobile-api-scheduler.ts:78","message":"scheduler_enqueue","data":{"priority":"high","pathHint":"/api/vehicles/trash","queueLength":1,"running":1},"timestamp":1780730719236}'
06-06 10:25:19.237 22518 22551 W ReactNativeJS: '[AUDIT][H1][scheduler_start_task]', '{"sessionId":"577880","runId":"audit-v2","hypothesisId":"H1","location":"apps/app/src/mobile-api-scheduler.ts:40","message":"scheduler_start_task","data":{"priority":"high","pathHint":"/api/vehicles/trash","queueLength":0,"running":2},"timestamp":1780730719237}'
06-06 10:25:19.237 22518 22551 W ReactNativeJS: '[AUDIT][H1][scheduler_enqueue]', '{"sessionId":"577880","runId":"audit-v2","hypothesisId":"H1","location":"apps/app/src/mobile-api-scheduler.ts:78","message":"scheduler_enqueue","data":{"priority":"normal","pathHint":"/api/notifications?limit=1","queueLength":1,"running":2},"timestamp":1780730719237}'
06-06 10:25:19.241 22518 22551 W ReactNativeJS: '[AUDIT][H1][scheduler_enqueue]', '{"sessionId":"577880","runId":"audit-v2","hypothesisId":"H1","location":"apps/app/src/mobile-api-scheduler.ts:78","message":"scheduler_enqueue","data":{"priority":"normal","pathHint":"/api/subscription/current","queueLength":2,"running":2},"timestamp":1780730719237}'
06-06 10:25:19.242 22518 22551 W ReactNativeJS: '[AUDIT][H1][scheduler_start_task]', '{"sessionId":"577880","runId":"audit-v2","hypothesisId":"H1","location":"apps/app/src/mobile-api-scheduler.ts:40","message":"scheduler_start_task","data":{"priority":"normal","pathHint":"/api/notifications?limit=1","queueLength":1,"running":2},"timestamp":1780730719241}'
06-06 10:25:19.242 22518 22551 W ReactNativeJS: '[AUDIT][H12][api_request_target]', '{"sessionId":"577880","runId":"audit-v2","hypothesisId":"H12","location":"packages/api-client/src/fetcher.ts:221","message":"api_request_target","data":{"path":"/api/vehicles/trash","fullUrl":"https://mototwin.online/api/vehicles/trash","baseUrl":"https://mototwin.online","credentials":"omit","hasAuthHeader":true,"isMobileClient":true,"maxAttempts":5},"timestamp":1780730719242}'
06-06 10:25:19.242 22518 22551 W ReactNativeJS: '[AUDIT][H2][api_request_start]', '{"sessionId":"577880","runId":"audit-v2","hypothesisId":"H2","location":"packages/api-client/src/fetcher.ts:221","message":"api_request_start","data":{"path":"/api/vehicles/trash","method":"GET","timeoutMs":7000,"hasSchedulerSignal":true},"timestamp":1780730719242}'
06-06 10:25:19.244 22518 22551 W ReactNativeJS: '[AUDIT][H12][api_request_target]', '{"sessionId":"577880","runId":"audit-v2","hypothesisId":"H12","location":"packages/api-client/src/fetcher.ts:221","message":"api_request_target","data":{"path":"/api/notifications?limit=1","fullUrl":"https://mototwin.online/api/notifications?limit=1","baseUrl":"https://mototwin.online","credentials":"omit","hasAuthHeader":true,"isMobileClient":true,"maxAttempts":5},"timestamp":1780730719243}'
06-06 10:25:19.244 22518 22551 W ReactNativeJS: '[AUDIT][H2][api_request_start]', '{"sessionId":"577880","runId":"audit-v2","hypothesisId":"H2","location":"packages/api-client/src/fetcher.ts:221","message":"api_request_start","data":{"path":"/api/notifications?limit=1","method":"GET","timeoutMs":7000,"hasSchedulerSignal":true},"timestamp":1780730719244}'
06-06 10:25:19.245 22518 22552 W MototwinNet: phase=callStart url=https://mototwin.online/api/vehicles/trash t=1780730719245
06-06 10:25:19.249 22518 22552 W MototwinNet: phase=callStart url=https://mototwin.online/api/notifications?limit=1 t=1780730719249
06-06 10:25:19.252 22518 22595 W MototwinNet: phase=connectionAcquired url=https://mototwin.online/api/vehicles/trash route=Route{mototwin.online/195.24.71.143:443} protocol=http/1.1 t=1780730719252
06-06 10:25:19.252 22518 22595 W MototwinNet: phase=requestHeadersStart url=https://mototwin.online/api/vehicles/trash t=1780730719252
06-06 10:25:19.252 22518 22595 W MototwinNet: phase=requestHeadersEnd url=https://mototwin.online/api/vehicles/trash t=1780730719252
06-06 10:25:19.258 22518 22877 W MototwinNet: phase=dnsStart url=https://mototwin.online/api/notifications?limit=1 t=1780730719258
06-06 10:25:19.272 22518 22877 W MototwinNet: phase=dnsEnd url=https://mototwin.online/api/notifications?limit=1 t=1780730719272
06-06 10:25:19.272 22518 22877 W MototwinNet: phase=connectStart url=https://mototwin.online/api/notifications?limit=1 address=mototwin.online/195.24.71.143:443 proxy=DIRECT t=1780730719272
06-06 10:25:19.282 22518 22595 W MototwinNet: phase=responseHeadersStart url=https://mototwin.online/api/vehicles/trash t=1780730719282
06-06 10:25:19.282 22518 22595 W MototwinNet: phase=responseHeadersEnd url=https://mototwin.online/api/vehicles/trash t=1780730719282
06-06 10:25:19.284 22518 22877 W MototwinNet: phase=secureConnectStart url=https://mototwin.online/api/notifications?limit=1 t=1780730719284
06-06 10:25:19.284 22518 22595 W MototwinNet: phase=callEnd url=https://mototwin.online/api/vehicles/trash t=1780730719284
06-06 10:25:19.522 22518 22551 W ReactNativeJS: '[AUDIT][H2][api_request_ok]', '{"sessionId":"577880","runId":"audit-v2","hypothesisId":"H2","location":"packages/api-client/src/fetcher.ts:257","message":"api_request_ok","data":{"path":"/api/vehicles/trash","method":"GET","status":200,"durationMs":284},"timestamp":1780730719521}'
06-06 10:25:19.524 22518 22551 W ReactNativeJS: '[AUDIT][H1][scheduler_start_task]', '{"sessionId":"577880","runId":"audit-v2","hypothesisId":"H1","location":"apps/app/src/mobile-api-scheduler.ts:40","message":"scheduler_start_task","data":{"priority":"normal","pathHint":"/api/subscription/current","queueLength":0,"running":2},"timestamp":1780730719524}'
06-06 10:25:19.525 22518 22551 W ReactNativeJS: '[AUDIT][H12][api_request_target]', '{"sessionId":"577880","runId":"audit-v2","hypothesisId":"H12","location":"packages/api-client/src/fetcher.ts:221","message":"api_request_target","data":{"path":"/api/subscription/current","fullUrl":"https://mototwin.online/api/subscription/current","baseUrl":"https://mototwin.online","credentials":"omit","hasAuthHeader":true,"isMobileClient":true,"maxAttempts":5},"timestamp":1780730719524}'
06-06 10:25:19.525 22518 22551 W ReactNativeJS: '[AUDIT][H2][api_request_start]', '{"sessionId":"577880","runId":"audit-v2","hypothesisId":"H2","location":"packages/api-client/src/fetcher.ts:221","message":"api_request_start","data":{"path":"/api/subscription/current","method":"GET","timeoutMs":7000,"hasSchedulerSignal":true},"timestamp":1780730719525}'
06-06 10:25:19.529 22518 22552 W MototwinNet: phase=callStart url=https://mototwin.online/api/subscription/current t=1780730719529
06-06 10:25:19.530 22518 22595 W MototwinNet: phase=connectionAcquired url=https://mototwin.online/api/subscription/current route=Route{mototwin.online/195.24.71.143:443} protocol=http/1.1 t=1780730719530
06-06 10:25:19.530 22518 22595 W MototwinNet: phase=requestHeadersStart url=https://mototwin.online/api/subscription/current t=1780730719530
06-06 10:25:19.531 22518 22595 W MototwinNet: phase=requestHeadersEnd url=https://mototwin.online/api/subscription/current t=1780730719531
06-06 10:25:19.544 22518 22595 W MototwinNet: phase=responseHeadersStart url=https://mototwin.online/api/subscription/current t=1780730719544
06-06 10:25:19.544 22518 22595 W MototwinNet: phase=responseHeadersEnd url=https://mototwin.online/api/subscription/current t=1780730719544
06-06 10:25:19.546 22518 22595 W MototwinNet: phase=callEnd url=https://mototwin.online/api/subscription/current t=1780730719546
06-06 10:25:19.553 22518 22551 W ReactNativeJS: '[AUDIT][H2][api_request_ok]', '{"sessionId":"577880","runId":"audit-v2","hypothesisId":"H2","location":"packages/api-client/src/fetcher.ts:257","message":"api_request_ok","data":{"path":"/api/subscription/current","method":"GET","status":200,"durationMs":28},"timestamp":1780730719552}'
06-06 10:25:22.417 22518 22551 W ReactNativeJS: '[AUDIT][H8][garage_app_state]', '{"sessionId":"577880","runId":"audit-v4","hypothesisId":"H8","location":"apps/app/app/garage.tsx:205","message":"garage_app_state","data":{"nextState":"background"},"timestamp":1780730722417}'
06-06 10:25:22.418 22518 22551 W ReactNativeJS: '[AUDIT][H13][api_scheduler_signal_aborted]', '{"sessionId":"577880","runId":"audit-v2","hypothesisId":"H13","location":"packages/api-client/src/fetcher.ts:226","message":"api_scheduler_signal_aborted","data":{"path":"/api/notifications?limit=1","durationMs":3176},"timestamp":1780730722418}'
06-06 10:25:22.423 22518 22877 W MototwinNet: phase=connectFailed:Socket closed url=https://mototwin.online/api/notifications?limit=1 address=mototwin.online/195.24.71.143:443 proxy=DIRECT protocol=null t=1780730722423
06-06 10:25:22.423 22518 22877 W MototwinNet: phase=callFailed:Socket closed url=https://mototwin.online/api/notifications?limit=1 t=1780730722423
06-06 10:25:25.324 22905 22941 W ReactNativeJS: '[AUDIT][H8][auth_gate_start]', '{"sessionId":"577880","runId":"audit-v4","hypothesisId":"H8","location":"apps/app/app/_layout.tsx:49","message":"auth_gate_start","data":{"segments":[]},"timestamp":1780730725324}'
06-06 10:25:25.331 22905 22941 W ReactNativeJS: '[AUDIT][H3][route_segments_changed]', '{"sessionId":"577880","runId":"audit-v2","hypothesisId":"H3","location":"apps/app/app/_layout.tsx:90","message":"route_segments_changed","data":{"segments":[]},"timestamp":1780730725330}'
06-06 10:25:25.460 22905 22941 W ReactNativeJS: '[AUDIT][H8][auth_gate_done]', '{"sessionId":"577880","runId":"audit-v7","hypothesisId":"H8","location":"apps/app/app/_layout.tsx:108","message":"auth_gate_done","data":{"hasTokens":true,"ok":true,"onLogin":false,"isPublic":true,"durationMs":135,"mode":"tokens_unblocked","segments":[]},"timestamp":1780730725459}'
06-06 10:25:25.460 22905 22941 W ReactNativeJS: '[AUDIT][H9][refresh_if_needed_enter]', '{"sessionId":"577880","runId":"audit-v4","hypothesisId":"H9","location":"apps/app/src/create-mobile-api-client.ts:81","message":"refresh_if_needed_enter","data":{"hasRefreshInFlight":false},"timestamp":1780730725460}'
06-06 10:25:25.460 22905 22941 W ReactNativeJS: '[AUDIT][H9][refresh_enter]', '{"sessionId":"577880","runId":"audit-v5","hypothesisId":"H9","location":"apps/app/src/create-mobile-api-client.ts:106","message":"refresh_enter","data":{},"timestamp":1780730725460}'
06-06 10:25:25.460 22905 22941 W ReactNativeJS: '[AUDIT][H9][refresh_tokens_read]', '{"sessionId":"577880","runId":"audit-v5","hypothesisId":"H9","location":"apps/app/src/create-mobile-api-client.ts:120","message":"refresh_tokens_read","data":{"hasTokens":true,"durationMs":0},"timestamp":1780730725460}'
06-06 10:25:25.460 22905 22941 W ReactNativeJS: '[AUDIT][H9][refresh_skipped_not_expiring]', '{"sessionId":"577880","runId":"audit-v4","hypothesisId":"H9","location":"apps/app/src/create-mobile-api-client.ts:123","message":"refresh_skipped_not_expiring","data":{"expiresInMs":893608},"timestamp":1780730725460}'
06-06 10:25:25.461 22905 22941 W ReactNativeJS: '[AUDIT][H8][auth_gate_refresh_result]', '{"sessionId":"577880","runId":"audit-v7","hypothesisId":"H8","location":"apps/app/app/_layout.tsx:134","message":"auth_gate_refresh_result","data":{"ok":true,"isPublic":true,"segments":[]},"timestamp":1780730725460}'
06-06 10:25:25.461 22905 22941 W ReactNativeJS: '[AUDIT][H18][auth_gate_warmup_start]', '{"sessionId":"577880","runId":"audit-v11","hypothesisId":"H18","location":"apps/app/app/_layout.tsx:143","message":"auth_gate_warmup_start","data":{"isPublic":true,"segments":[]},"timestamp":1780730725461}'
06-06 10:25:25.461 22905 22941 W ReactNativeJS: '[AUDIT][H12][api_request_target]', '{"sessionId":"577880","runId":"audit-v2","hypothesisId":"H12","location":"packages/api-client/src/fetcher.ts:221","message":"api_request_target","data":{"path":"/api/auth/me","fullUrl":"https://mototwin.online/api/auth/me","baseUrl":"https://mototwin.online","credentials":"omit","hasAuthHeader":true,"isMobileClient":true,"maxAttempts":1},"timestamp":1780730725461}'
06-06 10:25:25.461 22905 22941 W ReactNativeJS: '[AUDIT][H2][api_request_start]', '{"sessionId":"577880","runId":"audit-v2","hypothesisId":"H2","location":"packages/api-client/src/fetcher.ts:221","message":"api_request_start","data":{"path":"/api/auth/me","method":"GET","timeoutMs":7000,"hasSchedulerSignal":false},"timestamp":1780730725461}'
06-06 10:25:25.467 22905 22942 W MototwinNet: phase=callStart url=https://mototwin.online/api/auth/me t=1780730725467
06-06 10:25:25.470 22905 22958 W MototwinNet: phase=dnsStart url=https://mototwin.online/api/auth/me t=1780730725470
06-06 10:25:25.477 22905 22958 W MototwinNet: phase=dnsEnd url=https://mototwin.online/api/auth/me t=1780730725477
06-06 10:25:25.477 22905 22958 W MototwinNet: phase=connectStart url=https://mototwin.online/api/auth/me address=mototwin.online/195.24.71.143:443 proxy=DIRECT t=1780730725477
06-06 10:25:25.486 22905 22958 W MototwinNet: phase=secureConnectStart url=https://mototwin.online/api/auth/me t=1780730725486
06-06 10:25:32.483 22905 22958 W MototwinNet: phase=connectFailed:Socket closed url=https://mototwin.online/api/auth/me address=mototwin.online/195.24.71.143:443 proxy=DIRECT protocol=null t=1780730732483
06-06 10:25:32.484 22905 22958 W MototwinNet: phase=callFailed:Socket closed url=https://mototwin.online/api/auth/me t=1780730732484
06-06 10:25:32.496 22905 22941 W ReactNativeJS: '[AUDIT][H2][api_request_error]', '{"sessionId":"577880","runId":"audit-v2","hypothesisId":"H2","location":"packages/api-client/src/fetcher.ts:237","message":"api_request_error","data":{"path":"/api/auth/me","method":"GET","attempt":1,"maxAttempts":1,"schedulerAborted":false,"timeoutAborted":true,"durationMs":7035,"error":"Aborted","errorName":"AbortError"},"timestamp":1780730732496}'
06-06 10:25:32.497 22905 22941 W ReactNativeJS: '[AUDIT][H18][auth_gate_warmup_error]', '{"sessionId":"577880","runId":"audit-v11","hypothesisId":"H18","location":"apps/app/app/_layout.tsx:176","message":"auth_gate_warmup_error","data":{"durationMs":7036,"error":"Превышено время ожидания ответа сервера (7 с).","isPublic":true,"segments":[]},"timestamp":1780730732497}'
06-06 10:25:33.679 22905 22941 W ReactNativeJS: '[AUDIT][H8][auth_gate_cancelled]', '{"sessionId":"577880","runId":"audit-v5","hypothesisId":"H8","location":"apps/app/app/_layout.tsx:101","message":"auth_gate_cancelled","data":{},"timestamp":1780730733679}'
06-06 10:25:33.679 22905 22941 W ReactNativeJS: '[AUDIT][H8][auth_gate_start]', '{"sessionId":"577880","runId":"audit-v4","hypothesisId":"H8","location":"apps/app/app/_layout.tsx:49","message":"auth_gate_start","data":{"segments":[]},"timestamp":1780730733679}'
06-06 10:25:33.680 22905 22941 W ReactNativeJS: '[AUDIT][H8][auth_gate_done]', '{"sessionId":"577880","runId":"audit-v7","hypothesisId":"H8","location":"apps/app/app/_layout.tsx:108","message":"auth_gate_done","data":{"hasTokens":true,"ok":true,"onLogin":false,"isPublic":true,"durationMs":1,"mode":"tokens_unblocked","segments":[]},"timestamp":1780730733680}'
06-06 10:25:33.680 22905 22941 W ReactNativeJS: '[AUDIT][H9][refresh_if_needed_enter]', '{"sessionId":"577880","runId":"audit-v4","hypothesisId":"H9","location":"apps/app/src/create-mobile-api-client.ts:81","message":"refresh_if_needed_enter","data":{"hasRefreshInFlight":false},"timestamp":1780730733680}'
06-06 10:25:33.680 22905 22941 W ReactNativeJS: '[AUDIT][H9][refresh_enter]', '{"sessionId":"577880","runId":"audit-v5","hypothesisId":"H9","location":"apps/app/src/create-mobile-api-client.ts:106","message":"refresh_enter","data":{},"timestamp":1780730733680}'
06-06 10:25:33.680 22905 22941 W ReactNativeJS: '[AUDIT][H9][refresh_tokens_read]', '{"sessionId":"577880","runId":"audit-v5","hypothesisId":"H9","location":"apps/app/src/create-mobile-api-client.ts:120","message":"refresh_tokens_read","data":{"hasTokens":true,"durationMs":0},"timestamp":1780730733680}'
06-06 10:25:33.680 22905 22941 W ReactNativeJS: '[AUDIT][H9][refresh_skipped_not_expiring]', '{"sessionId":"577880","runId":"audit-v4","hypothesisId":"H9","location":"apps/app/src/create-mobile-api-client.ts:123","message":"refresh_skipped_not_expiring","data":{"expiresInMs":885388},"timestamp":1780730733680}'
06-06 10:25:33.680 22905 22941 W ReactNativeJS: '[AUDIT][H8][auth_gate_refresh_result]', '{"sessionId":"577880","runId":"audit-v7","hypothesisId":"H8","location":"apps/app/app/_layout.tsx:134","message":"auth_gate_refresh_result","data":{"ok":true,"isPublic":true,"segments":[]},"timestamp":1780730733680}'
06-06 10:25:33.681 22905 22941 W ReactNativeJS: '[AUDIT][H18][auth_gate_warmup_start]', '{"sessionId":"577880","runId":"audit-v11","hypothesisId":"H18","location":"apps/app/app/_layout.tsx:143","message":"auth_gate_warmup_start","data":{"isPublic":true,"segments":[]},"timestamp":1780730733680}'
06-06 10:25:33.681 22905 22941 W ReactNativeJS: '[AUDIT][H12][api_request_target]', '{"sessionId":"577880","runId":"audit-v2","hypothesisId":"H12","location":"packages/api-client/src/fetcher.ts:221","message":"api_request_target","data":{"path":"/api/auth/me","fullUrl":"https://mototwin.online/api/auth/me","baseUrl":"https://mototwin.online","credentials":"omit","hasAuthHeader":true,"isMobileClient":true,"maxAttempts":1},"timestamp":1780730733681}'
06-06 10:25:33.681 22905 22941 W ReactNativeJS: '[AUDIT][H2][api_request_start]', '{"sessionId":"577880","runId":"audit-v2","hypothesisId":"H2","location":"packages/api-client/src/fetcher.ts:221","message":"api_request_start","data":{"path":"/api/auth/me","method":"GET","timeoutMs":7000,"hasSchedulerSignal":false},"timestamp":1780730733681}'
06-06 10:25:33.683 22905 22942 W MototwinNet: phase=callStart url=https://mototwin.online/api/auth/me t=1780730733683
06-06 10:25:33.684 22905 22958 W MototwinNet: phase=dnsStart url=https://mototwin.online/api/auth/me t=1780730733684
06-06 10:25:33.686 22905 22958 W MototwinNet: phase=dnsEnd url=https://mototwin.online/api/auth/me t=1780730733686
06-06 10:25:33.686 22905 22958 W MototwinNet: phase=connectStart url=https://mototwin.online/api/auth/me address=mototwin.online/195.24.71.143:443 proxy=DIRECT t=1780730733686
06-06 10:25:33.693 22905 22958 W MototwinNet: phase=secureConnectStart url=https://mototwin.online/api/auth/me t=1780730733693
06-06 10:25:40.690 22905 22958 W MototwinNet: phase=connectFailed:Socket closed url=https://mototwin.online/api/auth/me address=mototwin.online/195.24.71.143:443 proxy=DIRECT protocol=null t=1780730740690
06-06 10:25:40.690 22905 22958 W MototwinNet: phase=callFailed:Socket closed url=https://mototwin.online/api/auth/me t=1780730740690
06-06 10:25:40.705 22905 22941 W ReactNativeJS: '[AUDIT][H2][api_request_error]', '{"sessionId":"577880","runId":"audit-v2","hypothesisId":"H2","location":"packages/api-client/src/fetcher.ts:237","message":"api_request_error","data":{"path":"/api/auth/me","method":"GET","attempt":1,"maxAttempts":1,"schedulerAborted":false,"timeoutAborted":true,"durationMs":7023,"error":"Aborted","errorName":"AbortError"},"timestamp":1780730740704}'
06-06 10:25:40.705 22905 22941 W ReactNativeJS: '[AUDIT][H18][auth_gate_warmup_error]', '{"sessionId":"577880","runId":"audit-v11","hypothesisId":"H18","location":"apps/app/app/_layout.tsx:176","message":"auth_gate_warmup_error","data":{"durationMs":7025,"error":"Превышено время ожидания ответа сервера (7 с).","isPublic":true,"segments":[]},"timestamp":1780730740705}'
