06-06 10:41:52.275 27284 27358 W MototwinNet: phase=requestHeadersStart url=https://mototwin.online/api/vehicles/cmpmggmg900001g9k874bic25 t=1780731712275
06-06 10:41:52.275 27284 27370 W MototwinNet: phase=requestHeadersStart url=https://mototwin.online/api/subscription/current t=1780731712275
06-06 10:41:52.276 27284 27358 W MototwinNet: phase=requestHeadersEnd url=https://mototwin.online/api/vehicles/cmpmggmg900001g9k874bic25 t=1780731712276
06-06 10:41:52.276 27284 27370 W MototwinNet: phase=requestHeadersEnd url=https://mototwin.online/api/subscription/current t=1780731712276
06-06 10:41:52.313 27284 27370 W MototwinNet: phase=responseHeadersStart url=https://mototwin.online/api/subscription/current t=1780731712313
06-06 10:41:52.313 27284 27370 W MototwinNet: phase=responseHeadersEnd url=https://mototwin.online/api/subscription/current t=1780731712313
06-06 10:41:52.315 27284 27370 W MototwinNet: phase=callEnd url=https://mototwin.online/api/subscription/current t=1780731712315
06-06 10:41:52.325 27284 27358 W MototwinNet: phase=responseHeadersStart url=https://mototwin.online/api/vehicles/cmpmggmg900001g9k874bic25 t=1780731712325
06-06 10:41:52.325 27284 27358 W MototwinNet: phase=responseHeadersEnd url=https://mototwin.online/api/vehicles/cmpmggmg900001g9k874bic25 t=1780731712325
06-06 10:41:52.327 27284 27358 W MototwinNet: phase=callEnd url=https://mototwin.online/api/vehicles/cmpmggmg900001g9k874bic25 t=1780731712327
06-06 10:41:52.334 27284 27332 W ReactNativeJS: '[AUDIT][H2][api_request_ok]', '{"sessionId":"577880","runId":"audit-v2","hypothesisId":"H2","location":"packages/api-client/src/fetcher.ts:257","message":"api_request_ok","data":{"path":"/api/subscription/current","method":"GET","status":200,"durationMs":85},"timestamp":1780731712334}'
06-06 10:41:52.336 27284 27332 W ReactNativeJS: '[AUDIT][H2][api_request_ok]', '{"sessionId":"577880","runId":"audit-v2","hypothesisId":"H2","location":"packages/api-client/src/fetcher.ts:257","message":"api_request_ok","data":{"path":"/api/vehicles/cmpmggmg900001g9k874bic25","method":"GET","status":200,"durationMs":66},"timestamp":1780731712335}'
06-06 10:41:52.340 27284 27332 W ReactNativeJS: '[AUDIT][H10][vehicle_load_ok]', '{"sessionId":"577880","runId":"audit-v6","hypothesisId":"H10","location":"apps/app/app/vehicles/[id]/index.tsx:980","message":"vehicle_load_ok","data":{"vehicleId":"cmpmggmg900001g9k874bic25","seq":1,"isInitialLoad":true,"hasVehicle":true},"timestamp":1780731712339}'
06-06 10:41:52.341 27284 27332 W ReactNativeJS: '[AUDIT][H1][scheduler_enqueue]', '{"sessionId":"577880","runId":"audit-v2","hypothesisId":"H1","location":"apps/app/src/mobile-api-scheduler.ts:78","message":"scheduler_enqueue","data":{"priority":"low","pathHint":"/api/vehicles/cmpmggmg900001g9k874bic25/node-tree","queueLength":1,"running":0},"timestamp":1780731712340}'
06-06 10:41:52.341 27284 27332 W ReactNativeJS: '[AUDIT][H1][scheduler_start_task]', '{"sessionId":"577880","runId":"audit-v2","hypothesisId":"H1","location":"apps/app/src/mobile-api-scheduler.ts:40","message":"scheduler_start_task","data":{"priority":"low","pathHint":"/api/vehicles/cmpmggmg900001g9k874bic25/node-tree","queueLength":0,"running":1},"timestamp":1780731712341}'
06-06 10:41:52.342 27284 27332 W ReactNativeJS: '[AUDIT][H1][scheduler_enqueue]', '{"sessionId":"577880","runId":"audit-v2","hypothesisId":"H1","location":"apps/app/src/mobile-api-scheduler.ts:78","message":"scheduler_enqueue","data":{"priority":"normal","pathHint":"/api/vehicles/cmpmggmg900001g9k874bic25/service-events","queueLength":1,"running":1},"timestamp":1780731712342}'
06-06 10:41:52.343 27284 27332 W ReactNativeJS: '[AUDIT][H1][scheduler_start_task]', '{"sessionId":"577880","runId":"audit-v2","hypothesisId":"H1","location":"apps/app/src/mobile-api-scheduler.ts:40","message":"scheduler_start_task","data":{"priority":"normal","pathHint":"/api/vehicles/cmpmggmg900001g9k874bic25/service-events","queueLength":0,"running":2},"timestamp":1780731712342}'
06-06 10:41:52.343 27284 27332 W ReactNativeJS: '[AUDIT][H12][api_request_target]', '{"sessionId":"577880","runId":"audit-v2","hypothesisId":"H12","location":"packages/api-client/src/fetcher.ts:221","message":"api_request_target","data":{"path":"/api/vehicles/cmpmggmg900001g9k874bic25/node-tree","fullUrl":"https://mototwin.online/api/vehicles/cmpmggmg900001g9k874bic25/node-tree","baseUrl":"https://mototwin.online","credentials":"omit","hasAuthHeader":true,"isMobileClient":true,"maxAttempts":5},"timestamp":1780731712343}'
06-06 10:41:52.343 27284 27332 W ReactNativeJS: '[AUDIT][H2][api_request_start]', '{"sessionId":"577880","runId":"audit-v2","hypothesisId":"H2","location":"packages/api-client/src/fetcher.ts:221","message":"api_request_start","data":{"path":"/api/vehicles/cmpmggmg900001g9k874bic25/node-tree","method":"GET","timeoutMs":7000,"hasSchedulerSignal":true},"timestamp":1780731712343}'
06-06 10:41:52.344 27284 27332 W ReactNativeJS: '[AUDIT][H12][api_request_target]', '{"sessionId":"577880","runId":"audit-v2","hypothesisId":"H12","location":"packages/api-client/src/fetcher.ts:221","message":"api_request_target","data":{"path":"/api/vehicles/cmpmggmg900001g9k874bic25/service-events","fullUrl":"https://mototwin.online/api/vehicles/cmpmggmg900001g9k874bic25/service-events","baseUrl":"https://mototwin.online","credentials":"omit","hasAuthHeader":true,"isMobileClient":true,"maxAttempts":5},"timestamp":1780731712344}'
06-06 10:41:52.345 27284 27332 W ReactNativeJS: '[AUDIT][H2][api_request_start]', '{"sessionId":"577880","runId":"audit-v2","hypothesisId":"H2","location":"packages/api-client/src/fetcher.ts:221","message":"api_request_start","data":{"path":"/api/vehicles/cmpmggmg900001g9k874bic25/service-events","method":"GET","timeoutMs":7000,"hasSchedulerSignal":true},"timestamp":1780731712344}'
06-06 10:41:52.346 27284 27333 W MototwinNet: phase=callStart url=https://mototwin.online/api/vehicles/cmpmggmg900001g9k874bic25/node-tree t=1780731712346
06-06 10:41:52.348 27284 27358 W MototwinNet: phase=connectionAcquired url=https://mototwin.online/api/vehicles/cmpmggmg900001g9k874bic25/node-tree route=Route{mototwin.online/195.24.71.143:443} protocol=http/1.1 t=1780731712348
06-06 10:41:52.348 27284 27333 W MototwinNet: phase=callStart url=https://mototwin.online/api/vehicles/cmpmggmg900001g9k874bic25/service-events t=1780731712348
06-06 10:41:52.348 27284 27358 W MototwinNet: phase=requestHeadersStart url=https://mototwin.online/api/vehicles/cmpmggmg900001g9k874bic25/node-tree t=1780731712348
06-06 10:41:52.348 27284 27358 W MototwinNet: phase=requestHeadersEnd url=https://mototwin.online/api/vehicles/cmpmggmg900001g9k874bic25/node-tree t=1780731712348
06-06 10:41:52.349 27284 27370 W MototwinNet: phase=connectionAcquired url=https://mototwin.online/api/vehicles/cmpmggmg900001g9k874bic25/service-events route=Route{mototwin.online/195.24.71.143:443} protocol=http/1.1 t=1780731712349
06-06 10:41:52.350 27284 27370 W MototwinNet: phase=requestHeadersStart url=https://mototwin.online/api/vehicles/cmpmggmg900001g9k874bic25/service-events t=1780731712350
06-06 10:41:52.350 27284 27370 W MototwinNet: phase=requestHeadersEnd url=https://mototwin.online/api/vehicles/cmpmggmg900001g9k874bic25/service-events t=1780731712350
06-06 10:41:52.378 27284 27370 W MototwinNet: phase=responseHeadersStart url=https://mototwin.online/api/vehicles/cmpmggmg900001g9k874bic25/service-events t=1780731712378
06-06 10:41:52.378 27284 27370 W MototwinNet: phase=responseHeadersEnd url=https://mototwin.online/api/vehicles/cmpmggmg900001g9k874bic25/service-events t=1780731712378
06-06 10:41:52.380 27284 27370 W MototwinNet: phase=callEnd url=https://mototwin.online/api/vehicles/cmpmggmg900001g9k874bic25/service-events t=1780731712380
06-06 10:41:52.391 27284 27358 W MototwinNet: phase=responseHeadersStart url=https://mototwin.online/api/vehicles/cmpmggmg900001g9k874bic25/node-tree t=1780731712391
06-06 10:41:52.391 27284 27358 W MototwinNet: phase=responseHeadersEnd url=https://mototwin.online/api/vehicles/cmpmggmg900001g9k874bic25/node-tree t=1780731712391
06-06 10:41:52.402 27284 27358 W MototwinNet: phase=callEnd url=https://mototwin.online/api/vehicles/cmpmggmg900001g9k874bic25/node-tree t=1780731712402
06-06 10:41:52.579 27284 27332 W ReactNativeJS: '[AUDIT][H2][api_request_ok]', '{"sessionId":"577880","runId":"audit-v2","hypothesisId":"H2","location":"packages/api-client/src/fetcher.ts:257","message":"api_request_ok","data":{"path":"/api/vehicles/cmpmggmg900001g9k874bic25/service-events","method":"GET","status":200,"durationMs":235},"timestamp":1780731712578}'
06-06 10:41:52.580 27284 27332 W ReactNativeJS: '[AUDIT][H2][api_request_ok]', '{"sessionId":"577880","runId":"audit-v2","hypothesisId":"H2","location":"packages/api-client/src/fetcher.ts:257","message":"api_request_ok","data":{"path":"/api/vehicles/cmpmggmg900001g9k874bic25/node-tree","method":"GET","status":200,"durationMs":238},"timestamp":1780731712580}'
06-06 10:41:52.592 27284 27332 W ReactNativeJS: '[AUDIT][H1][scheduler_enqueue]', '{"sessionId":"577880","runId":"audit-v2","hypothesisId":"H1","location":"apps/app/src/mobile-api-scheduler.ts:78","message":"scheduler_enqueue","data":{"priority":"normal","pathHint":"/api/nodes/top","queueLength":1,"running":0},"timestamp":1780731712592}'
06-06 10:41:52.592 27284 27332 W ReactNativeJS: '[AUDIT][H1][scheduler_start_task]', '{"sessionId":"577880","runId":"audit-v2","hypothesisId":"H1","location":"apps/app/src/mobile-api-scheduler.ts:40","message":"scheduler_start_task","data":{"priority":"normal","pathHint":"/api/nodes/top","queueLength":0,"running":1},"timestamp":1780731712592}'
06-06 10:41:52.593 27284 27332 W ReactNativeJS: '[AUDIT][H1][scheduler_enqueue]', '{"sessionId":"577880","runId":"audit-v2","hypothesisId":"H1","location":"apps/app/src/mobile-api-scheduler.ts:78","message":"scheduler_enqueue","data":{"priority":"normal","pathHint":"/api/expenses?year=2026&vehicleId=cmpmggmg900001g9k874bic25","queueLength":1,"running":1},"timestamp":1780731712593}'
06-06 10:41:52.593 27284 27332 W ReactNativeJS: '[AUDIT][H1][scheduler_start_task]', '{"sessionId":"577880","runId":"audit-v2","hypothesisId":"H1","location":"apps/app/src/mobile-api-scheduler.ts:40","message":"scheduler_start_task","data":{"priority":"normal","pathHint":"/api/expenses?year=2026&vehicleId=cmpmggmg900001g9k874bic25","queueLength":0,"running":2},"timestamp":1780731712593}'
06-06 10:41:52.593 27284 27332 W ReactNativeJS: '[AUDIT][H1][scheduler_enqueue]', '{"sessionId":"577880","runId":"audit-v2","hypothesisId":"H1","location":"apps/app/src/mobile-api-scheduler.ts:78","message":"scheduler_enqueue","data":{"priority":"high","pathHint":"/api/vehicles/cmpmggmg900001g9k874bic25/wishlist","queueLength":1,"running":2},"timestamp":1780731712593}'
06-06 10:41:52.593 27284 27332 W ReactNativeJS: '[AUDIT][H12][api_request_target]', '{"sessionId":"577880","runId":"audit-v2","hypothesisId":"H12","location":"packages/api-client/src/fetcher.ts:221","message":"api_request_target","data":{"path":"/api/nodes/top","fullUrl":"https://mototwin.online/api/nodes/top","baseUrl":"https://mototwin.online","credentials":"omit","hasAuthHeader":true,"isMobileClient":true,"maxAttempts":5},"timestamp":1780731712593}'
06-06 10:41:52.593 27284 27332 W ReactNativeJS: '[AUDIT][H2][api_request_start]', '{"sessionId":"577880","runId":"audit-v2","hypothesisId":"H2","location":"packages/api-client/src/fetcher.ts:221","message":"api_request_start","data":{"path":"/api/nodes/top","method":"GET","timeoutMs":7000,"hasSchedulerSignal":true},"timestamp":1780731712593}'
06-06 10:41:52.594 27284 27332 W ReactNativeJS: '[AUDIT][H12][api_request_target]', '{"sessionId":"577880","runId":"audit-v2","hypothesisId":"H12","location":"packages/api-client/src/fetcher.ts:221","message":"api_request_target","data":{"path":"/api/expenses?year=2026&vehicleId=cmpmggmg900001g9k874bic25","fullUrl":"https://mototwin.online/api/expenses?year=2026&vehicleId=cmpmggmg900001g9k874bic25","baseUrl":"https://mototwin.online","credentials":"omit","hasAuthHeader":true,"isMobileClient":true,"maxAttempts":5},"timestamp":1780731712594}'
06-06 10:41:52.595 27284 27332 W ReactNativeJS: '[AUDIT][H2][api_request_start]', '{"sessionId":"577880","runId":"audit-v2","hypothesisId":"H2","location":"packages/api-client/src/fetcher.ts:221","message":"api_request_start","data":{"path":"/api/expenses?year=2026&vehicleId=cmpmggmg900001g9k874bic25","method":"GET","timeoutMs":7000,"hasSchedulerSignal":true},"timestamp":1780731712595}'
06-06 10:41:52.596 27284 27333 W MototwinNet: phase=callStart url=https://mototwin.online/api/nodes/top t=1780731712596
06-06 10:41:52.597 27284 27358 W MototwinNet: phase=connectionAcquired url=https://mototwin.online/api/nodes/top route=Route{mototwin.online/195.24.71.143:443} protocol=http/1.1 t=1780731712597
06-06 10:41:52.597 27284 27358 W MototwinNet: phase=requestHeadersStart url=https://mototwin.online/api/nodes/top t=1780731712597
06-06 10:41:52.597 27284 27358 W MototwinNet: phase=requestHeadersEnd url=https://mototwin.online/api/nodes/top t=1780731712597
06-06 10:41:52.598 27284 27333 W MototwinNet: phase=callStart url=https://mototwin.online/api/expenses?year=2026&vehicleId=cmpmggmg900001g9k874bic25 t=1780731712598
06-06 10:41:52.600 27284 27370 W MototwinNet: phase=connectionAcquired url=https://mototwin.online/api/expenses?year=2026&vehicleId=cmpmggmg900001g9k874bic25 route=Route{mototwin.online/195.24.71.143:443} protocol=http/1.1 t=1780731712600
06-06 10:41:52.600 27284 27370 W MototwinNet: phase=requestHeadersStart url=https://mototwin.online/api/expenses?year=2026&vehicleId=cmpmggmg900001g9k874bic25 t=1780731712600
06-06 10:41:52.600 27284 27370 W MototwinNet: phase=requestHeadersEnd url=https://mototwin.online/api/expenses?year=2026&vehicleId=cmpmggmg900001g9k874bic25 t=1780731712600
06-06 10:41:52.612 27284 27358 W MototwinNet: phase=responseHeadersStart url=https://mototwin.online/api/nodes/top t=1780731712612
06-06 10:41:52.612 27284 27358 W MototwinNet: phase=responseHeadersEnd url=https://mototwin.online/api/nodes/top t=1780731712612
06-06 10:41:52.613 27284 27358 W MototwinNet: phase=callEnd url=https://mototwin.online/api/nodes/top t=1780731712613
06-06 10:41:52.617 27284 27332 W ReactNativeJS: '[AUDIT][H2][api_request_ok]', '{"sessionId":"577880","runId":"audit-v2","hypothesisId":"H2","location":"packages/api-client/src/fetcher.ts:257","message":"api_request_ok","data":{"path":"/api/nodes/top","method":"GET","status":200,"durationMs":24},"timestamp":1780731712616}'
06-06 10:41:52.619 27284 27332 W ReactNativeJS: '[AUDIT][H1][scheduler_start_task]', '{"sessionId":"577880","runId":"audit-v2","hypothesisId":"H1","location":"apps/app/src/mobile-api-scheduler.ts:40","message":"scheduler_start_task","data":{"priority":"high","pathHint":"/api/vehicles/cmpmggmg900001g9k874bic25/wishlist","queueLength":0,"running":2},"timestamp":1780731712619}'
06-06 10:41:52.620 27284 27332 W ReactNativeJS: '[AUDIT][H12][api_request_target]', '{"sessionId":"577880","runId":"audit-v2","hypothesisId":"H12","location":"packages/api-client/src/fetcher.ts:221","message":"api_request_target","data":{"path":"/api/vehicles/cmpmggmg900001g9k874bic25/wishlist","fullUrl":"https://mototwin.online/api/vehicles/cmpmggmg900001g9k874bic25/wishlist","baseUrl":"https://mototwin.online","credentials":"omit","hasAuthHeader":true,"isMobileClient":true,"maxAttempts":5},"timestamp":1780731712620}'
06-06 10:41:52.620 27284 27332 W ReactNativeJS: '[AUDIT][H2][api_request_start]', '{"sessionId":"577880","runId":"audit-v2","hypothesisId":"H2","location":"packages/api-client/src/fetcher.ts:221","message":"api_request_start","data":{"path":"/api/vehicles/cmpmggmg900001g9k874bic25/wishlist","method":"GET","timeoutMs":7000,"hasSchedulerSignal":true},"timestamp":1780731712620}'
06-06 10:41:52.622 27284 27333 W MototwinNet: phase=callStart url=https://mototwin.online/api/vehicles/cmpmggmg900001g9k874bic25/wishlist t=1780731712622
06-06 10:41:52.623 27284 27358 W MototwinNet: phase=connectionAcquired url=https://mototwin.online/api/vehicles/cmpmggmg900001g9k874bic25/wishlist route=Route{mototwin.online/195.24.71.143:443} protocol=http/1.1 t=1780731712623
06-06 10:41:52.623 27284 27358 W MototwinNet: phase=requestHeadersStart url=https://mototwin.online/api/vehicles/cmpmggmg900001g9k874bic25/wishlist t=1780731712623
06-06 10:41:52.623 27284 27358 W MototwinNet: phase=requestHeadersEnd url=https://mototwin.online/api/vehicles/cmpmggmg900001g9k874bic25/wishlist t=1780731712623
06-06 10:41:52.623 27284 27370 W MototwinNet: phase=responseHeadersStart url=https://mototwin.online/api/expenses?year=2026&vehicleId=cmpmggmg900001g9k874bic25 t=1780731712623
06-06 10:41:52.623 27284 27370 W MototwinNet: phase=responseHeadersEnd url=https://mototwin.online/api/expenses?year=2026&vehicleId=cmpmggmg900001g9k874bic25 t=1780731712623
06-06 10:41:52.625 27284 27370 W MototwinNet: phase=callEnd url=https://mototwin.online/api/expenses?year=2026&vehicleId=cmpmggmg900001g9k874bic25 t=1780731712625
06-06 10:41:52.634 27284 27332 W ReactNativeJS: '[AUDIT][H2][api_request_ok]', '{"sessionId":"577880","runId":"audit-v2","hypothesisId":"H2","location":"packages/api-client/src/fetcher.ts:257","message":"api_request_ok","data":{"path":"/api/expenses?year=2026&vehicleId=cmpmggmg900001g9k874bic25","method":"GET","status":200,"durationMs":40},"timestamp":1780731712633}'
06-06 10:41:52.638 27284 27358 W MototwinNet: phase=responseHeadersStart url=https://mototwin.online/api/vehicles/cmpmggmg900001g9k874bic25/wishlist t=1780731712638
06-06 10:41:52.638 27284 27358 W MototwinNet: phase=responseHeadersEnd url=https://mototwin.online/api/vehicles/cmpmggmg900001g9k874bic25/wishlist t=1780731712638
06-06 10:41:52.639 27284 27358 W MototwinNet: phase=callEnd url=https://mototwin.online/api/vehicles/cmpmggmg900001g9k874bic25/wishlist t=1780731712639
06-06 10:41:52.650 27284 27332 W ReactNativeJS: '[AUDIT][H2][api_request_ok]', '{"sessionId":"577880","runId":"audit-v2","hypothesisId":"H2","location":"packages/api-client/src/fetcher.ts:257","message":"api_request_ok","data":{"path":"/api/vehicles/cmpmggmg900001g9k874bic25/wishlist","method":"GET","status":200,"durationMs":31},"timestamp":1780731712650}'
06-06 10:41:54.522 27284 27332 W ReactNativeJS: '[AUDIT][H8][garage_app_state]', '{"sessionId":"577880","runId":"audit-v4","hypothesisId":"H8","location":"apps/app/app/garage.tsx:205","message":"garage_app_state","data":{"nextState":"background"},"timestamp":1780731714522}'
06-06 10:41:56.883 27402 27402 W MototwinNet: phase=networkState transports=wifi validated=true internet=true t=1780731716882
06-06 10:41:57.423 27402 27437 W ReactNativeJS: '[AUDIT][H8][auth_gate_start]', '{"sessionId":"577880","runId":"audit-v4","hypothesisId":"H8","location":"apps/app/app/_layout.tsx:49","message":"auth_gate_start","data":{"segments":[]},"timestamp":1780731717423}'
06-06 10:41:57.430 27402 27437 W ReactNativeJS: '[AUDIT][H3][route_segments_changed]', '{"sessionId":"577880","runId":"audit-v2","hypothesisId":"H3","location":"apps/app/app/_layout.tsx:90","message":"route_segments_changed","data":{"segments":[]},"timestamp":1780731717430}'
06-06 10:41:57.564 27402 27437 W ReactNativeJS: '[AUDIT][H8][auth_gate_done]', '{"sessionId":"577880","runId":"audit-v7","hypothesisId":"H8","location":"apps/app/app/_layout.tsx:108","message":"auth_gate_done","data":{"hasTokens":true,"ok":true,"onLogin":false,"isPublic":false,"durationMs":141,"mode":"tokens_unblocked","segments":[]},"timestamp":1780731717564}'
06-06 10:41:57.564 27402 27437 W ReactNativeJS: '[AUDIT][H9][refresh_if_needed_enter]', '{"sessionId":"577880","runId":"audit-v4","hypothesisId":"H9","location":"apps/app/src/create-mobile-api-client.ts:81","message":"refresh_if_needed_enter","data":{"hasRefreshInFlight":false},"timestamp":1780731717564}'
06-06 10:41:57.564 27402 27437 W ReactNativeJS: '[AUDIT][H9][refresh_enter]', '{"sessionId":"577880","runId":"audit-v5","hypothesisId":"H9","location":"apps/app/src/create-mobile-api-client.ts:106","message":"refresh_enter","data":{},"timestamp":1780731717564}'
06-06 10:41:57.564 27402 27437 W ReactNativeJS: '[AUDIT][H9][refresh_tokens_read]', '{"sessionId":"577880","runId":"audit-v5","hypothesisId":"H9","location":"apps/app/src/create-mobile-api-client.ts:120","message":"refresh_tokens_read","data":{"hasTokens":true,"durationMs":0},"timestamp":1780731717564}'
06-06 10:41:57.564 27402 27437 W ReactNativeJS: '[AUDIT][H9][refresh_skipped_not_expiring]', '{"sessionId":"577880","runId":"audit-v4","hypothesisId":"H9","location":"apps/app/src/create-mobile-api-client.ts:123","message":"refresh_skipped_not_expiring","data":{"expiresInMs":882644},"timestamp":1780731717564}'
06-06 10:41:57.565 27402 27437 W ReactNativeJS: '[AUDIT][H8][auth_gate_refresh_result]', '{"sessionId":"577880","runId":"audit-v7","hypothesisId":"H8","location":"apps/app/app/_layout.tsx:134","message":"auth_gate_refresh_result","data":{"ok":true,"isPublic":false,"segments":[]},"timestamp":1780731717565}'
06-06 10:41:57.565 27402 27437 W ReactNativeJS: '[AUDIT][H18][auth_gate_warmup_start]', '{"sessionId":"577880","runId":"audit-v11","hypothesisId":"H18","location":"apps/app/app/_layout.tsx:143","message":"auth_gate_warmup_start","data":{"isPublic":false,"segments":[]},"timestamp":1780731717565}'
06-06 10:41:57.565 27402 27437 W ReactNativeJS: '[AUDIT][H12][api_request_target]', '{"sessionId":"577880","runId":"audit-v2","hypothesisId":"H12","location":"packages/api-client/src/fetcher.ts:221","message":"api_request_target","data":{"path":"/api/auth/me","fullUrl":"https://mototwin.online/api/auth/me","baseUrl":"https://mototwin.online","credentials":"omit","hasAuthHeader":true,"isMobileClient":true,"maxAttempts":1},"timestamp":1780731717565}'
06-06 10:41:57.565 27402 27437 W ReactNativeJS: '[AUDIT][H2][api_request_start]', '{"sessionId":"577880","runId":"audit-v2","hypothesisId":"H2","location":"packages/api-client/src/fetcher.ts:221","message":"api_request_start","data":{"path":"/api/auth/me","method":"GET","timeoutMs":7000,"hasSchedulerSignal":false},"timestamp":1780731717565}'
06-06 10:41:57.572 27402 27438 W MototwinNet: phase=callStart url=https://mototwin.online/api/auth/me t=1780731717572
06-06 10:41:57.575 27402 27454 W MototwinNet: phase=dnsStart url=https://mototwin.online/api/auth/me domain=mototwin.online t=1780731717575
06-06 10:41:57.579 27402 27454 W MototwinNet: phase=dnsEnd url=https://mototwin.online/api/auth/me domain=mototwin.online addresses=mototwin.online/195.24.71.143 t=1780731717579
06-06 10:41:57.579 27402 27454 W MototwinNet: phase=connectStart url=https://mototwin.online/api/auth/me address=mototwin.online/195.24.71.143:443 proxy=DIRECT t=1780731717579
06-06 10:41:57.594 27402 27454 W MototwinNet: phase=secureConnectStart url=https://mototwin.online/api/auth/me t=1780731717594
06-06 10:41:57.638 27402 27454 W MototwinNet: phase=secureConnectEnd url=https://mototwin.online/api/auth/me tls=TLS_1_2 cipher=TLS_ECDHE_ECDSA_WITH_AES_128_GCM_SHA256 t=1780731717638
06-06 10:41:57.638 27402 27454 W MototwinNet: phase=connectEnd url=https://mototwin.online/api/auth/me address=mototwin.online/195.24.71.143:443 proxy=DIRECT protocol=http/1.1 t=1780731717638
06-06 10:41:57.639 27402 27454 W MototwinNet: phase=connectionAcquired url=https://mototwin.online/api/auth/me route=Route{mototwin.online/195.24.71.143:443} protocol=http/1.1 t=1780731717639
06-06 10:41:57.639 27402 27454 W MototwinNet: phase=requestHeadersStart url=https://mototwin.online/api/auth/me t=1780731717639
06-06 10:41:57.640 27402 27454 W MototwinNet: phase=requestHeadersEnd url=https://mototwin.online/api/auth/me t=1780731717640
06-06 10:41:57.653 27402 27454 W MototwinNet: phase=responseHeadersStart url=https://mototwin.online/api/auth/me t=1780731717653
06-06 10:41:57.653 27402 27454 W MototwinNet: phase=responseHeadersEnd url=https://mototwin.online/api/auth/me t=1780731717653
06-06 10:41:57.662 27402 27454 W MototwinNet: phase=callEnd url=https://mototwin.online/api/auth/me t=1780731717662
06-06 10:41:57.673 27402 27437 W ReactNativeJS: '[AUDIT][H2][api_request_ok]', '{"sessionId":"577880","runId":"audit-v2","hypothesisId":"H2","location":"packages/api-client/src/fetcher.ts:257","message":"api_request_ok","data":{"path":"/api/auth/me","method":"GET","status":200,"durationMs":108},"timestamp":1780731717673}'
06-06 10:41:57.677 27402 27437 W ReactNativeJS: '[AUDIT][H18][auth_gate_warmup_ok]', '{"sessionId":"577880","runId":"audit-v11","hypothesisId":"H18","location":"apps/app/app/_layout.tsx:159","message":"auth_gate_warmup_ok","data":{"durationMs":112,"isPublic":false,"segments":[]},"timestamp":1780731717677}'
06-06 10:41:57.810 27402 27437 W ReactNativeJS: '[AUDIT][H3][route_segments_changed]', '{"sessionId":"577880","runId":"audit-v2","hypothesisId":"H3","location":"apps/app/app/_layout.tsx:90","message":"route_segments_changed","data":{"segments":[]},"timestamp":1780731717810}'
06-06 10:41:58.901 27402 27437 W ReactNativeJS: '[AUDIT][H8][garage_focus_enter]', '{"sessionId":"577880","runId":"audit-v4","hypothesisId":"H8","location":"apps/app/app/garage.tsx:174","message":"garage_focus_enter","data":{"seq":0,"hasLoadedOnce":false},"timestamp":1780731718901}'
06-06 10:41:58.901 27402 27437 W ReactNativeJS: '[AUDIT][H7][garage_load_start]', '{"sessionId":"577880","runId":"audit-v3","hypothesisId":"H7","location":"apps/app/app/garage.tsx:68","message":"garage_load_start","data":{"seq":1,"showBlockingSpinner":true,"hasLoadedOnce":false},"timestamp":1780731718901}'
06-06 10:41:58.901 27402 27437 W ReactNativeJS: '[AUDIT][H1][scheduler_cancel_low_priority]', '{"sessionId":"577880","runId":"audit-v2","hypothesisId":"H1","location":"apps/app/src/mobile-api-scheduler.ts:118","message":"scheduler_cancel_low_priority","data":{"runningLowPriority":0,"lowQueuedCount":0,"queueLength":0,"running":0},"timestamp":1780731718901}'
06-06 10:41:58.902 27402 27437 W ReactNativeJS: '[AUDIT][H12][mobile_api_client_created]', '{"sessionId":"577880","runId":"audit-v9","hypothesisId":"H12","location":"apps/app/src/create-mobile-api-client.ts:39","message":"mobile_api_client_created","data":{"baseUrl":"https://mototwin.online"},"timestamp":1780731718901}'
06-06 10:41:58.902 27402 27437 W ReactNativeJS: '[AUDIT][H1][scheduler_enqueue]', '{"sessionId":"577880","runId":"audit-v2","hypothesisId":"H1","location":"apps/app/src/mobile-api-scheduler.ts:78","message":"scheduler_enqueue","data":{"priority":"high","pathHint":"/api/garage","queueLength":1,"running":0},"timestamp":1780731718902}'
06-06 10:41:58.902 27402 27437 W ReactNativeJS: '[AUDIT][H1][scheduler_start_task]', '{"sessionId":"577880","runId":"audit-v2","hypothesisId":"H1","location":"apps/app/src/mobile-api-scheduler.ts:40","message":"scheduler_start_task","data":{"priority":"high","pathHint":"/api/garage","queueLength":0,"running":1},"timestamp":1780731718902}'
06-06 10:41:58.902 27402 27437 W ReactNativeJS: '[AUDIT][H3][route_segments_changed]', '{"sessionId":"577880","runId":"audit-v2","hypothesisId":"H3","location":"apps/app/app/_layout.tsx:90","message":"route_segments_changed","data":{"segments":["garage"]},"timestamp":1780731718902}'
06-06 10:41:58.903 27402 27437 W ReactNativeJS: '[AUDIT][H12][api_request_target]', '{"sessionId":"577880","runId":"audit-v2","hypothesisId":"H12","location":"packages/api-client/src/fetcher.ts:221","message":"api_request_target","data":{"path":"/api/garage","fullUrl":"https://mototwin.online/api/garage","baseUrl":"https://mototwin.online","credentials":"omit","hasAuthHeader":true,"isMobileClient":true,"maxAttempts":5},"timestamp":1780731718903}'
06-06 10:41:58.903 27402 27437 W ReactNativeJS: '[AUDIT][H2][api_request_start]', '{"sessionId":"577880","runId":"audit-v2","hypothesisId":"H2","location":"packages/api-client/src/fetcher.ts:221","message":"api_request_start","data":{"path":"/api/garage","method":"GET","timeoutMs":7000,"hasSchedulerSignal":true},"timestamp":1780731718903}'
06-06 10:41:58.904 27402 27437 W ReactNativeJS: '[AUDIT][H8][garage_app_state]', '{"sessionId":"577880","runId":"audit-v4","hypothesisId":"H8","location":"apps/app/app/garage.tsx:205","message":"garage_app_state","data":{"nextState":"active"},"timestamp":1780731718904}'
06-06 10:41:58.905 27402 27438 W MototwinNet: phase=callStart url=https://mototwin.online/api/garage t=1780731718905
06-06 10:41:58.906 27402 27454 W MototwinNet: phase=connectionAcquired url=https://mototwin.online/api/garage route=Route{mototwin.online/195.24.71.143:443} protocol=http/1.1 t=1780731718906
06-06 10:41:58.906 27402 27454 W MototwinNet: phase=requestHeadersStart url=https://mototwin.online/api/garage t=1780731718906
06-06 10:41:58.906 27402 27454 W MototwinNet: phase=requestHeadersEnd url=https://mototwin.online/api/garage t=1780731718906
06-06 10:41:58.927 27402 27454 W MototwinNet: phase=responseHeadersStart url=https://mototwin.online/api/garage t=1780731718927
06-06 10:41:58.927 27402 27454 W MototwinNet: phase=responseHeadersEnd url=https://mototwin.online/api/garage t=1780731718927
06-06 10:41:58.928 27402 27454 W MototwinNet: phase=callEnd url=https://mototwin.online/api/garage t=1780731718928
06-06 10:41:58.934 27402 27437 W ReactNativeJS: '[AUDIT][H2][api_request_ok]', '{"sessionId":"577880","runId":"audit-v2","hypothesisId":"H2","location":"packages/api-client/src/fetcher.ts:257","message":"api_request_ok","data":{"path":"/api/garage","method":"GET","status":200,"durationMs":32},"timestamp":1780731718934}'
06-06 10:41:58.937 27402 27437 W ReactNativeJS: '[AUDIT][H1][scheduler_enqueue]', '{"sessionId":"577880","runId":"audit-v2","hypothesisId":"H1","location":"apps/app/src/mobile-api-scheduler.ts:78","message":"scheduler_enqueue","data":{"priority":"high","pathHint":"/api/vehicles/trash","queueLength":1,"running":1},"timestamp":1780731718936}'
06-06 10:41:58.937 27402 27437 W ReactNativeJS: '[AUDIT][H1][scheduler_start_task]', '{"sessionId":"577880","runId":"audit-v2","hypothesisId":"H1","location":"apps/app/src/mobile-api-scheduler.ts:40","message":"scheduler_start_task","data":{"priority":"high","pathHint":"/api/vehicles/trash","queueLength":0,"running":2},"timestamp":1780731718937}'
06-06 10:41:58.937 27402 27437 W ReactNativeJS: '[AUDIT][H1][scheduler_enqueue]', '{"sessionId":"577880","runId":"audit-v2","hypothesisId":"H1","location":"apps/app/src/mobile-api-scheduler.ts:78","message":"scheduler_enqueue","data":{"priority":"normal","pathHint":"/api/notifications?limit=1","queueLength":1,"running":2},"timestamp":1780731718937}'
06-06 10:41:58.937 27402 27437 W ReactNativeJS: '[AUDIT][H1][scheduler_enqueue]', '{"sessionId":"577880","runId":"audit-v2","hypothesisId":"H1","location":"apps/app/src/mobile-api-scheduler.ts:78","message":"scheduler_enqueue","data":{"priority":"normal","pathHint":"/api/subscription/current","queueLength":2,"running":2},"timestamp":1780731718937}'
06-06 10:41:58.938 27402 27437 W ReactNativeJS: '[AUDIT][H1][scheduler_start_task]', '{"sessionId":"577880","runId":"audit-v2","hypothesisId":"H1","location":"apps/app/src/mobile-api-scheduler.ts:40","message":"scheduler_start_task","data":{"priority":"normal","pathHint":"/api/notifications?limit=1","queueLength":1,"running":2},"timestamp":1780731718938}'
06-06 10:41:58.938 27402 27437 W ReactNativeJS: '[AUDIT][H12][api_request_target]', '{"sessionId":"577880","runId":"audit-v2","hypothesisId":"H12","location":"packages/api-client/src/fetcher.ts:221","message":"api_request_target","data":{"path":"/api/vehicles/trash","fullUrl":"https://mototwin.online/api/vehicles/trash","baseUrl":"https://mototwin.online","credentials":"omit","hasAuthHeader":true,"isMobileClient":true,"maxAttempts":5},"timestamp":1780731718938}'
06-06 10:41:58.938 27402 27437 W ReactNativeJS: '[AUDIT][H2][api_request_start]', '{"sessionId":"577880","runId":"audit-v2","hypothesisId":"H2","location":"packages/api-client/src/fetcher.ts:221","message":"api_request_start","data":{"path":"/api/vehicles/trash","method":"GET","timeoutMs":7000,"hasSchedulerSignal":true},"timestamp":1780731718938}'
06-06 10:41:58.939 27402 27437 W ReactNativeJS: '[AUDIT][H12][api_request_target]', '{"sessionId":"577880","runId":"audit-v2","hypothesisId":"H12","location":"packages/api-client/src/fetcher.ts:221","message":"api_request_target","data":{"path":"/api/notifications?limit=1","fullUrl":"https://mototwin.online/api/notifications?limit=1","baseUrl":"https://mototwin.online","credentials":"omit","hasAuthHeader":true,"isMobileClient":true,"maxAttempts":5},"timestamp":1780731718939}'
06-06 10:41:58.939 27402 27437 W ReactNativeJS: '[AUDIT][H2][api_request_start]', '{"sessionId":"577880","runId":"audit-v2","hypothesisId":"H2","location":"packages/api-client/src/fetcher.ts:221","message":"api_request_start","data":{"path":"/api/notifications?limit=1","method":"GET","timeoutMs":7000,"hasSchedulerSignal":true},"timestamp":1780731718939}'
06-06 10:41:58.941 27402 27438 W MototwinNet: phase=callStart url=https://mototwin.online/api/vehicles/trash t=1780731718941
06-06 10:41:58.942 27402 27438 W MototwinNet: phase=callStart url=https://mototwin.online/api/notifications?limit=1 t=1780731718942
06-06 10:41:58.943 27402 27454 W MototwinNet: phase=connectionAcquired url=https://mototwin.online/api/vehicles/trash route=Route{mototwin.online/195.24.71.143:443} protocol=http/1.1 t=1780731718943
06-06 10:41:58.943 27402 27454 W MototwinNet: phase=requestHeadersStart url=https://mototwin.online/api/vehicles/trash t=1780731718943
06-06 10:41:58.943 27402 27454 W MototwinNet: phase=requestHeadersEnd url=https://mototwin.online/api/vehicles/trash t=1780731718943
06-06 10:41:58.945 27402 27469 W MototwinNet: phase=dnsStart url=https://mototwin.online/api/notifications?limit=1 domain=mototwin.online t=1780731718945
06-06 10:41:58.945 27402 27469 W MototwinNet: phase=dnsEnd url=https://mototwin.online/api/notifications?limit=1 domain=mototwin.online addresses=mototwin.online/195.24.71.143 t=1780731718945
06-06 10:41:58.945 27402 27469 W MototwinNet: phase=connectStart url=https://mototwin.online/api/notifications?limit=1 address=mototwin.online/195.24.71.143:443 proxy=DIRECT t=1780731718945
06-06 10:41:58.951 27402 27469 W MototwinNet: phase=secureConnectStart url=https://mototwin.online/api/notifications?limit=1 t=1780731718951
06-06 10:41:58.957 27402 27454 W MototwinNet: phase=responseHeadersStart url=https://mototwin.online/api/vehicles/trash t=1780731718957
06-06 10:41:58.957 27402 27454 W MototwinNet: phase=responseHeadersEnd url=https://mototwin.online/api/vehicles/trash t=1780731718957
06-06 10:41:58.958 27402 27454 W MototwinNet: phase=callEnd url=https://mototwin.online/api/vehicles/trash t=1780731718958
06-06 10:41:58.961 27402 27469 W MototwinNet: phase=secureConnectEnd url=https://mototwin.online/api/notifications?limit=1 tls=TLS_1_2 cipher=TLS_ECDHE_ECDSA_WITH_AES_128_GCM_SHA256 t=1780731718961
06-06 10:41:58.961 27402 27469 W MototwinNet: phase=connectEnd url=https://mototwin.online/api/notifications?limit=1 address=mototwin.online/195.24.71.143:443 proxy=DIRECT protocol=http/1.1 t=1780731718961
06-06 10:41:58.962 27402 27469 W MototwinNet: phase=connectionAcquired url=https://mototwin.online/api/notifications?limit=1 route=Route{mototwin.online/195.24.71.143:443} protocol=http/1.1 t=1780731718962
06-06 10:41:58.962 27402 27469 W MototwinNet: phase=requestHeadersStart url=https://mototwin.online/api/notifications?limit=1 t=1780731718962
06-06 10:41:58.962 27402 27469 W MototwinNet: phase=requestHeadersEnd url=https://mototwin.online/api/notifications?limit=1 t=1780731718962
06-06 10:41:59.020 27402 27469 W MototwinNet: phase=responseHeadersStart url=https://mototwin.online/api/notifications?limit=1 t=1780731719020
06-06 10:41:59.020 27402 27469 W MototwinNet: phase=responseHeadersEnd url=https://mototwin.online/api/notifications?limit=1 t=1780731719020
06-06 10:41:59.021 27402 27469 W MototwinNet: phase=callEnd url=https://mototwin.online/api/notifications?limit=1 t=1780731719021
06-06 10:41:59.231 27402 27437 W ReactNativeJS: '[AUDIT][H2][api_request_ok]', '{"sessionId":"577880","runId":"audit-v2","hypothesisId":"H2","location":"packages/api-client/src/fetcher.ts:257","message":"api_request_ok","data":{"path":"/api/vehicles/trash","method":"GET","status":200,"durationMs":294},"timestamp":1780731719231}'
06-06 10:41:59.232 27402 27437 W ReactNativeJS: '[AUDIT][H2][api_request_ok]', '{"sessionId":"577880","runId":"audit-v2","hypothesisId":"H2","location":"packages/api-client/src/fetcher.ts:257","message":"api_request_ok","data":{"path":"/api/notifications?limit=1","method":"GET","status":200,"durationMs":294},"timestamp":1780731719232}'
06-06 10:41:59.233 27402 27437 W ReactNativeJS: '[AUDIT][H1][scheduler_start_task]', '{"sessionId":"577880","runId":"audit-v2","hypothesisId":"H1","location":"apps/app/src/mobile-api-scheduler.ts:40","message":"scheduler_start_task","data":{"priority":"normal","pathHint":"/api/subscription/current","queueLength":0,"running":2},"timestamp":1780731719233}'
06-06 10:41:59.234 27402 27437 W ReactNativeJS: '[AUDIT][H12][api_request_target]', '{"sessionId":"577880","runId":"audit-v2","hypothesisId":"H12","location":"packages/api-client/src/fetcher.ts:221","message":"api_request_target","data":{"path":"/api/subscription/current","fullUrl":"https://mototwin.online/api/subscription/current","baseUrl":"https://mototwin.online","credentials":"omit","hasAuthHeader":true,"isMobileClient":true,"maxAttempts":5},"timestamp":1780731719234}'
06-06 10:41:59.234 27402 27437 W ReactNativeJS: '[AUDIT][H2][api_request_start]', '{"sessionId":"577880","runId":"audit-v2","hypothesisId":"H2","location":"packages/api-client/src/fetcher.ts:221","message":"api_request_start","data":{"path":"/api/subscription/current","method":"GET","timeoutMs":7000,"hasSchedulerSignal":true},"timestamp":1780731719234}'
06-06 10:41:59.241 27402 27438 W MototwinNet: phase=callStart url=https://mototwin.online/api/subscription/current t=1780731719241
06-06 10:41:59.242 27402 27469 W MototwinNet: phase=connectionAcquired url=https://mototwin.online/api/subscription/current route=Route{mototwin.online/195.24.71.143:443} protocol=http/1.1 t=1780731719242
06-06 10:41:59.242 27402 27469 W MototwinNet: phase=requestHeadersStart url=https://mototwin.online/api/subscription/current t=1780731719242
06-06 10:41:59.243 27402 27469 W MototwinNet: phase=requestHeadersEnd url=https://mototwin.online/api/subscription/current t=1780731719243
06-06 10:41:59.258 27402 27469 W MototwinNet: phase=responseHeadersStart url=https://mototwin.online/api/subscription/current t=1780731719258
06-06 10:41:59.258 27402 27469 W MototwinNet: phase=responseHeadersEnd url=https://mototwin.online/api/subscription/current t=1780731719258
06-06 10:41:59.260 27402 27469 W MototwinNet: phase=callEnd url=https://mototwin.online/api/subscription/current t=1780731719260
06-06 10:41:59.268 27402 27437 W ReactNativeJS: '[AUDIT][H2][api_request_ok]', '{"sessionId":"577880","runId":"audit-v2","hypothesisId":"H2","location":"packages/api-client/src/fetcher.ts:257","message":"api_request_ok","data":{"path":"/api/subscription/current","method":"GET","status":200,"durationMs":33},"timestamp":1780731719267}'
06-06 10:42:00.249 27402 27437 W ReactNativeJS: '[AUDIT][H1][scheduler_cancel_low_priority]', '{"sessionId":"577880","runId":"audit-v2","hypothesisId":"H1","location":"apps/app/src/mobile-api-scheduler.ts:118","message":"scheduler_cancel_low_priority","data":{"runningLowPriority":0,"lowQueuedCount":0,"queueLength":0,"running":0},"timestamp":1780731720248}'
06-06 10:42:00.322 27402 27437 W ReactNativeJS: '[AUDIT][H12][mobile_api_client_created]', '{"sessionId":"577880","runId":"audit-v9","hypothesisId":"H12","location":"apps/app/src/create-mobile-api-client.ts:39","message":"mobile_api_client_created","data":{"baseUrl":"https://mototwin.online"},"timestamp":1780731720322}'
06-06 10:42:00.322 27402 27437 W ReactNativeJS: '[AUDIT][H1][scheduler_enqueue]', '{"sessionId":"577880","runId":"audit-v2","hypothesisId":"H1","location":"apps/app/src/mobile-api-scheduler.ts:78","message":"scheduler_enqueue","data":{"priority":"normal","pathHint":"/api/subscription/current","queueLength":1,"running":0},"timestamp":1780731720322}'
06-06 10:42:00.323 27402 27437 W ReactNativeJS: '[AUDIT][H1][scheduler_start_task]', '{"sessionId":"577880","runId":"audit-v2","hypothesisId":"H1","location":"apps/app/src/mobile-api-scheduler.ts:40","message":"scheduler_start_task","data":{"priority":"normal","pathHint":"/api/subscription/current","queueLength":0,"running":1},"timestamp":1780731720322}'
06-06 10:42:00.323 27402 27437 W ReactNativeJS: '[AUDIT][H8][garage_focus_leave]', '{"sessionId":"577880","runId":"audit-v4","hypothesisId":"H8","location":"apps/app/app/garage.tsx:189","message":"garage_focus_leave","data":{"seq":1},"timestamp":1780731720323}'
06-06 10:42:00.340 27402 27437 W ReactNativeJS: '[AUDIT][H10][vehicle_load_start]', '{"sessionId":"577880","runId":"audit-v6","hypothesisId":"H10","location":"apps/app/app/vehicles/[id]/index.tsx:884","message":"vehicle_load_start","data":{"vehicleId":"cmpmggmg900001g9k874bic25","seq":1,"isInitialLoad":true},"timestamp":1780731720340}'
06-06 10:42:00.340 27402 27437 W ReactNativeJS: '[AUDIT][H1][scheduler_cancel_low_priority]', '{"sessionId":"577880","runId":"audit-v2","hypothesisId":"H1","location":"apps/app/src/mobile-api-scheduler.ts:118","message":"scheduler_cancel_low_priority","data":{"runningLowPriority":0,"lowQueuedCount":0,"queueLength":0,"running":1},"timestamp":1780731720340}'
06-06 10:42:00.340 27402 27437 W ReactNativeJS: '[AUDIT][H12][mobile_api_client_created]', '{"sessionId":"577880","runId":"audit-v9","hypothesisId":"H12","location":"apps/app/src/create-mobile-api-client.ts:39","message":"mobile_api_client_created","data":{"baseUrl":"https://mototwin.online"},"timestamp":1780731720340}'
06-06 10:42:00.341 27402 27437 W ReactNativeJS: '[AUDIT][H1][scheduler_enqueue]', '{"sessionId":"577880","runId":"audit-v2","hypothesisId":"H1","location":"apps/app/src/mobile-api-scheduler.ts:78","message":"scheduler_enqueue","data":{"priority":"high","pathHint":"/api/vehicles/cmpmggmg900001g9k874bic25","queueLength":1,"running":1},"timestamp":1780731720341}'
06-06 10:42:00.341 27402 27437 W ReactNativeJS: '[AUDIT][H1][scheduler_start_task]', '{"sessionId":"577880","runId":"audit-v2","hypothesisId":"H1","location":"apps/app/src/mobile-api-scheduler.ts:40","message":"scheduler_start_task","data":{"priority":"high","pathHint":"/api/vehicles/cmpmggmg900001g9k874bic25","queueLength":0,"running":2},"timestamp":1780731720341}'
06-06 10:42:00.341 27402 27437 W ReactNativeJS: '[AUDIT][H3][route_segments_changed]', '{"sessionId":"577880","runId":"audit-v2","hypothesisId":"H3","location":"apps/app/app/_layout.tsx:90","message":"route_segments_changed","data":{"segments":["vehicles","[id]"]},"timestamp":1780731720341}'
06-06 10:42:00.342 27402 27437 W ReactNativeJS: '[AUDIT][H12][api_request_target]', '{"sessionId":"577880","runId":"audit-v2","hypothesisId":"H12","location":"packages/api-client/src/fetcher.ts:221","message":"api_request_target","data":{"path":"/api/subscription/current","fullUrl":"https://mototwin.online/api/subscription/current","baseUrl":"https://mototwin.online","credentials":"omit","hasAuthHeader":true,"isMobileClient":true,"maxAttempts":5},"timestamp":1780731720342}'
06-06 10:42:00.342 27402 27437 W ReactNativeJS: '[AUDIT][H2][api_request_start]', '{"sessionId":"577880","runId":"audit-v2","hypothesisId":"H2","location":"packages/api-client/src/fetcher.ts:221","message":"api_request_start","data":{"path":"/api/subscription/current","method":"GET","timeoutMs":7000,"hasSchedulerSignal":true},"timestamp":1780731720342}'
06-06 10:42:00.343 27402 27437 W ReactNativeJS: '[AUDIT][H12][api_request_target]', '{"sessionId":"577880","runId":"audit-v2","hypothesisId":"H12","location":"packages/api-client/src/fetcher.ts:221","message":"api_request_target","data":{"path":"/api/vehicles/cmpmggmg900001g9k874bic25","fullUrl":"https://mototwin.online/api/vehicles/cmpmggmg900001g9k874bic25","baseUrl":"https://mototwin.online","credentials":"omit","hasAuthHeader":true,"isMobileClient":true,"maxAttempts":5},"timestamp":1780731720343}'
06-06 10:42:00.343 27402 27437 W ReactNativeJS: '[AUDIT][H2][api_request_start]', '{"sessionId":"577880","runId":"audit-v2","hypothesisId":"H2","location":"packages/api-client/src/fetcher.ts:221","message":"api_request_start","data":{"path":"/api/vehicles/cmpmggmg900001g9k874bic25","method":"GET","timeoutMs":7000,"hasSchedulerSignal":true},"timestamp":1780731720343}'
06-06 10:42:00.343 27402 27438 W MototwinNet: phase=callStart url=https://mototwin.online/api/subscription/current t=1780731720343
06-06 10:42:00.344 27402 27438 W MototwinNet: phase=callStart url=https://mototwin.online/api/vehicles/cmpmggmg900001g9k874bic25 t=1780731720344
06-06 10:42:00.345 27402 27469 W MototwinNet: phase=connectionAcquired url=https://mototwin.online/api/subscription/current route=Route{mototwin.online/195.24.71.143:443} protocol=http/1.1 t=1780731720345
06-06 10:42:00.345 27402 27469 W MototwinNet: phase=requestHeadersStart url=https://mototwin.online/api/subscription/current t=1780731720345
06-06 10:42:00.345 27402 27469 W MototwinNet: phase=requestHeadersEnd url=https://mototwin.online/api/subscription/current t=1780731720345
06-06 10:42:00.345 27402 27454 W MototwinNet: phase=connectionAcquired url=https://mototwin.online/api/vehicles/cmpmggmg900001g9k874bic25 route=Route{mototwin.online/195.24.71.143:443} protocol=http/1.1 t=1780731720345
06-06 10:42:00.346 27402 27454 W MototwinNet: phase=requestHeadersStart url=https://mototwin.online/api/vehicles/cmpmggmg900001g9k874bic25 t=1780731720346
06-06 10:42:00.346 27402 27454 W MototwinNet: phase=requestHeadersEnd url=https://mototwin.online/api/vehicles/cmpmggmg900001g9k874bic25 t=1780731720346
06-06 10:42:00.366 27402 27454 W MototwinNet: phase=responseHeadersStart url=https://mototwin.online/api/vehicles/cmpmggmg900001g9k874bic25 t=1780731720366
06-06 10:42:00.367 27402 27454 W MototwinNet: phase=responseHeadersEnd url=https://mototwin.online/api/vehicles/cmpmggmg900001g9k874bic25 t=1780731720367
06-06 10:42:00.367 27402 27469 W MototwinNet: phase=responseHeadersStart url=https://mototwin.online/api/subscription/current t=1780731720367
06-06 10:42:00.367 27402 27469 W MototwinNet: phase=responseHeadersEnd url=https://mototwin.online/api/subscription/current t=1780731720367
06-06 10:42:00.368 27402 27454 W MototwinNet: phase=callEnd url=https://mototwin.online/api/vehicles/cmpmggmg900001g9k874bic25 t=1780731720368
06-06 10:42:00.368 27402 27469 W MototwinNet: phase=callEnd url=https://mototwin.online/api/subscription/current t=1780731720368
06-06 10:42:00.383 27402 27437 W ReactNativeJS: '[AUDIT][H2][api_request_ok]', '{"sessionId":"577880","runId":"audit-v2","hypothesisId":"H2","location":"packages/api-client/src/fetcher.ts:257","message":"api_request_ok","data":{"path":"/api/vehicles/cmpmggmg900001g9k874bic25","method":"GET","status":200,"durationMs":42},"timestamp":1780731720383}'
06-06 10:42:00.386 27402 27437 W ReactNativeJS: '[AUDIT][H2][api_request_ok]', '{"sessionId":"577880","runId":"audit-v2","hypothesisId":"H2","location":"packages/api-client/src/fetcher.ts:257","message":"api_request_ok","data":{"path":"/api/subscription/current","method":"GET","status":200,"durationMs":62},"timestamp":1780731720385}'
06-06 10:42:00.387 27402 27437 W ReactNativeJS: '[AUDIT][H10][vehicle_load_ok]', '{"sessionId":"577880","runId":"audit-v6","hypothesisId":"H10","location":"apps/app/app/vehicles/[id]/index.tsx:980","message":"vehicle_load_ok","data":{"vehicleId":"cmpmggmg900001g9k874bic25","seq":1,"isInitialLoad":true,"hasVehicle":true},"timestamp":1780731720387}'
06-06 10:42:00.388 27402 27437 W ReactNativeJS: '[AUDIT][H1][scheduler_enqueue]', '{"sessionId":"577880","runId":"audit-v2","hypothesisId":"H1","location":"apps/app/src/mobile-api-scheduler.ts:78","message":"scheduler_enqueue","data":{"priority":"low","pathHint":"/api/vehicles/cmpmggmg900001g9k874bic25/node-tree","queueLength":1,"running":1},"timestamp":1780731720388}'
06-06 10:42:00.388 27402 27437 W ReactNativeJS: '[AUDIT][H1][scheduler_start_task]', '{"sessionId":"577880","runId":"audit-v2","hypothesisId":"H1","location":"apps/app/src/mobile-api-scheduler.ts:40","message":"scheduler_start_task","data":{"priority":"low","pathHint":"/api/vehicles/cmpmggmg900001g9k874bic25/node-tree","queueLength":0,"running":2},"timestamp":1780731720388}'
06-06 10:42:00.388 27402 27437 W ReactNativeJS: '[AUDIT][H1][scheduler_enqueue]', '{"sessionId":"577880","runId":"audit-v2","hypothesisId":"H1","location":"apps/app/src/mobile-api-scheduler.ts:78","message":"scheduler_enqueue","data":{"priority":"normal","pathHint":"/api/vehicles/cmpmggmg900001g9k874bic25/service-events","queueLength":1,"running":2},"timestamp":1780731720388}'
06-06 10:42:00.389 27402 27437 W ReactNativeJS: '[AUDIT][H12][api_request_target]', '{"sessionId":"577880","runId":"audit-v2","hypothesisId":"H12","location":"packages/api-client/src/fetcher.ts:221","message":"api_request_target","data":{"path":"/api/vehicles/cmpmggmg900001g9k874bic25/node-tree","fullUrl":"https://mototwin.online/api/vehicles/cmpmggmg900001g9k874bic25/node-tree","baseUrl":"https://mototwin.online","credentials":"omit","hasAuthHeader":true,"isMobileClient":true,"maxAttempts":5},"timestamp":1780731720388}'
06-06 10:42:00.389 27402 27437 W ReactNativeJS: '[AUDIT][H2][api_request_start]', '{"sessionId":"577880","runId":"audit-v2","hypothesisId":"H2","location":"packages/api-client/src/fetcher.ts:221","message":"api_request_start","data":{"path":"/api/vehicles/cmpmggmg900001g9k874bic25/node-tree","method":"GET","timeoutMs":7000,"hasSchedulerSignal":true},"timestamp":1780731720389}'
