06-06 10:42:00.390 27402 27437 W ReactNativeJS: '[AUDIT][H1][scheduler_start_task]', '{"sessionId":"577880","runId":"audit-v2","hypothesisId":"H1","location":"apps/app/src/mobile-api-scheduler.ts:40","message":"scheduler_start_task","data":{"priority":"normal","pathHint":"/api/vehicles/cmpmggmg900001g9k874bic25/service-events","queueLength":0,"running":2},"timestamp":1780731720390}'
06-06 10:42:00.390 27402 27437 W ReactNativeJS: '[AUDIT][H12][api_request_target]', '{"sessionId":"577880","runId":"audit-v2","hypothesisId":"H12","location":"packages/api-client/src/fetcher.ts:221","message":"api_request_target","data":{"path":"/api/vehicles/cmpmggmg900001g9k874bic25/service-events","fullUrl":"https://mototwin.online/api/vehicles/cmpmggmg900001g9k874bic25/service-events","baseUrl":"https://mototwin.online","credentials":"omit","hasAuthHeader":true,"isMobileClient":true,"maxAttempts":5},"timestamp":1780731720390}'
06-06 10:42:00.390 27402 27437 W ReactNativeJS: '[AUDIT][H2][api_request_start]', '{"sessionId":"577880","runId":"audit-v2","hypothesisId":"H2","location":"packages/api-client/src/fetcher.ts:221","message":"api_request_start","data":{"path":"/api/vehicles/cmpmggmg900001g9k874bic25/service-events","method":"GET","timeoutMs":7000,"hasSchedulerSignal":true},"timestamp":1780731720390}'
06-06 10:42:00.391 27402 27438 W MototwinNet: phase=callStart url=https://mototwin.online/api/vehicles/cmpmggmg900001g9k874bic25/node-tree t=1780731720391
06-06 10:42:00.392 27402 27469 W MototwinNet: phase=connectionAcquired url=https://mototwin.online/api/vehicles/cmpmggmg900001g9k874bic25/node-tree route=Route{mototwin.online/195.24.71.143:443} protocol=http/1.1 t=1780731720392
06-06 10:42:00.392 27402 27469 W MototwinNet: phase=requestHeadersStart url=https://mototwin.online/api/vehicles/cmpmggmg900001g9k874bic25/node-tree t=1780731720392
06-06 10:42:00.392 27402 27469 W MototwinNet: phase=requestHeadersEnd url=https://mototwin.online/api/vehicles/cmpmggmg900001g9k874bic25/node-tree t=1780731720392
06-06 10:42:00.392 27402 27438 W MototwinNet: phase=callStart url=https://mototwin.online/api/vehicles/cmpmggmg900001g9k874bic25/service-events t=1780731720392
06-06 10:42:00.394 27402 27454 W MototwinNet: phase=connectionAcquired url=https://mototwin.online/api/vehicles/cmpmggmg900001g9k874bic25/service-events route=Route{mototwin.online/195.24.71.143:443} protocol=http/1.1 t=1780731720393
06-06 10:42:00.394 27402 27454 W MototwinNet: phase=requestHeadersStart url=https://mototwin.online/api/vehicles/cmpmggmg900001g9k874bic25/service-events t=1780731720394
06-06 10:42:00.394 27402 27454 W MototwinNet: phase=requestHeadersEnd url=https://mototwin.online/api/vehicles/cmpmggmg900001g9k874bic25/service-events t=1780731720394
06-06 10:42:00.419 27402 27454 W MototwinNet: phase=responseHeadersStart url=https://mototwin.online/api/vehicles/cmpmggmg900001g9k874bic25/service-events t=1780731720419
06-06 10:42:00.420 27402 27454 W MototwinNet: phase=responseHeadersEnd url=https://mototwin.online/api/vehicles/cmpmggmg900001g9k874bic25/service-events t=1780731720420
06-06 10:42:00.421 27402 27454 W MototwinNet: phase=callEnd url=https://mototwin.online/api/vehicles/cmpmggmg900001g9k874bic25/service-events t=1780731720421
06-06 10:42:00.426 27402 27469 W MototwinNet: phase=responseHeadersStart url=https://mototwin.online/api/vehicles/cmpmggmg900001g9k874bic25/node-tree t=1780731720426
06-06 10:42:00.427 27402 27469 W MototwinNet: phase=responseHeadersEnd url=https://mototwin.online/api/vehicles/cmpmggmg900001g9k874bic25/node-tree t=1780731720427
06-06 10:42:00.433 27402 27469 W MototwinNet: phase=callEnd url=https://mototwin.online/api/vehicles/cmpmggmg900001g9k874bic25/node-tree t=1780731720433
06-06 10:42:00.611 27402 27437 W ReactNativeJS: '[AUDIT][H2][api_request_ok]', '{"sessionId":"577880","runId":"audit-v2","hypothesisId":"H2","location":"packages/api-client/src/fetcher.ts:257","message":"api_request_ok","data":{"path":"/api/vehicles/cmpmggmg900001g9k874bic25/service-events","method":"GET","status":200,"durationMs":221},"timestamp":1780731720611}'
06-06 10:42:00.612 27402 27437 W ReactNativeJS: '[AUDIT][H2][api_request_ok]', '{"sessionId":"577880","runId":"audit-v2","hypothesisId":"H2","location":"packages/api-client/src/fetcher.ts:257","message":"api_request_ok","data":{"path":"/api/vehicles/cmpmggmg900001g9k874bic25/node-tree","method":"GET","status":200,"durationMs":224},"timestamp":1780731720612}'
06-06 10:42:00.623 27402 27437 W ReactNativeJS: '[AUDIT][H1][scheduler_enqueue]', '{"sessionId":"577880","runId":"audit-v2","hypothesisId":"H1","location":"apps/app/src/mobile-api-scheduler.ts:78","message":"scheduler_enqueue","data":{"priority":"normal","pathHint":"/api/nodes/top","queueLength":1,"running":0},"timestamp":1780731720623}'
06-06 10:42:00.623 27402 27437 W ReactNativeJS: '[AUDIT][H1][scheduler_start_task]', '{"sessionId":"577880","runId":"audit-v2","hypothesisId":"H1","location":"apps/app/src/mobile-api-scheduler.ts:40","message":"scheduler_start_task","data":{"priority":"normal","pathHint":"/api/nodes/top","queueLength":0,"running":1},"timestamp":1780731720623}'
06-06 10:42:00.624 27402 27437 W ReactNativeJS: '[AUDIT][H1][scheduler_enqueue]', '{"sessionId":"577880","runId":"audit-v2","hypothesisId":"H1","location":"apps/app/src/mobile-api-scheduler.ts:78","message":"scheduler_enqueue","data":{"priority":"normal","pathHint":"/api/expenses?year=2026&vehicleId=cmpmggmg900001g9k874bic25","queueLength":1,"running":1},"timestamp":1780731720624}'
06-06 10:42:00.624 27402 27437 W ReactNativeJS: '[AUDIT][H1][scheduler_start_task]', '{"sessionId":"577880","runId":"audit-v2","hypothesisId":"H1","location":"apps/app/src/mobile-api-scheduler.ts:40","message":"scheduler_start_task","data":{"priority":"normal","pathHint":"/api/expenses?year=2026&vehicleId=cmpmggmg900001g9k874bic25","queueLength":0,"running":2},"timestamp":1780731720624}'
06-06 10:42:00.624 27402 27437 W ReactNativeJS: '[AUDIT][H1][scheduler_enqueue]', '{"sessionId":"577880","runId":"audit-v2","hypothesisId":"H1","location":"apps/app/src/mobile-api-scheduler.ts:78","message":"scheduler_enqueue","data":{"priority":"high","pathHint":"/api/vehicles/cmpmggmg900001g9k874bic25/wishlist","queueLength":1,"running":2},"timestamp":1780731720624}'
06-06 10:42:00.625 27402 27437 W ReactNativeJS: '[AUDIT][H12][api_request_target]', '{"sessionId":"577880","runId":"audit-v2","hypothesisId":"H12","location":"packages/api-client/src/fetcher.ts:221","message":"api_request_target","data":{"path":"/api/nodes/top","fullUrl":"https://mototwin.online/api/nodes/top","baseUrl":"https://mototwin.online","credentials":"omit","hasAuthHeader":true,"isMobileClient":true,"maxAttempts":5},"timestamp":1780731720624}'
06-06 10:42:00.625 27402 27437 W ReactNativeJS: '[AUDIT][H2][api_request_start]', '{"sessionId":"577880","runId":"audit-v2","hypothesisId":"H2","location":"packages/api-client/src/fetcher.ts:221","message":"api_request_start","data":{"path":"/api/nodes/top","method":"GET","timeoutMs":7000,"hasSchedulerSignal":true},"timestamp":1780731720625}'
06-06 10:42:00.626 27402 27437 W ReactNativeJS: '[AUDIT][H12][api_request_target]', '{"sessionId":"577880","runId":"audit-v2","hypothesisId":"H12","location":"packages/api-client/src/fetcher.ts:221","message":"api_request_target","data":{"path":"/api/expenses?year=2026&vehicleId=cmpmggmg900001g9k874bic25","fullUrl":"https://mototwin.online/api/expenses?year=2026&vehicleId=cmpmggmg900001g9k874bic25","baseUrl":"https://mototwin.online","credentials":"omit","hasAuthHeader":true,"isMobileClient":true,"maxAttempts":5},"timestamp":1780731720626}'
06-06 10:42:00.626 27402 27437 W ReactNativeJS: '[AUDIT][H2][api_request_start]', '{"sessionId":"577880","runId":"audit-v2","hypothesisId":"H2","location":"packages/api-client/src/fetcher.ts:221","message":"api_request_start","data":{"path":"/api/expenses?year=2026&vehicleId=cmpmggmg900001g9k874bic25","method":"GET","timeoutMs":7000,"hasSchedulerSignal":true},"timestamp":1780731720626}'
06-06 10:42:00.628 27402 27438 W MototwinNet: phase=callStart url=https://mototwin.online/api/nodes/top t=1780731720628
06-06 10:42:00.629 27402 27469 W MototwinNet: phase=connectionAcquired url=https://mototwin.online/api/nodes/top route=Route{mototwin.online/195.24.71.143:443} protocol=http/1.1 t=1780731720629
06-06 10:42:00.629 27402 27469 W MototwinNet: phase=requestHeadersStart url=https://mototwin.online/api/nodes/top t=1780731720629
06-06 10:42:00.629 27402 27469 W MototwinNet: phase=requestHeadersEnd url=https://mototwin.online/api/nodes/top t=1780731720629
06-06 10:42:00.629 27402 27438 W MototwinNet: phase=callStart url=https://mototwin.online/api/expenses?year=2026&vehicleId=cmpmggmg900001g9k874bic25 t=1780731720629
06-06 10:42:00.631 27402 27454 W MototwinNet: phase=connectionAcquired url=https://mototwin.online/api/expenses?year=2026&vehicleId=cmpmggmg900001g9k874bic25 route=Route{mototwin.online/195.24.71.143:443} protocol=http/1.1 t=1780731720631
06-06 10:42:00.631 27402 27454 W MototwinNet: phase=requestHeadersStart url=https://mototwin.online/api/expenses?year=2026&vehicleId=cmpmggmg900001g9k874bic25 t=1780731720631
06-06 10:42:00.631 27402 27454 W MototwinNet: phase=requestHeadersEnd url=https://mototwin.online/api/expenses?year=2026&vehicleId=cmpmggmg900001g9k874bic25 t=1780731720631
06-06 10:42:00.646 27402 27469 W MototwinNet: phase=responseHeadersStart url=https://mototwin.online/api/nodes/top t=1780731720646
06-06 10:42:00.646 27402 27469 W MototwinNet: phase=responseHeadersEnd url=https://mototwin.online/api/nodes/top t=1780731720646
06-06 10:42:00.649 27402 27469 W MototwinNet: phase=callEnd url=https://mototwin.online/api/nodes/top t=1780731720649
06-06 10:42:00.654 27402 27454 W MototwinNet: phase=responseHeadersStart url=https://mototwin.online/api/expenses?year=2026&vehicleId=cmpmggmg900001g9k874bic25 t=1780731720654
06-06 10:42:00.654 27402 27454 W MototwinNet: phase=responseHeadersEnd url=https://mototwin.online/api/expenses?year=2026&vehicleId=cmpmggmg900001g9k874bic25 t=1780731720654
06-06 10:42:00.657 27402 27454 W MototwinNet: phase=callEnd url=https://mototwin.online/api/expenses?year=2026&vehicleId=cmpmggmg900001g9k874bic25 t=1780731720657
06-06 10:42:00.665 27402 27437 W ReactNativeJS: '[AUDIT][H2][api_request_ok]', '{"sessionId":"577880","runId":"audit-v2","hypothesisId":"H2","location":"packages/api-client/src/fetcher.ts:257","message":"api_request_ok","data":{"path":"/api/nodes/top","method":"GET","status":200,"durationMs":42},"timestamp":1780731720665}'
06-06 10:42:00.666 27402 27437 W ReactNativeJS: '[AUDIT][H2][api_request_ok]', '{"sessionId":"577880","runId":"audit-v2","hypothesisId":"H2","location":"packages/api-client/src/fetcher.ts:257","message":"api_request_ok","data":{"path":"/api/expenses?year=2026&vehicleId=cmpmggmg900001g9k874bic25","method":"GET","status":200,"durationMs":42},"timestamp":1780731720666}'
06-06 10:42:00.669 27402 27437 W ReactNativeJS: '[AUDIT][H1][scheduler_start_task]', '{"sessionId":"577880","runId":"audit-v2","hypothesisId":"H1","location":"apps/app/src/mobile-api-scheduler.ts:40","message":"scheduler_start_task","data":{"priority":"high","pathHint":"/api/vehicles/cmpmggmg900001g9k874bic25/wishlist","queueLength":0,"running":2},"timestamp":1780731720669}'
06-06 10:42:00.670 27402 27437 W ReactNativeJS: '[AUDIT][H12][api_request_target]', '{"sessionId":"577880","runId":"audit-v2","hypothesisId":"H12","location":"packages/api-client/src/fetcher.ts:221","message":"api_request_target","data":{"path":"/api/vehicles/cmpmggmg900001g9k874bic25/wishlist","fullUrl":"https://mototwin.online/api/vehicles/cmpmggmg900001g9k874bic25/wishlist","baseUrl":"https://mototwin.online","credentials":"omit","hasAuthHeader":true,"isMobileClient":true,"maxAttempts":5},"timestamp":1780731720669}'
06-06 10:42:00.670 27402 27437 W ReactNativeJS: '[AUDIT][H2][api_request_start]', '{"sessionId":"577880","runId":"audit-v2","hypothesisId":"H2","location":"packages/api-client/src/fetcher.ts:221","message":"api_request_start","data":{"path":"/api/vehicles/cmpmggmg900001g9k874bic25/wishlist","method":"GET","timeoutMs":7000,"hasSchedulerSignal":true},"timestamp":1780731720670}'
06-06 10:42:00.672 27402 27438 W MototwinNet: phase=callStart url=https://mototwin.online/api/vehicles/cmpmggmg900001g9k874bic25/wishlist t=1780731720672
06-06 10:42:00.674 27402 27454 W MototwinNet: phase=connectionAcquired url=https://mototwin.online/api/vehicles/cmpmggmg900001g9k874bic25/wishlist route=Route{mototwin.online/195.24.71.143:443} protocol=http/1.1 t=1780731720674
06-06 10:42:00.675 27402 27454 W MototwinNet: phase=requestHeadersStart url=https://mototwin.online/api/vehicles/cmpmggmg900001g9k874bic25/wishlist t=1780731720675
06-06 10:42:00.675 27402 27454 W MototwinNet: phase=requestHeadersEnd url=https://mototwin.online/api/vehicles/cmpmggmg900001g9k874bic25/wishlist t=1780731720675
06-06 10:42:00.690 27402 27454 W MototwinNet: phase=responseHeadersStart url=https://mototwin.online/api/vehicles/cmpmggmg900001g9k874bic25/wishlist t=1780731720690
06-06 10:42:00.691 27402 27454 W MototwinNet: phase=responseHeadersEnd url=https://mototwin.online/api/vehicles/cmpmggmg900001g9k874bic25/wishlist t=1780731720691
06-06 10:42:00.693 27402 27454 W MototwinNet: phase=callEnd url=https://mototwin.online/api/vehicles/cmpmggmg900001g9k874bic25/wishlist t=1780731720693
06-06 10:42:00.698 27402 27437 W ReactNativeJS: '[AUDIT][H2][api_request_ok]', '{"sessionId":"577880","runId":"audit-v2","hypothesisId":"H2","location":"packages/api-client/src/fetcher.ts:257","message":"api_request_ok","data":{"path":"/api/vehicles/cmpmggmg900001g9k874bic25/wishlist","method":"GET","status":200,"durationMs":29},"timestamp":1780731720698}'
06-06 10:42:03.263 27402 27437 W ReactNativeJS: '[AUDIT][H1][scheduler_cancel_low_priority]', '{"sessionId":"577880","runId":"audit-v2","hypothesisId":"H1","location":"apps/app/src/mobile-api-scheduler.ts:118","message":"scheduler_cancel_low_priority","data":{"runningLowPriority":0,"lowQueuedCount":0,"queueLength":0,"running":0},"timestamp":1780731723263}'
06-06 10:42:03.284 27402 27437 W ReactNativeJS: '[AUDIT][H1][scheduler_cancel_low_priority]', '{"sessionId":"577880","runId":"audit-v2","hypothesisId":"H1","location":"apps/app/src/mobile-api-scheduler.ts:118","message":"scheduler_cancel_low_priority","data":{"runningLowPriority":0,"lowQueuedCount":0,"queueLength":0,"running":0},"timestamp":1780731723284}'
06-06 10:42:03.284 27402 27437 W ReactNativeJS: '[AUDIT][H12][mobile_api_client_created]', '{"sessionId":"577880","runId":"audit-v9","hypothesisId":"H12","location":"apps/app/src/create-mobile-api-client.ts:39","message":"mobile_api_client_created","data":{"baseUrl":"https://mototwin.online"},"timestamp":1780731723284}'
06-06 10:42:03.285 27402 27437 W ReactNativeJS: '[AUDIT][H1][scheduler_enqueue]', '{"sessionId":"577880","runId":"audit-v2","hypothesisId":"H1","location":"apps/app/src/mobile-api-scheduler.ts:78","message":"scheduler_enqueue","data":{"priority":"high","pathHint":"/api/vehicles/cmpmggmg900001g9k874bic25/wishlist","queueLength":1,"running":0},"timestamp":1780731723284}'
06-06 10:42:03.285 27402 27437 W ReactNativeJS: '[AUDIT][H1][scheduler_start_task]', '{"sessionId":"577880","runId":"audit-v2","hypothesisId":"H1","location":"apps/app/src/mobile-api-scheduler.ts:40","message":"scheduler_start_task","data":{"priority":"high","pathHint":"/api/vehicles/cmpmggmg900001g9k874bic25/wishlist","queueLength":0,"running":1},"timestamp":1780731723285}'
06-06 10:42:03.285 27402 27437 W ReactNativeJS: '[AUDIT][H1][scheduler_enqueue]', '{"sessionId":"577880","runId":"audit-v2","hypothesisId":"H1","location":"apps/app/src/mobile-api-scheduler.ts:78","message":"scheduler_enqueue","data":{"priority":"high","pathHint":"/api/vehicles/cmpmggmg900001g9k874bic25","queueLength":1,"running":1},"timestamp":1780731723285}'
06-06 10:42:03.285 27402 27437 W ReactNativeJS: '[AUDIT][H1][scheduler_start_task]', '{"sessionId":"577880","runId":"audit-v2","hypothesisId":"H1","location":"apps/app/src/mobile-api-scheduler.ts:40","message":"scheduler_start_task","data":{"priority":"high","pathHint":"/api/vehicles/cmpmggmg900001g9k874bic25","queueLength":0,"running":2},"timestamp":1780731723285}'
06-06 10:42:03.286 27402 27437 W ReactNativeJS: '[AUDIT][H3][route_segments_changed]', '{"sessionId":"577880","runId":"audit-v2","hypothesisId":"H3","location":"apps/app/app/_layout.tsx:90","message":"route_segments_changed","data":{"segments":["vehicles","[id]","wishlist"]},"timestamp":1780731723285}'
06-06 10:42:03.286 27402 27437 W ReactNativeJS: '[AUDIT][H12][api_request_target]', '{"sessionId":"577880","runId":"audit-v2","hypothesisId":"H12","location":"packages/api-client/src/fetcher.ts:221","message":"api_request_target","data":{"path":"/api/vehicles/cmpmggmg900001g9k874bic25/wishlist","fullUrl":"https://mototwin.online/api/vehicles/cmpmggmg900001g9k874bic25/wishlist","baseUrl":"https://mototwin.online","credentials":"omit","hasAuthHeader":true,"isMobileClient":true,"maxAttempts":5},"timestamp":1780731723286}'
06-06 10:42:03.287 27402 27437 W ReactNativeJS: '[AUDIT][H2][api_request_start]', '{"sessionId":"577880","runId":"audit-v2","hypothesisId":"H2","location":"packages/api-client/src/fetcher.ts:221","message":"api_request_start","data":{"path":"/api/vehicles/cmpmggmg900001g9k874bic25/wishlist","method":"GET","timeoutMs":7000,"hasSchedulerSignal":true},"timestamp":1780731723286}'
06-06 10:42:03.288 27402 27437 W ReactNativeJS: '[AUDIT][H12][api_request_target]', '{"sessionId":"577880","runId":"audit-v2","hypothesisId":"H12","location":"packages/api-client/src/fetcher.ts:221","message":"api_request_target","data":{"path":"/api/vehicles/cmpmggmg900001g9k874bic25","fullUrl":"https://mototwin.online/api/vehicles/cmpmggmg900001g9k874bic25","baseUrl":"https://mototwin.online","credentials":"omit","hasAuthHeader":true,"isMobileClient":true,"maxAttempts":5},"timestamp":1780731723288}'
06-06 10:42:03.289 27402 27437 W ReactNativeJS: '[AUDIT][H2][api_request_start]', '{"sessionId":"577880","runId":"audit-v2","hypothesisId":"H2","location":"packages/api-client/src/fetcher.ts:221","message":"api_request_start","data":{"path":"/api/vehicles/cmpmggmg900001g9k874bic25","method":"GET","timeoutMs":7000,"hasSchedulerSignal":true},"timestamp":1780731723288}'
06-06 10:42:03.291 27402 27438 W MototwinNet: phase=callStart url=https://mototwin.online/api/vehicles/cmpmggmg900001g9k874bic25/wishlist t=1780731723291
06-06 10:42:03.292 27402 27438 W MototwinNet: phase=callStart url=https://mototwin.online/api/vehicles/cmpmggmg900001g9k874bic25 t=1780731723292
06-06 10:42:03.293 27402 27454 W MototwinNet: phase=connectionAcquired url=https://mototwin.online/api/vehicles/cmpmggmg900001g9k874bic25/wishlist route=Route{mototwin.online/195.24.71.143:443} protocol=http/1.1 t=1780731723292
06-06 10:42:03.293 27402 27454 W MototwinNet: phase=requestHeadersStart url=https://mototwin.online/api/vehicles/cmpmggmg900001g9k874bic25/wishlist t=1780731723293
06-06 10:42:03.293 27402 27454 W MototwinNet: phase=requestHeadersEnd url=https://mototwin.online/api/vehicles/cmpmggmg900001g9k874bic25/wishlist t=1780731723293
06-06 10:42:03.294 27402 27469 W MototwinNet: phase=connectionAcquired url=https://mototwin.online/api/vehicles/cmpmggmg900001g9k874bic25 route=Route{mototwin.online/195.24.71.143:443} protocol=http/1.1 t=1780731723294
06-06 10:42:03.294 27402 27469 W MototwinNet: phase=requestHeadersStart url=https://mototwin.online/api/vehicles/cmpmggmg900001g9k874bic25 t=1780731723294
06-06 10:42:03.295 27402 27469 W MototwinNet: phase=requestHeadersEnd url=https://mototwin.online/api/vehicles/cmpmggmg900001g9k874bic25 t=1780731723295
06-06 10:42:03.314 27402 27469 W MototwinNet: phase=responseHeadersStart url=https://mototwin.online/api/vehicles/cmpmggmg900001g9k874bic25 t=1780731723313
06-06 10:42:03.314 27402 27469 W MototwinNet: phase=responseHeadersEnd url=https://mototwin.online/api/vehicles/cmpmggmg900001g9k874bic25 t=1780731723314
06-06 10:42:03.316 27402 27469 W MototwinNet: phase=callEnd url=https://mototwin.online/api/vehicles/cmpmggmg900001g9k874bic25 t=1780731723316
06-06 10:42:03.316 27402 27454 W MototwinNet: phase=responseHeadersStart url=https://mototwin.online/api/vehicles/cmpmggmg900001g9k874bic25/wishlist t=1780731723316
06-06 10:42:03.316 27402 27454 W MototwinNet: phase=responseHeadersEnd url=https://mototwin.online/api/vehicles/cmpmggmg900001g9k874bic25/wishlist t=1780731723316
06-06 10:42:03.318 27402 27454 W MototwinNet: phase=callEnd url=https://mototwin.online/api/vehicles/cmpmggmg900001g9k874bic25/wishlist t=1780731723318
06-06 10:42:03.334 27402 27437 W ReactNativeJS: '[AUDIT][H2][api_request_ok]', '{"sessionId":"577880","runId":"audit-v2","hypothesisId":"H2","location":"packages/api-client/src/fetcher.ts:257","message":"api_request_ok","data":{"path":"/api/vehicles/cmpmggmg900001g9k874bic25","method":"GET","status":200,"durationMs":49},"timestamp":1780731723334}'
06-06 10:42:03.346 27402 27437 W ReactNativeJS: '[AUDIT][H2][api_request_ok]', '{"sessionId":"577880","runId":"audit-v2","hypothesisId":"H2","location":"packages/api-client/src/fetcher.ts:257","message":"api_request_ok","data":{"path":"/api/vehicles/cmpmggmg900001g9k874bic25/wishlist","method":"GET","status":200,"durationMs":60},"timestamp":1780731723345}'
06-06 10:42:03.395 27402 27437 W ReactNativeJS: '[AUDIT][H1][scheduler_enqueue]', '{"sessionId":"577880","runId":"audit-v2","hypothesisId":"H1","location":"apps/app/src/mobile-api-scheduler.ts:78","message":"scheduler_enqueue","data":{"priority":"normal","pathHint":"/api/vehicles/cmpmggmg900001g9k874bic25/service-events","queueLength":1,"running":0},"timestamp":1780731723395}'
06-06 10:42:03.396 27402 27437 W ReactNativeJS: '[AUDIT][H1][scheduler_start_task]', '{"sessionId":"577880","runId":"audit-v2","hypothesisId":"H1","location":"apps/app/src/mobile-api-scheduler.ts:40","message":"scheduler_start_task","data":{"priority":"normal","pathHint":"/api/vehicles/cmpmggmg900001g9k874bic25/service-events","queueLength":0,"running":1},"timestamp":1780731723396}'
06-06 10:42:03.397 27402 27437 W ReactNativeJS: '[AUDIT][H1][scheduler_enqueue]', '{"sessionId":"577880","runId":"audit-v2","hypothesisId":"H1","location":"apps/app/src/mobile-api-scheduler.ts:78","message":"scheduler_enqueue","data":{"priority":"low","pathHint":"/api/vehicles/cmpmggmg900001g9k874bic25/node-tree","queueLength":1,"running":1},"timestamp":1780731723397}'
06-06 10:42:03.397 27402 27437 W ReactNativeJS: '[AUDIT][H1][scheduler_start_task]', '{"sessionId":"577880","runId":"audit-v2","hypothesisId":"H1","location":"apps/app/src/mobile-api-scheduler.ts:40","message":"scheduler_start_task","data":{"priority":"low","pathHint":"/api/vehicles/cmpmggmg900001g9k874bic25/node-tree","queueLength":0,"running":2},"timestamp":1780731723397}'
06-06 10:42:03.398 27402 27437 W ReactNativeJS: '[AUDIT][H12][api_request_target]', '{"sessionId":"577880","runId":"audit-v2","hypothesisId":"H12","location":"packages/api-client/src/fetcher.ts:221","message":"api_request_target","data":{"path":"/api/vehicles/cmpmggmg900001g9k874bic25/service-events","fullUrl":"https://mototwin.online/api/vehicles/cmpmggmg900001g9k874bic25/service-events","baseUrl":"https://mototwin.online","credentials":"omit","hasAuthHeader":true,"isMobileClient":true,"maxAttempts":5},"timestamp":1780731723397}'
06-06 10:42:03.398 27402 27437 W ReactNativeJS: '[AUDIT][H2][api_request_start]', '{"sessionId":"577880","runId":"audit-v2","hypothesisId":"H2","location":"packages/api-client/src/fetcher.ts:221","message":"api_request_start","data":{"path":"/api/vehicles/cmpmggmg900001g9k874bic25/service-events","method":"GET","timeoutMs":7000,"hasSchedulerSignal":true},"timestamp":1780731723398}'
06-06 10:42:03.405 27402 27437 W ReactNativeJS: '[AUDIT][H12][api_request_target]', '{"sessionId":"577880","runId":"audit-v2","hypothesisId":"H12","location":"packages/api-client/src/fetcher.ts:221","message":"api_request_target","data":{"path":"/api/vehicles/cmpmggmg900001g9k874bic25/node-tree","fullUrl":"https://mototwin.online/api/vehicles/cmpmggmg900001g9k874bic25/node-tree","baseUrl":"https://mototwin.online","credentials":"omit","hasAuthHeader":true,"isMobileClient":true,"maxAttempts":5},"timestamp":1780731723404}'
06-06 10:42:03.405 27402 27437 W ReactNativeJS: '[AUDIT][H2][api_request_start]', '{"sessionId":"577880","runId":"audit-v2","hypothesisId":"H2","location":"packages/api-client/src/fetcher.ts:221","message":"api_request_start","data":{"path":"/api/vehicles/cmpmggmg900001g9k874bic25/node-tree","method":"GET","timeoutMs":7000,"hasSchedulerSignal":true},"timestamp":1780731723405}'
06-06 10:42:03.407 27402 27438 W MototwinNet: phase=callStart url=http://127.0.0.1:7691/ingest/26105bb6-0b1c-4ea6-81d5-5f2a1ba438cd t=1780731723407
06-06 10:42:03.414 27402 27438 W MototwinNet: phase=callStart url=https://mototwin.online/api/vehicles/cmpmggmg900001g9k874bic25/service-events t=1780731723413
06-06 10:42:03.417 27402 27469 W MototwinNet: phase=connectionAcquired url=https://mototwin.online/api/vehicles/cmpmggmg900001g9k874bic25/service-events route=Route{mototwin.online/195.24.71.143:443} protocol=http/1.1 t=1780731723417
06-06 10:42:03.418 27402 27469 W MototwinNet: phase=requestHeadersStart url=https://mototwin.online/api/vehicles/cmpmggmg900001g9k874bic25/service-events t=1780731723417
06-06 10:42:03.418 27402 27438 W MototwinNet: phase=callStart url=https://mototwin.online/api/vehicles/cmpmggmg900001g9k874bic25/node-tree t=1780731723418
06-06 10:42:03.418 27402 27469 W MototwinNet: phase=requestHeadersEnd url=https://mototwin.online/api/vehicles/cmpmggmg900001g9k874bic25/service-events t=1780731723418
06-06 10:42:03.421 27402 27493 W MototwinNet: phase=connectionAcquired url=https://mototwin.online/api/vehicles/cmpmggmg900001g9k874bic25/node-tree route=Route{mototwin.online/195.24.71.143:443} protocol=http/1.1 t=1780731723421
06-06 10:42:03.421 27402 27493 W MototwinNet: phase=requestHeadersStart url=https://mototwin.online/api/vehicles/cmpmggmg900001g9k874bic25/node-tree t=1780731723421
06-06 10:42:03.422 27402 27493 W MototwinNet: phase=requestHeadersEnd url=https://mototwin.online/api/vehicles/cmpmggmg900001g9k874bic25/node-tree t=1780731723422
06-06 10:42:03.445 27402 27469 W MototwinNet: phase=responseHeadersStart url=https://mototwin.online/api/vehicles/cmpmggmg900001g9k874bic25/service-events t=1780731723445
06-06 10:42:03.445 27402 27469 W MototwinNet: phase=responseHeadersEnd url=https://mototwin.online/api/vehicles/cmpmggmg900001g9k874bic25/service-events t=1780731723445
06-06 10:42:03.449 27402 27469 W MototwinNet: phase=callEnd url=https://mototwin.online/api/vehicles/cmpmggmg900001g9k874bic25/service-events t=1780731723449
06-06 10:42:03.456 27402 27493 W MototwinNet: phase=responseHeadersStart url=https://mototwin.online/api/vehicles/cmpmggmg900001g9k874bic25/node-tree t=1780731723456
06-06 10:42:03.456 27402 27493 W MototwinNet: phase=responseHeadersEnd url=https://mototwin.online/api/vehicles/cmpmggmg900001g9k874bic25/node-tree t=1780731723456
06-06 10:42:03.471 27402 27493 W MototwinNet: phase=callEnd url=https://mototwin.online/api/vehicles/cmpmggmg900001g9k874bic25/node-tree t=1780731723471
06-06 10:42:03.555 27402 27454 W MototwinNet: phase=callFailed:UnknownServiceException:CLEARTEXT communication not enabled for client url=http://127.0.0.1:7691/ingest/26105bb6-0b1c-4ea6-81d5-5f2a1ba438cd t=1780731723555
06-06 10:42:03.655 27402 27437 W ReactNativeJS: '[AUDIT][H12][mobile_api_client_created]', '{"sessionId":"577880","runId":"audit-v9","hypothesisId":"H12","location":"apps/app/src/create-mobile-api-client.ts:39","message":"mobile_api_client_created","data":{"baseUrl":"https://mototwin.online"},"timestamp":1780731723655}'
06-06 10:42:03.656 27402 27437 W ReactNativeJS: '[AUDIT][H1][scheduler_enqueue]', '{"sessionId":"577880","runId":"audit-v2","hypothesisId":"H1","location":"apps/app/src/mobile-api-scheduler.ts:78","message":"scheduler_enqueue","data":{"priority":"high","pathHint":"/api/garage","queueLength":1,"running":2},"timestamp":1780731723656}'
06-06 10:42:03.744 27402 27437 W ReactNativeJS: '[AUDIT][H2][api_request_ok]', '{"sessionId":"577880","runId":"audit-v2","hypothesisId":"H2","location":"packages/api-client/src/fetcher.ts:257","message":"api_request_ok","data":{"path":"/api/vehicles/cmpmggmg900001g9k874bic25/service-events","method":"GET","status":200,"durationMs":348},"timestamp":1780731723744}'
06-06 10:42:03.745 27402 27437 W ReactNativeJS: '[AUDIT][H2][api_request_ok]', '{"sessionId":"577880","runId":"audit-v2","hypothesisId":"H2","location":"packages/api-client/src/fetcher.ts:257","message":"api_request_ok","data":{"path":"/api/vehicles/cmpmggmg900001g9k874bic25/node-tree","method":"GET","status":200,"durationMs":348},"timestamp":1780731723745}'
06-06 10:42:03.747 27402 27437 W ReactNativeJS: '[AUDIT][H1][scheduler_start_task]', '{"sessionId":"577880","runId":"audit-v2","hypothesisId":"H1","location":"apps/app/src/mobile-api-scheduler.ts:40","message":"scheduler_start_task","data":{"priority":"high","pathHint":"/api/garage","queueLength":0,"running":2},"timestamp":1780731723747}'
06-06 10:42:03.747 27402 27437 W ReactNativeJS: '[AUDIT][H12][api_request_target]', '{"sessionId":"577880","runId":"audit-v2","hypothesisId":"H12","location":"packages/api-client/src/fetcher.ts:221","message":"api_request_target","data":{"path":"/api/garage","fullUrl":"https://mototwin.online/api/garage","baseUrl":"https://mototwin.online","credentials":"omit","hasAuthHeader":true,"isMobileClient":true,"maxAttempts":5},"timestamp":1780731723747}'
06-06 10:42:03.747 27402 27437 W ReactNativeJS: '[AUDIT][H2][api_request_start]', '{"sessionId":"577880","runId":"audit-v2","hypothesisId":"H2","location":"packages/api-client/src/fetcher.ts:221","message":"api_request_start","data":{"path":"/api/garage","method":"GET","timeoutMs":7000,"hasSchedulerSignal":true},"timestamp":1780731723747}'
06-06 10:42:03.751 27402 27438 W MototwinNet: phase=callStart url=https://mototwin.online/api/garage t=1780731723751
06-06 10:42:03.760 27402 27454 W MototwinNet: phase=connectionAcquired url=https://mototwin.online/api/garage route=Route{mototwin.online/195.24.71.143:443} protocol=http/1.1 t=1780731723760
06-06 10:42:03.760 27402 27454 W MototwinNet: phase=requestHeadersStart url=https://mototwin.online/api/garage t=1780731723760
06-06 10:42:03.760 27402 27454 W MototwinNet: phase=requestHeadersEnd url=https://mototwin.online/api/garage t=1780731723760
06-06 10:42:03.807 27402 27454 W MototwinNet: phase=responseHeadersStart url=https://mototwin.online/api/garage t=1780731723807
06-06 10:42:03.807 27402 27454 W MototwinNet: phase=responseHeadersEnd url=https://mototwin.online/api/garage t=1780731723807
06-06 10:42:03.809 27402 27454 W MototwinNet: phase=callEnd url=https://mototwin.online/api/garage t=1780731723809
06-06 10:42:03.838 27402 27437 W ReactNativeJS: '[AUDIT][H2][api_request_ok]', '{"sessionId":"577880","runId":"audit-v2","hypothesisId":"H2","location":"packages/api-client/src/fetcher.ts:257","message":"api_request_ok","data":{"path":"/api/garage","method":"GET","status":200,"durationMs":91},"timestamp":1780731723838}'
06-06 10:42:04.851 27402 27437 W ReactNativeJS: '[AUDIT][H12][mobile_api_client_created]', '{"sessionId":"577880","runId":"audit-v9","hypothesisId":"H12","location":"apps/app/src/create-mobile-api-client.ts:39","message":"mobile_api_client_created","data":{"baseUrl":"https://mototwin.online"},"timestamp":1780731724851}'
06-06 10:42:04.852 27402 27437 W ReactNativeJS: '[AUDIT][H1][scheduler_enqueue]', '{"sessionId":"577880","runId":"audit-v2","hypothesisId":"H1","location":"apps/app/src/mobile-api-scheduler.ts:78","message":"scheduler_enqueue","data":{"priority":"normal","pathHint":"/api/subscription/current","queueLength":1,"running":0},"timestamp":1780731724851}'
06-06 10:42:04.852 27402 27437 W ReactNativeJS: '[AUDIT][H1][scheduler_start_task]', '{"sessionId":"577880","runId":"audit-v2","hypothesisId":"H1","location":"apps/app/src/mobile-api-scheduler.ts:40","message":"scheduler_start_task","data":{"priority":"normal","pathHint":"/api/subscription/current","queueLength":0,"running":1},"timestamp":1780731724852}'
06-06 10:42:04.853 27402 27437 W ReactNativeJS: '[AUDIT][H1][scheduler_cancel_low_priority]', '{"sessionId":"577880","runId":"audit-v2","hypothesisId":"H1","location":"apps/app/src/mobile-api-scheduler.ts:118","message":"scheduler_cancel_low_priority","data":{"runningLowPriority":0,"lowQueuedCount":0,"queueLength":0,"running":1},"timestamp":1780731724852}'
06-06 10:42:04.878 27402 27437 W ReactNativeJS: '[AUDIT][H10][vehicle_load_start]', '{"sessionId":"577880","runId":"audit-v6","hypothesisId":"H10","location":"apps/app/app/vehicles/[id]/index.tsx:884","message":"vehicle_load_start","data":{"vehicleId":"cmpmggmg900001g9k874bic25","seq":1,"isInitialLoad":true},"timestamp":1780731724878}'
06-06 10:42:04.878 27402 27437 W ReactNativeJS: '[AUDIT][H1][scheduler_cancel_low_priority]', '{"sessionId":"577880","runId":"audit-v2","hypothesisId":"H1","location":"apps/app/src/mobile-api-scheduler.ts:118","message":"scheduler_cancel_low_priority","data":{"runningLowPriority":0,"lowQueuedCount":0,"queueLength":0,"running":1},"timestamp":1780731724878}'
06-06 10:42:04.879 27402 27437 W ReactNativeJS: '[AUDIT][H12][mobile_api_client_created]', '{"sessionId":"577880","runId":"audit-v9","hypothesisId":"H12","location":"apps/app/src/create-mobile-api-client.ts:39","message":"mobile_api_client_created","data":{"baseUrl":"https://mototwin.online"},"timestamp":1780731724878}'
06-06 10:42:04.879 27402 27437 W ReactNativeJS: '[AUDIT][H1][scheduler_enqueue]', '{"sessionId":"577880","runId":"audit-v2","hypothesisId":"H1","location":"apps/app/src/mobile-api-scheduler.ts:78","message":"scheduler_enqueue","data":{"priority":"high","pathHint":"/api/vehicles/cmpmggmg900001g9k874bic25","queueLength":1,"running":1},"timestamp":1780731724879}'
06-06 10:42:04.879 27402 27437 W ReactNativeJS: '[AUDIT][H1][scheduler_start_task]', '{"sessionId":"577880","runId":"audit-v2","hypothesisId":"H1","location":"apps/app/src/mobile-api-scheduler.ts:40","message":"scheduler_start_task","data":{"priority":"high","pathHint":"/api/vehicles/cmpmggmg900001g9k874bic25","queueLength":0,"running":2},"timestamp":1780731724879}'
06-06 10:42:04.880 27402 27437 W ReactNativeJS: '[AUDIT][H3][route_segments_changed]', '{"sessionId":"577880","runId":"audit-v2","hypothesisId":"H3","location":"apps/app/app/_layout.tsx:90","message":"route_segments_changed","data":{"segments":["vehicles","[id]","nodes"]},"timestamp":1780731724879}'
06-06 10:42:04.880 27402 27437 W ReactNativeJS: '[AUDIT][H12][api_request_target]', '{"sessionId":"577880","runId":"audit-v2","hypothesisId":"H12","location":"packages/api-client/src/fetcher.ts:221","message":"api_request_target","data":{"path":"/api/subscription/current","fullUrl":"https://mototwin.online/api/subscription/current","baseUrl":"https://mototwin.online","credentials":"omit","hasAuthHeader":true,"isMobileClient":true,"maxAttempts":5},"timestamp":1780731724880}'
06-06 10:42:04.880 27402 27437 W ReactNativeJS: '[AUDIT][H2][api_request_start]', '{"sessionId":"577880","runId":"audit-v2","hypothesisId":"H2","location":"packages/api-client/src/fetcher.ts:221","message":"api_request_start","data":{"path":"/api/subscription/current","method":"GET","timeoutMs":7000,"hasSchedulerSignal":true},"timestamp":1780731724880}'
06-06 10:42:04.881 27402 27437 W ReactNativeJS: '[AUDIT][H12][api_request_target]', '{"sessionId":"577880","runId":"audit-v2","hypothesisId":"H12","location":"packages/api-client/src/fetcher.ts:221","message":"api_request_target","data":{"path":"/api/vehicles/cmpmggmg900001g9k874bic25","fullUrl":"https://mototwin.online/api/vehicles/cmpmggmg900001g9k874bic25","baseUrl":"https://mototwin.online","credentials":"omit","hasAuthHeader":true,"isMobileClient":true,"maxAttempts":5},"timestamp":1780731724881}'
06-06 10:42:04.881 27402 27437 W ReactNativeJS: '[AUDIT][H2][api_request_start]', '{"sessionId":"577880","runId":"audit-v2","hypothesisId":"H2","location":"packages/api-client/src/fetcher.ts:221","message":"api_request_start","data":{"path":"/api/vehicles/cmpmggmg900001g9k874bic25","method":"GET","timeoutMs":7000,"hasSchedulerSignal":true},"timestamp":1780731724881}'
06-06 10:42:04.882 27402 27438 W MototwinNet: phase=callStart url=https://mototwin.online/api/subscription/current t=1780731724882
06-06 10:42:04.883 27402 27438 W MototwinNet: phase=callStart url=https://mototwin.online/api/vehicles/cmpmggmg900001g9k874bic25 t=1780731724883
06-06 10:42:04.883 27402 27454 W MototwinNet: phase=connectionAcquired url=https://mototwin.online/api/subscription/current route=Route{mototwin.online/195.24.71.143:443} protocol=http/1.1 t=1780731724883
06-06 10:42:04.883 27402 27454 W MototwinNet: phase=requestHeadersStart url=https://mototwin.online/api/subscription/current t=1780731724883
06-06 10:42:04.883 27402 27454 W MototwinNet: phase=requestHeadersEnd url=https://mototwin.online/api/subscription/current t=1780731724883
06-06 10:42:04.884 27402 27493 W MototwinNet: phase=connectionAcquired url=https://mototwin.online/api/vehicles/cmpmggmg900001g9k874bic25 route=Route{mototwin.online/195.24.71.143:443} protocol=http/1.1 t=1780731724884
06-06 10:42:04.884 27402 27493 W MototwinNet: phase=requestHeadersStart url=https://mototwin.online/api/vehicles/cmpmggmg900001g9k874bic25 t=1780731724884
06-06 10:42:04.885 27402 27493 W MototwinNet: phase=requestHeadersEnd url=https://mototwin.online/api/vehicles/cmpmggmg900001g9k874bic25 t=1780731724885
06-06 10:42:04.899 27402 27454 W MototwinNet: phase=responseHeadersStart url=https://mototwin.online/api/subscription/current t=1780731724898
06-06 10:42:04.899 27402 27454 W MototwinNet: phase=responseHeadersEnd url=https://mototwin.online/api/subscription/current t=1780731724899
06-06 10:42:04.901 27402 27454 W MototwinNet: phase=callEnd url=https://mototwin.online/api/subscription/current t=1780731724901
06-06 10:42:04.904 27402 27493 W MototwinNet: phase=responseHeadersStart url=https://mototwin.online/api/vehicles/cmpmggmg900001g9k874bic25 t=1780731724904
06-06 10:42:04.904 27402 27493 W MototwinNet: phase=responseHeadersEnd url=https://mototwin.online/api/vehicles/cmpmggmg900001g9k874bic25 t=1780731724904
06-06 10:42:04.905 27402 27493 W MototwinNet: phase=callEnd url=https://mototwin.online/api/vehicles/cmpmggmg900001g9k874bic25 t=1780731724905
06-06 10:42:04.913 27402 27437 W ReactNativeJS: '[AUDIT][H2][api_request_ok]', '{"sessionId":"577880","runId":"audit-v2","hypothesisId":"H2","location":"packages/api-client/src/fetcher.ts:257","message":"api_request_ok","data":{"path":"/api/subscription/current","method":"GET","status":200,"durationMs":61},"timestamp":1780731724913}'
06-06 10:42:04.915 27402 27437 W ReactNativeJS: '[AUDIT][H2][api_request_ok]', '{"sessionId":"577880","runId":"audit-v2","hypothesisId":"H2","location":"packages/api-client/src/fetcher.ts:257","message":"api_request_ok","data":{"path":"/api/vehicles/cmpmggmg900001g9k874bic25","method":"GET","status":200,"durationMs":35},"timestamp":1780731724914}'
06-06 10:42:04.927 27402 27437 W ReactNativeJS: '[AUDIT][H10][vehicle_load_ok]', '{"sessionId":"577880","runId":"audit-v6","hypothesisId":"H10","location":"apps/app/app/vehicles/[id]/index.tsx:980","message":"vehicle_load_ok","data":{"vehicleId":"cmpmggmg900001g9k874bic25","seq":1,"isInitialLoad":true,"hasVehicle":true},"timestamp":1780731724927}'
06-06 10:42:04.927 27402 27437 W ReactNativeJS: '[AUDIT][H1][scheduler_enqueue]', '{"sessionId":"577880","runId":"audit-v2","hypothesisId":"H1","location":"apps/app/src/mobile-api-scheduler.ts:78","message":"scheduler_enqueue","data":{"priority":"low","pathHint":"/api/vehicles/cmpmggmg900001g9k874bic25/node-tree","queueLength":1,"running":0},"timestamp":1780731724927}'
06-06 10:42:04.928 27402 27437 W ReactNativeJS: '[AUDIT][H1][scheduler_start_task]', '{"sessionId":"577880","runId":"audit-v2","hypothesisId":"H1","location":"apps/app/src/mobile-api-scheduler.ts:40","message":"scheduler_start_task","data":{"priority":"low","pathHint":"/api/vehicles/cmpmggmg900001g9k874bic25/node-tree","queueLength":0,"running":1},"timestamp":1780731724927}'
06-06 10:42:04.928 27402 27437 W ReactNativeJS: '[AUDIT][H1][scheduler_enqueue]', '{"sessionId":"577880","runId":"audit-v2","hypothesisId":"H1","location":"apps/app/src/mobile-api-scheduler.ts:78","message":"scheduler_enqueue","data":{"priority":"normal","pathHint":"/api/vehicles/cmpmggmg900001g9k874bic25/service-events","queueLength":1,"running":1},"timestamp":1780731724928}'
06-06 10:42:04.928 27402 27437 W ReactNativeJS: '[AUDIT][H1][scheduler_start_task]', '{"sessionId":"577880","runId":"audit-v2","hypothesisId":"H1","location":"apps/app/src/mobile-api-scheduler.ts:40","message":"scheduler_start_task","data":{"priority":"normal","pathHint":"/api/vehicles/cmpmggmg900001g9k874bic25/service-events","queueLength":0,"running":2},"timestamp":1780731724928}'
06-06 10:42:04.928 27402 27437 W ReactNativeJS: '[AUDIT][H12][api_request_target]', '{"sessionId":"577880","runId":"audit-v2","hypothesisId":"H12","location":"packages/api-client/src/fetcher.ts:221","message":"api_request_target","data":{"path":"/api/vehicles/cmpmggmg900001g9k874bic25/node-tree","fullUrl":"https://mototwin.online/api/vehicles/cmpmggmg900001g9k874bic25/node-tree","baseUrl":"https://mototwin.online","credentials":"omit","hasAuthHeader":true,"isMobileClient":true,"maxAttempts":5},"timestamp":1780731724928}'
06-06 10:42:04.929 27402 27437 W ReactNativeJS: '[AUDIT][H2][api_request_start]', '{"sessionId":"577880","runId":"audit-v2","hypothesisId":"H2","location":"packages/api-client/src/fetcher.ts:221","message":"api_request_start","data":{"path":"/api/vehicles/cmpmggmg900001g9k874bic25/node-tree","method":"GET","timeoutMs":7000,"hasSchedulerSignal":true},"timestamp":1780731724928}'
06-06 10:42:04.930 27402 27437 W ReactNativeJS: '[AUDIT][H12][api_request_target]', '{"sessionId":"577880","runId":"audit-v2","hypothesisId":"H12","location":"packages/api-client/src/fetcher.ts:221","message":"api_request_target","data":{"path":"/api/vehicles/cmpmggmg900001g9k874bic25/service-events","fullUrl":"https://mototwin.online/api/vehicles/cmpmggmg900001g9k874bic25/service-events","baseUrl":"https://mototwin.online","credentials":"omit","hasAuthHeader":true,"isMobileClient":true,"maxAttempts":5},"timestamp":1780731724929}'
06-06 10:42:04.930 27402 27437 W ReactNativeJS: '[AUDIT][H2][api_request_start]', '{"sessionId":"577880","runId":"audit-v2","hypothesisId":"H2","location":"packages/api-client/src/fetcher.ts:221","message":"api_request_start","data":{"path":"/api/vehicles/cmpmggmg900001g9k874bic25/service-events","method":"GET","timeoutMs":7000,"hasSchedulerSignal":true},"timestamp":1780731724930}'
06-06 10:42:04.931 27402 27438 W MototwinNet: phase=callStart url=https://mototwin.online/api/vehicles/cmpmggmg900001g9k874bic25/node-tree t=1780731724931
06-06 10:42:04.933 27402 27438 W MototwinNet: phase=callStart url=https://mototwin.online/api/vehicles/cmpmggmg900001g9k874bic25/service-events t=1780731724933
06-06 10:42:04.934 27402 27493 W MototwinNet: phase=connectionAcquired url=https://mototwin.online/api/vehicles/cmpmggmg900001g9k874bic25/node-tree route=Route{mototwin.online/195.24.71.143:443} protocol=http/1.1 t=1780731724934
06-06 10:42:04.934 27402 27493 W MototwinNet: phase=requestHeadersStart url=https://mototwin.online/api/vehicles/cmpmggmg900001g9k874bic25/node-tree t=1780731724934
06-06 10:42:04.934 27402 27454 W MototwinNet: phase=connectionAcquired url=https://mototwin.online/api/vehicles/cmpmggmg900001g9k874bic25/service-events route=Route{mototwin.online/195.24.71.143:443} protocol=http/1.1 t=1780731724934
06-06 10:42:04.934 27402 27493 W MototwinNet: phase=requestHeadersEnd url=https://mototwin.online/api/vehicles/cmpmggmg900001g9k874bic25/node-tree t=1780731724934
06-06 10:42:04.935 27402 27454 W MototwinNet: phase=requestHeadersStart url=https://mototwin.online/api/vehicles/cmpmggmg900001g9k874bic25/service-events t=1780731724935
06-06 10:42:04.935 27402 27454 W MototwinNet: phase=requestHeadersEnd url=https://mototwin.online/api/vehicles/cmpmggmg900001g9k874bic25/service-events t=1780731724935
06-06 10:42:04.966 27402 27454 W MototwinNet: phase=responseHeadersStart url=https://mototwin.online/api/vehicles/cmpmggmg900001g9k874bic25/service-events t=1780731724966
06-06 10:42:04.966 27402 27454 W MototwinNet: phase=responseHeadersEnd url=https://mototwin.online/api/vehicles/cmpmggmg900001g9k874bic25/service-events t=1780731724966
06-06 10:42:04.969 27402 27454 W MototwinNet: phase=callEnd url=https://mototwin.online/api/vehicles/cmpmggmg900001g9k874bic25/service-events t=1780731724969
06-06 10:42:04.978 27402 27493 W MototwinNet: phase=responseHeadersStart url=https://mototwin.online/api/vehicles/cmpmggmg900001g9k874bic25/node-tree t=1780731724978
06-06 10:42:04.978 27402 27493 W MototwinNet: phase=responseHeadersEnd url=https://mototwin.online/api/vehicles/cmpmggmg900001g9k874bic25/node-tree t=1780731724978
06-06 10:42:04.990 27402 27493 W MototwinNet: phase=callEnd url=https://mototwin.online/api/vehicles/cmpmggmg900001g9k874bic25/node-tree t=1780731724990
06-06 10:42:05.009 27402 27437 W ReactNativeJS: '[AUDIT][H12][mobile_api_client_created]', '{"sessionId":"577880","runId":"audit-v9","hypothesisId":"H12","location":"apps/app/src/create-mobile-api-client.ts:39","message":"mobile_api_client_created","data":{"baseUrl":"https://mototwin.online"},"timestamp":1780731725009}'
06-06 10:42:05.009 27402 27437 W ReactNativeJS: '[AUDIT][H1][scheduler_enqueue]', '{"sessionId":"577880","runId":"audit-v2","hypothesisId":"H1","location":"apps/app/src/mobile-api-scheduler.ts:78","message":"scheduler_enqueue","data":{"priority":"high","pathHint":"/api/garage","queueLength":1,"running":2},"timestamp":1780731725009}'
06-06 10:42:05.059 27402 27437 W ReactNativeJS: '[AUDIT][H2][api_request_ok]', '{"sessionId":"577880","runId":"audit-v2","hypothesisId":"H2","location":"packages/api-client/src/fetcher.ts:257","message":"api_request_ok","data":{"path":"/api/vehicles/cmpmggmg900001g9k874bic25/service-events","method":"GET","status":200,"durationMs":131},"timestamp":1780731725059}'
06-06 10:42:05.061 27402 27437 W ReactNativeJS: '[AUDIT][H2][api_request_ok]', '{"sessionId":"577880","runId":"audit-v2","hypothesisId":"H2","location":"packages/api-client/src/fetcher.ts:257","message":"api_request_ok","data":{"path":"/api/vehicles/cmpmggmg900001g9k874bic25/node-tree","method":"GET","status":200,"durationMs":132},"timestamp":1780731725060}'
06-06 10:42:05.063 27402 27437 W ReactNativeJS: '[AUDIT][H1][scheduler_start_task]', '{"sessionId":"577880","runId":"audit-v2","hypothesisId":"H1","location":"apps/app/src/mobile-api-scheduler.ts:40","message":"scheduler_start_task","data":{"priority":"high","pathHint":"/api/garage","queueLength":0,"running":2},"timestamp":1780731725062}'
06-06 10:42:05.063 27402 27437 W ReactNativeJS: '[AUDIT][H12][api_request_target]', '{"sessionId":"577880","runId":"audit-v2","hypothesisId":"H12","location":"packages/api-client/src/fetcher.ts:221","message":"api_request_target","data":{"path":"/api/garage","fullUrl":"https://mototwin.online/api/garage","baseUrl":"https://mototwin.online","credentials":"omit","hasAuthHeader":true,"isMobileClient":true,"maxAttempts":5},"timestamp":1780731725063}'
06-06 10:42:05.063 27402 27437 W ReactNativeJS: '[AUDIT][H2][api_request_start]', '{"sessionId":"577880","runId":"audit-v2","hypothesisId":"H2","location":"packages/api-client/src/fetcher.ts:221","message":"api_request_start","data":{"path":"/api/garage","method":"GET","timeoutMs":7000,"hasSchedulerSignal":true},"timestamp":1780731725063}'
06-06 10:42:05.065 27402 27438 W MototwinNet: phase=callStart url=https://mototwin.online/api/garage t=1780731725065
06-06 10:42:05.067 27402 27437 W ReactNativeJS: '[AUDIT][H1][scheduler_enqueue]', '{"sessionId":"577880","runId":"audit-v2","hypothesisId":"H1","location":"apps/app/src/mobile-api-scheduler.ts:78","message":"scheduler_enqueue","data":{"priority":"normal","pathHint":"/api/nodes/top","queueLength":1,"running":1},"timestamp":1780731725067}'
06-06 10:42:05.068 27402 27437 W ReactNativeJS: '[AUDIT][H1][scheduler_start_task]', '{"sessionId":"577880","runId":"audit-v2","hypothesisId":"H1","location":"apps/app/src/mobile-api-scheduler.ts:40","message":"scheduler_start_task","data":{"priority":"normal","pathHint":"/api/nodes/top","queueLength":0,"running":2},"timestamp":1780731725068}'
06-06 10:42:05.068 27402 27437 W ReactNativeJS: '[AUDIT][H1][scheduler_enqueue]', '{"sessionId":"577880","runId":"audit-v2","hypothesisId":"H1","location":"apps/app/src/mobile-api-scheduler.ts:78","message":"scheduler_enqueue","data":{"priority":"normal","pathHint":"/api/expenses?year=2026&vehicleId=cmpmggmg900001g9k874bic25","queueLength":1,"running":2},"timestamp":1780731725068}'
06-06 10:42:05.069 27402 27437 W ReactNativeJS: '[AUDIT][H1][scheduler_enqueue]', '{"sessionId":"577880","runId":"audit-v2","hypothesisId":"H1","location":"apps/app/src/mobile-api-scheduler.ts:78","message":"scheduler_enqueue","data":{"priority":"high","pathHint":"/api/vehicles/cmpmggmg900001g9k874bic25/wishlist","queueLength":2,"running":2},"timestamp":1780731725068}'
06-06 10:42:05.069 27402 27437 W ReactNativeJS: '[AUDIT][H12][api_request_target]', '{"sessionId":"577880","runId":"audit-v2","hypothesisId":"H12","location":"packages/api-client/src/fetcher.ts:221","message":"api_request_target","data":{"path":"/api/nodes/top","fullUrl":"https://mototwin.online/api/nodes/top","baseUrl":"https://mototwin.online","credentials":"omit","hasAuthHeader":true,"isMobileClient":true,"maxAttempts":5},"timestamp":1780731725069}'
